23.89.137.242 - - [20/Apr/2014:01:22:58 +0200] "GET /forum/4 HTTP/1.0" 200 23945 www.porygondex.com "http://www.porygondex.com/forum/4" "Opera/9.80 (Windows NT 6.1; WOW64) Presto/2.12.388 Version/12.16" "-"
188.165.223.222 - - [20/Apr/2014:01:23:00 +0200] "GET /forum/1 HTTP/1.0" 200 15746 www.porygondex.com "http://www.porygondex.com/forum/1" "Mozilla/5.0 (Windows NT 6.1; WOW64) AppleWebKit/537.36 (KHTML, like Gecko) Chrome/31.0.1650.63 Safari/537.36 OPR/18.0.1284.68" "-"
188.165.223.222 - - [20/Apr/2014:01:23:02 +0200] "GET /forum/4 HTTP/1.0" 200 23945 www.porygondex.com "http://www.porygondex.com/4" "Mozilla/5.0 (Windows NT 6.1; WOW64) AppleWebKit/537.36 (KHTML, like Gecko) Chrome/31.0.1650.63 Safari/537.36 OPR/18.0.1284.68" "-"
188.165.223.222 - - [20/Apr/2014:01:23:05 +0200] "GET /forum/4 HTTP/1.0" 200 23945 www.porygondex.com "http://www.porygondex.com/forum/4" "Mozilla/5.0 (Windows NT 6.1; WOW64) AppleWebKit/537.36 (KHTML, like Gecko) Chrome/31.0.1650.63 Safari/537.36 OPR/18.0.1284.68" "-"
172.246.198.179 - - [20/Apr/2014:01:25:34 +0200] "GET /node/56 HTTP/1.0" 200 16692 www.porygondex.com "http://www.porygondex.com/node/56" "Mozilla/5.0 (Windows NT 6.1) AppleWebKit/537.36 (KHTML, like Gecko) Chrome/33.0.1750.117 Safari/537.36" "-"
172.246.198.179 - - [20/Apr/2014:01:25:37 +0200] "GET /user HTTP/1.0" 200 9914 www.porygondex.com "http://www.porygondex.com/user" "Mozilla/5.0 (Windows NT 6.1) AppleWebKit/537.36 (KHTML, like Gecko) Chrome/33.0.1750.117 Safari/537.36" "-"
172.246.198.179 - - [20/Apr/2014:01:25:46 +0200] "POST /user HTTP/1.0" 200 10153 www.porygondex.com "http://www.porygondex.com/user" "Mozilla/5.0 (Windows NT 6.1) AppleWebKit/537.36 (KHTML, like Gecko) Chrome/33.0.1750.117 Safari/537.36" "-"
172.246.198.179 - - [20/Apr/2014:01:25:48 +0200] "GET /forum HTTP/1.0" 200 17656 www.porygondex.com "http://www.porygondex.com/forum" "Mozilla/5.0 (Windows NT 6.1) AppleWebKit/537.36 (KHTML, like Gecko) Chrome/33.0.1750.117 Safari/537.36" "-"
172.246.198.179 - - [20/Apr/2014:01:25:49 +0200] "GET /forum/1 HTTP/1.0" 200 15746 www.porygondex.com "http://www.porygondex.com/forum/1" "Mozilla/5.0 (Windows NT 6.1) AppleWebKit/537.36 (KHTML, like Gecko) Chrome/33.0.1750.117 Safari/537.36" "-"
172.246.198.179 - - [20/Apr/2014:01:25:56 +0200] "GET /forum/1 HTTP/1.0" 200 15746 www.porygondex.com "http://www.porygondex.com/forum/1" "Mozilla/5.0 (Windows NT 6.1) AppleWebKit/537.36 (KHTML, like Gecko) Chrome/33.0.1750.117 Safari/537.36" "-"
172.246.198.179 - - [20/Apr/2014:01:26:08 +0200] "GET /forum/4 HTTP/1.0" 200 23945 www.porygondex.com "http://www.porygondex.com/4" "Mozilla/5.0 (Windows NT 6.1) AppleWebKit/537.36 (KHTML, like Gecko) Chrome/33.0.1750.117 Safari/537.36" "-"
172.246.198.179 - - [20/Apr/2014:01:26:17 +0200] "GET /forum/4 HTTP/1.0" 200 23945 www.porygondex.com "http://www.porygondex.com/forum/4" "Mozilla/5.0 (Windows NT 6.1) AppleWebKit/537.36 (KHTML, like Gecko) Chrome/33.0.1750.117 Safari/537.36" "-"
37.187.135.29 - - [20/Apr/2014:01:27:08 +0200] "GET /node/56 HTTP/1.0" 200 16692 www.porygondex.com "http://www.porygondex.com/node/56" "Mozilla/5.0 (Windows NT 6.1) AppleWebKit/537.36 (KHTML, like Gecko) Chrome/32.0.1700.102 Safari/537.36" "-"
192.157.235.172 - - [20/Apr/2014:01:27:17 +0200] "GET /node/56 HTTP/1.0" 200 16692 www.porygondex.com "http://www.porygondex.com/node/56" "Opera/9.80 (Windows NT 5.1) Presto/2.12.388 Version/12.16" "-"
37.187.135.29 - - [20/Apr/2014:01:27:20 +0200] "GET /user HTTP/1.0" 200 9914 www.porygondex.com "http://www.porygondex.com/user" "Mozilla/5.0 (Windows NT 6.1) AppleWebKit/537.36 (KHTML, like Gecko) Chrome/32.0.1700.102 Safari/537.36" "-"
37.187.135.29 - - [20/Apr/2014:01:27:20 +0200] "POST /user HTTP/1.0" 200 10159 www.porygondex.com "http://www.porygondex.com/user" "Mozilla/5.0 (Windows NT 6.1) AppleWebKit/537.36 (KHTML, like Gecko) Chrome/32.0.1700.102 Safari/537.36" "-"
37.187.135.29 - - [20/Apr/2014:01:27:21 +0200] "GET /forum HTTP/1.0" 200 17656 www.porygondex.com "http://www.porygondex.com/forum" "Mozilla/5.0 (Windows NT 6.1) AppleWebKit/537.36 (KHTML, like Gecko) Chrome/32.0.1700.102 Safari/537.36" "-"
192.157.235.172 - - [20/Apr/2014:01:27:22 +0200] "GET /user HTTP/1.0" 200 9914 www.porygondex.com "http://www.porygondex.com/user" "Opera/9.80 (Windows NT 5.1) Presto/2.12.388 Version/12.16" "-"
192.157.235.172 - - [20/Apr/2014:01:27:23 +0200] "POST /user HTTP/1.0" 200 10153 www.porygondex.com "http://www.porygondex.com/user" "Opera/9.80 (Windows NT 5.1) Presto/2.12.388 Version/12.16" "-"
37.187.135.29 - - [20/Apr/2014:01:27:23 +0200] "GET /forum/1 HTTP/1.0" 200 15746 www.porygondex.com "http://www.porygondex.com/forum/1" "Mozilla/5.0 (Windows NT 6.1) AppleWebKit/537.36 (KHTML, like Gecko) Chrome/32.0.1700.102 Safari/537.36" "-"
37.187.135.29 - - [20/Apr/2014:01:27:24 +0200] "GET /forum/1 HTTP/1.0" 200 15746 www.porygondex.com "http://www.porygondex.com/forum/1" "Mozilla/5.0 (Windows NT 6.1) AppleWebKit/537.36 (KHTML, like Gecko) Chrome/32.0.1700.102 Safari/537.36" "-"
192.157.235.172 - - [20/Apr/2014:01:27:25 +0200] "GET /forum HTTP/1.0" 200 17656 www.porygondex.com "http://www.porygondex.com/forum" "Opera/9.80 (Windows NT 5.1) Presto/2.12.388 Version/12.16" "-"
37.187.135.29 - - [20/Apr/2014:01:27:25 +0200] "GET /forum/4 HTTP/1.0" 200 23945 www.porygondex.com "http://www.porygondex.com/4" "Mozilla/5.0 (Windows NT 6.1) AppleWebKit/537.36 (KHTML, like Gecko) Chrome/32.0.1700.102 Safari/537.36" "-"
93.115.84.202 - - [20/Apr/2014:01:27:26 +0200] "GET /?q=user/register HTTP/1.1" 200 12441 www.porygondex.com "https://www.google.com/" "Mozilla/5.0 (Windows NT 6.1; WOW64; rv:24.0) Gecko/20100101 Firefox/24.0" "-"
37.187.135.29 - - [20/Apr/2014:01:27:26 +0200] "GET /forum/4 HTTP/1.0" 200 23945 www.porygondex.com "http://www.porygondex.com/forum/4" "Mozilla/5.0 (Windows NT 6.1) AppleWebKit/537.36 (KHTML, like Gecko) Chrome/32.0.1700.102 Safari/537.36" "-"
192.157.235.172 - - [20/Apr/2014:01:27:26 +0200] "GET /forum/1 HTTP/1.0" 200 15746 www.porygondex.com "http://www.porygondex.com/forum/1" "Opera/9.80 (Windows NT 5.1) Presto/2.12.388 Version/12.16" "-"
93.115.84.202 - - [20/Apr/2014:01:27:27 +0200] "POST /?q=user/register HTTP/1.1" 200 12738 www.porygondex.com "http://www.porygondex.com/?q=user/register" "Mozilla/5.0 (Windows NT 6.1; WOW64; rv:24.0) Gecko/20100101 Firefox/24.0" "-"
192.157.235.172 - - [20/Apr/2014:01:27:28 +0200] "GET /forum/1 HTTP/1.0" 200 15746 www.porygondex.com "http://www.porygondex.com/forum/1" "Opera/9.80 (Windows NT 5.1) Presto/2.12.388 Version/12.16" "-"
192.157.235.172 - - [20/Apr/2014:01:27:31 +0200] "GET /forum/4 HTTP/1.0" 200 23945 www.porygondex.com "http://www.porygondex.com/4" "Opera/9.80 (Windows NT 5.1) Presto/2.12.388 Version/12.16" "-"
192.157.235.172 - - [20/Apr/2014:01:27:33 +0200] "GET /forum/4 HTTP/1.0" 200 23945 www.porygondex.com "http://www.porygondex.com/forum/4" "Opera/9.80 (Windows NT 5.1) Presto/2.12.388 Version/12.16" "-"
37.187.135.29 - - [20/Apr/2014:01:28:14 +0200] "GET /node/56 HTTP/1.0" 200 16692 www.porygondex.com "http://www.porygondex.com/node/56" "Mozilla/5.0 (Windows NT 6.2; WOW64) AppleWebKit/537.36 (KHTML, like Gecko) Chrome/32.0.1700.107 Safari/537.36" "-"
37.187.135.29 - - [20/Apr/2014:01:28:19 +0200] "GET /user HTTP/1.0" 200 9914 www.porygondex.com "http://www.porygondex.com/user" "Mozilla/5.0 (Windows NT 6.2; WOW64) AppleWebKit/537.36 (KHTML, like Gecko) Chrome/32.0.1700.107 Safari/537.36" "-"
37.187.135.29 - - [20/Apr/2014:01:28:24 +0200] "POST /user HTTP/1.0" 200 10167 www.porygondex.com "http://www.porygondex.com/user" "Mozilla/5.0 (Windows NT 6.2; WOW64) AppleWebKit/537.36 (KHTML, like Gecko) Chrome/32.0.1700.107 Safari/537.36" "-"
37.187.135.29 - - [20/Apr/2014:01:28:28 +0200] "GET /forum HTTP/1.0" 200 17656 www.porygondex.com "http://www.porygondex.com/forum" "Mozilla/5.0 (Windows NT 6.2; WOW64) AppleWebKit/537.36 (KHTML, like Gecko) Chrome/32.0.1700.107 Safari/537.36" "-"
37.187.135.29 - - [20/Apr/2014:01:28:35 +0200] "GET /forum/1 HTTP/1.0" 200 15746 www.porygondex.com "http://www.porygondex.com/forum/1" "Mozilla/5.0 (Windows NT 6.2; WOW64) AppleWebKit/537.36 (KHTML, like Gecko) Chrome/32.0.1700.107 Safari/537.36" "-"
37.187.135.29 - - [20/Apr/2014:01:28:42 +0200] "GET /forum/1 HTTP/1.0" 200 15746 www.porygondex.com "http://www.porygondex.com/forum/1" "Mozilla/5.0 (Windows NT 6.2; WOW64) AppleWebKit/537.36 (KHTML, like Gecko) Chrome/32.0.1700.107 Safari/537.36" "-"
37.187.135.29 - - [20/Apr/2014:01:28:50 +0200] "GET /forum/4 HTTP/1.0" 200 23945 www.porygondex.com "http://www.porygondex.com/4" "Mozilla/5.0 (Windows NT 6.2; WOW64) AppleWebKit/537.36 (KHTML, like Gecko) Chrome/32.0.1700.107 Safari/537.36" "-"
37.187.135.29 - - [20/Apr/2014:01:28:55 +0200] "GET /forum/4 HTTP/1.0" 200 23945 www.porygondex.com "http://www.porygondex.com/forum/4" "Mozilla/5.0 (Windows NT 6.2; WOW64) AppleWebKit/537.36 (KHTML, like Gecko) Chrome/32.0.1700.107 Safari/537.36" "-"
192.157.235.172 - - [20/Apr/2014:01:29:18 +0200] "GET /node/56 HTTP/1.0" 200 16692 www.porygondex.com "http://www.porygondex.com/node/56" "Mozilla/5.0 (Windows NT 6.1; rv:27.0) Gecko/20100101 Firefox/27.0" "-"
192.157.235.172 - - [20/Apr/2014:01:29:20 +0200] "GET /user HTTP/1.0" 200 9914 www.porygondex.com "http://www.porygondex.com/user" "Mozilla/5.0 (Windows NT 6.1; rv:27.0) Gecko/20100101 Firefox/27.0" "-"
192.157.235.172 - - [20/Apr/2014:01:29:20 +0200] "POST /user HTTP/1.0" 200 10155 www.porygondex.com "http://www.porygondex.com/user" "Mozilla/5.0 (Windows NT 6.1; rv:27.0) Gecko/20100101 Firefox/27.0" "-"
192.157.235.172 - - [20/Apr/2014:01:29:22 +0200] "GET /forum HTTP/1.0" 200 17656 www.porygondex.com "http://www.porygondex.com/forum" "Mozilla/5.0 (Windows NT 6.1; rv:27.0) Gecko/20100101 Firefox/27.0" "-"
192.157.235.172 - - [20/Apr/2014:01:29:24 +0200] "GET /forum/1 HTTP/1.0" 200 15746 www.porygondex.com "http://www.porygondex.com/forum/1" "Mozilla/5.0 (Windows NT 6.1; rv:27.0) Gecko/20100101 Firefox/27.0" "-"
192.157.235.172 - - [20/Apr/2014:01:29:28 +0200] "GET /forum/1 HTTP/1.0" 200 15746 www.porygondex.com "http://www.porygondex.com/forum/1" "Mozilla/5.0 (Windows NT 6.1; rv:27.0) Gecko/20100101 Firefox/27.0" "-"
192.157.235.172 - - [20/Apr/2014:01:29:31 +0200] "GET /forum/4 HTTP/1.0" 200 23945 www.porygondex.com "http://www.porygondex.com/4" "Mozilla/5.0 (Windows NT 6.1; rv:27.0) Gecko/20100101 Firefox/27.0" "-"
192.157.235.172 - - [20/Apr/2014:01:29:33 +0200] "GET /forum/4 HTTP/1.0" 200 23945 www.porygondex.com "http://www.porygondex.com/forum/4" "Mozilla/5.0 (Windows NT 6.1; rv:27.0) Gecko/20100101 Firefox/27.0" "-"
23.89.137.242 - - [20/Apr/2014:01:31:17 +0200] "GET /node/56 HTTP/1.0" 200 16692 www.porygondex.com "http://www.porygondex.com/node/56" "Mozilla/5.0 (Windows NT 6.2; WOW64) AppleWebKit/537.36 (KHTML, like Gecko) Chrome/32.0.1700.107 Safari/537.36" "-"
23.89.137.242 - - [20/Apr/2014:01:31:21 +0200] "GET /user HTTP/1.0" 200 9914 www.porygondex.com "http://www.porygondex.com/user" "Mozilla/5.0 (Windows NT 6.2; WOW64) AppleWebKit/537.36 (KHTML, like Gecko) Chrome/32.0.1700.107 Safari/537.36" "-"
23.89.137.242 - - [20/Apr/2014:01:31:22 +0200] "POST /user HTTP/1.0" 200 10169 www.porygondex.com "http://www.porygondex.com/user" "Mozilla/5.0 (Windows NT 6.2; WOW64) AppleWebKit/537.36 (KHTML, like Gecko) Chrome/32.0.1700.107 Safari/537.36" "-"
23.89.137.242 - - [20/Apr/2014:01:31:24 +0200] "GET /forum HTTP/1.0" 200 17656 www.porygondex.com "http://www.porygondex.com/forum" "Mozilla/5.0 (Windows NT 6.2; WOW64) AppleWebKit/537.36 (KHTML, like Gecko) Chrome/32.0.1700.107 Safari/537.36" "-"
23.89.137.242 - - [20/Apr/2014:01:31:25 +0200] "GET /forum/1 HTTP/1.0" 200 15746 www.porygondex.com "http://www.porygondex.com/forum/1" "Mozilla/5.0 (Windows NT 6.2; WOW64) AppleWebKit/537.36 (KHTML, like Gecko) Chrome/32.0.1700.107 Safari/537.36" "-"
23.89.137.242 - - [20/Apr/2014:01:31:31 +0200] "GET /forum/1 HTTP/1.0" 200 15746 www.porygondex.com "http://www.porygondex.com/forum/1" "Mozilla/5.0 (Windows NT 6.2; WOW64) AppleWebKit/537.36 (KHTML, like Gecko) Chrome/32.0.1700.107 Safari/537.36" "-"
23.89.137.242 - - [20/Apr/2014:01:31:33 +0200] "GET /forum/4 HTTP/1.0" 200 23945 www.porygondex.com "http://www.porygondex.com/4" "Mozilla/5.0 (Windows NT 6.2; WOW64) AppleWebKit/537.36 (KHTML, like Gecko) Chrome/32.0.1700.107 Safari/537.36" "-"
23.89.137.242 - - [20/Apr/2014:01:31:37 +0200] "GET /forum/4 HTTP/1.0" 200 23945 www.porygondex.com "http://www.porygondex.com/forum/4" "Mozilla/5.0 (Windows NT 6.2; WOW64) AppleWebKit/537.36 (KHTML, like Gecko) Chrome/32.0.1700.107 Safari/537.36" "-"
172.246.198.179 - - [20/Apr/2014:01:33:56 +0200] "GET /node/56 HTTP/1.0" 200 16692 www.porygondex.com "http://www.porygondex.com/node/56" "Mozilla/5.0 (Windows NT 6.1; WOW64) AppleWebKit/537.36 (KHTML, like Gecko) Chrome/31.0.1650.63 Safari/537.36 OPR/18.0.1284.68" "-"
172.246.198.179 - - [20/Apr/2014:01:33:58 +0200] "GET /user HTTP/1.0" 200 9914 www.porygondex.com "http://www.porygondex.com/user" "Mozilla/5.0 (Windows NT 6.1; WOW64) AppleWebKit/537.36 (KHTML, like Gecko) Chrome/31.0.1650.63 Safari/537.36 OPR/18.0.1284.68" "-"
172.246.198.179 - - [20/Apr/2014:01:33:59 +0200] "POST /user HTTP/1.0" 200 10153 www.porygondex.com "http://www.porygondex.com/user" "Mozilla/5.0 (Windows NT 6.1; WOW64) AppleWebKit/537.36 (KHTML, like Gecko) Chrome/31.0.1650.63 Safari/537.36 OPR/18.0.1284.68" "-"
172.246.198.179 - - [20/Apr/2014:01:34:00 +0200] "GET /forum HTTP/1.0" 200 17656 www.porygondex.com "http://www.porygondex.com/forum" "Mozilla/5.0 (Windows NT 6.1; WOW64) AppleWebKit/537.36 (KHTML, like Gecko) Chrome/31.0.1650.63 Safari/537.36 OPR/18.0.1284.68" "-"
172.246.198.179 - - [20/Apr/2014:01:34:02 +0200] "GET /forum/1 HTTP/1.0" 200 15746 www.porygondex.com "http://www.porygondex.com/forum/1" "Mozilla/5.0 (Windows NT 6.1; WOW64) AppleWebKit/537.36 (KHTML, like Gecko) Chrome/31.0.1650.63 Safari/537.36 OPR/18.0.1284.68" "-"
172.246.198.179 - - [20/Apr/2014:01:34:04 +0200] "GET /forum/1 HTTP/1.0" 200 15746 www.porygondex.com "http://www.porygondex.com/forum/1" "Mozilla/5.0 (Windows NT 6.1; WOW64) AppleWebKit/537.36 (KHTML, like Gecko) Chrome/31.0.1650.63 Safari/537.36 OPR/18.0.1284.68" "-"
172.246.198.179 - - [20/Apr/2014:01:34:06 +0200] "GET /forum/4 HTTP/1.0" 200 23945 www.porygondex.com "http://www.porygondex.com/4" "Mozilla/5.0 (Windows NT 6.1; WOW64) AppleWebKit/537.36 (KHTML, like Gecko) Chrome/31.0.1650.63 Safari/537.36 OPR/18.0.1284.68" "-"
172.246.198.179 - - [20/Apr/2014:01:34:08 +0200] "GET /forum/4 HTTP/1.0" 200 23945 www.porygondex.com "http://www.porygondex.com/forum/4" "Mozilla/5.0 (Windows NT 6.1; WOW64) AppleWebKit/537.36 (KHTML, like Gecko) Chrome/31.0.1650.63 Safari/537.36 OPR/18.0.1284.68" "-"
192.157.235.84 - - [20/Apr/2014:01:36:45 +0200] "GET /node/56 HTTP/1.0" 200 16692 www.porygondex.com "http://www.porygondex.com/node/56" "Mozilla/5.0 (Windows NT 6.1; WOW64) AppleWebKit/537.36 (KHTML, like Gecko) Chrome/30.0.1599.13014 YaBrowser/13.12.1599.13014 Safari/537.36" "-"
192.157.235.84 - - [20/Apr/2014:01:36:47 +0200] "GET /user HTTP/1.0" 200 9914 www.porygondex.com "http://www.porygondex.com/user" "Mozilla/5.0 (Windows NT 6.1; WOW64) AppleWebKit/537.36 (KHTML, like Gecko) Chrome/30.0.1599.13014 YaBrowser/13.12.1599.13014 Safari/537.36" "-"
192.157.235.84 - - [20/Apr/2014:01:36:47 +0200] "POST /user HTTP/1.0" 200 10167 www.porygondex.com "http://www.porygondex.com/user" "Mozilla/5.0 (Windows NT 6.1; WOW64) AppleWebKit/537.36 (KHTML, like Gecko) Chrome/30.0.1599.13014 YaBrowser/13.12.1599.13014 Safari/537.36" "-"
192.157.235.84 - - [20/Apr/2014:01:36:48 +0200] "GET /user/password?name=carpinteyrolav HTTP/1.0" 200 9621 www.porygondex.com "http://www.porygondex.com/user/password?name=carpinteyrolav" "Mozilla/5.0 (Windows NT 6.1; WOW64) AppleWebKit/537.36 (KHTML, like Gecko) Chrome/30.0.1599.13014 YaBrowser/13.12.1599.13014 Safari/537.36" "-"
192.157.235.84 - - [20/Apr/2014:01:36:49 +0200] "POST /user/password?name=carpinteyrolav HTTP/1.0" 200 - www.porygondex.com "http://www.porygondex.com/user/password?name=carpinteyrolav" "Mozilla/5.0 (Windows NT 6.1; WOW64) AppleWebKit/537.36 (KHTML, like Gecko) Chrome/30.0.1599.13014 YaBrowser/13.12.1599.13014 Safari/537.36" "-"
192.157.235.84 - - [20/Apr/2014:01:36:50 +0200] "GET / HTTP/1.0" 200 38298 www.porygondex.com "http://www.porygondex.com/" "Mozilla/5.0 (Windows NT 6.1; WOW64) AppleWebKit/537.36 (KHTML, like Gecko) Chrome/30.0.1599.13014 YaBrowser/13.12.1599.13014 Safari/537.36" "-"
192.157.235.84 - - [20/Apr/2014:01:36:51 +0200] "GET /node/56 HTTP/1.0" 200 16692 www.porygondex.com "http://www.porygondex.com/node/56" "Mozilla/5.0 (Windows NT 6.1; WOW64) AppleWebKit/537.36 (KHTML, like Gecko) Chrome/30.0.1599.13014 YaBrowser/13.12.1599.13014 Safari/537.36" "-"
192.157.235.84 - - [20/Apr/2014:01:36:53 +0200] "GET /node/773 HTTP/1.0" 200 16466 www.porygondex.com "http://www.porygondex.com/773" "Mozilla/5.0 (Windows NT 6.1; WOW64) AppleWebKit/537.36 (KHTML, like Gecko) Chrome/30.0.1599.13014 YaBrowser/13.12.1599.13014 Safari/537.36" "-"
192.157.235.84 - - [20/Apr/2014:01:36:54 +0200] "GET /node/772 HTTP/1.0" 200 16528 www.porygondex.com "http://www.porygondex.com/772" "Mozilla/5.0 (Windows NT 6.1; WOW64) AppleWebKit/537.36 (KHTML, like Gecko) Chrome/30.0.1599.13014 YaBrowser/13.12.1599.13014 Safari/537.36" "-"
192.157.235.84 - - [20/Apr/2014:01:36:56 +0200] "GET /node/771 HTTP/1.0" 200 16287 www.porygondex.com "http://www.porygondex.com/771" "Mozilla/5.0 (Windows NT 6.1; WOW64) AppleWebKit/537.36 (KHTML, like Gecko) Chrome/30.0.1599.13014 YaBrowser/13.12.1599.13014 Safari/537.36" "-"
192.157.235.84 - - [20/Apr/2014:01:36:58 +0200] "GET /node/770 HTTP/1.0" 200 17002 www.porygondex.com "http://www.porygondex.com/770" "Mozilla/5.0 (Windows NT 6.1; WOW64) AppleWebKit/537.36 (KHTML, like Gecko) Chrome/30.0.1599.13014 YaBrowser/13.12.1599.13014 Safari/537.36" "-"
23.89.137.242 - - [20/Apr/2014:01:36:58 +0200] "GET /node/56 HTTP/1.0" 200 16692 www.porygondex.com "http://www.porygondex.com/node/56" "Mozilla/5.0 (Windows NT 6.1) AppleWebKit/537.36 (KHTML, like Gecko) Chrome/30.0.1599.12785 YaBrowser/13.12.1599.12785 Safari/537.36" "-"
23.89.137.242 - - [20/Apr/2014:01:37:00 +0200] "GET /user HTTP/1.0" 200 9914 www.porygondex.com "http://www.porygondex.com/user" "Mozilla/5.0 (Windows NT 6.1) AppleWebKit/537.36 (KHTML, like Gecko) Chrome/30.0.1599.12785 YaBrowser/13.12.1599.12785 Safari/537.36" "-"
192.157.235.84 - - [20/Apr/2014:01:37:00 +0200] "GET /node/769 HTTP/1.0" 200 16515 www.porygondex.com "http://www.porygondex.com/769" "Mozilla/5.0 (Windows NT 6.1; WOW64) AppleWebKit/537.36 (KHTML, like Gecko) Chrome/30.0.1599.13014 YaBrowser/13.12.1599.13014 Safari/537.36" "-"
192.157.235.84 - - [20/Apr/2014:01:37:02 +0200] "GET /node/768 HTTP/1.0" 200 16811 www.porygondex.com "http://www.porygondex.com/768" "Mozilla/5.0 (Windows NT 6.1; WOW64) AppleWebKit/537.36 (KHTML, like Gecko) Chrome/30.0.1599.13014 YaBrowser/13.12.1599.13014 Safari/537.36" "-"
23.89.137.242 - - [20/Apr/2014:01:37:02 +0200] "POST /user HTTP/1.0" 200 10167 www.porygondex.com "http://www.porygondex.com/user" "Mozilla/5.0 (Windows NT 6.1) AppleWebKit/537.36 (KHTML, like Gecko) Chrome/30.0.1599.12785 YaBrowser/13.12.1599.12785 Safari/537.36" "-"
192.157.235.84 - - [20/Apr/2014:01:37:04 +0200] "GET /node/767 HTTP/1.0" 200 16337 www.porygondex.com "http://www.porygondex.com/767" "Mozilla/5.0 (Windows NT 6.1; WOW64) AppleWebKit/537.36 (KHTML, like Gecko) Chrome/30.0.1599.13014 YaBrowser/13.12.1599.13014 Safari/537.36" "-"
23.89.137.242 - - [20/Apr/2014:01:37:04 +0200] "GET /forum HTTP/1.0" 200 17656 www.porygondex.com "http://www.porygondex.com/forum" "Mozilla/5.0 (Windows NT 6.1) AppleWebKit/537.36 (KHTML, like Gecko) Chrome/30.0.1599.12785 YaBrowser/13.12.1599.12785 Safari/537.36" "-"
192.157.235.84 - - [20/Apr/2014:01:37:06 +0200] "GET /node/766 HTTP/1.0" 200 17013 www.porygondex.com "http://www.porygondex.com/766" "Mozilla/5.0 (Windows NT 6.1; WOW64) AppleWebKit/537.36 (KHTML, like Gecko) Chrome/30.0.1599.13014 YaBrowser/13.12.1599.13014 Safari/537.36" "-"
23.89.137.242 - - [20/Apr/2014:01:37:06 +0200] "GET /forum/1 HTTP/1.0" 200 15746 www.porygondex.com "http://www.porygondex.com/forum/1" "Mozilla/5.0 (Windows NT 6.1) AppleWebKit/537.36 (KHTML, like Gecko) Chrome/30.0.1599.12785 YaBrowser/13.12.1599.12785 Safari/537.36" "-"
23.89.137.242 - - [20/Apr/2014:01:37:07 +0200] "GET /forum/1 HTTP/1.0" 200 15746 www.porygondex.com "http://www.porygondex.com/forum/1" "Mozilla/5.0 (Windows NT 6.1) AppleWebKit/537.36 (KHTML, like Gecko) Chrome/30.0.1599.12785 YaBrowser/13.12.1599.12785 Safari/537.36" "-"
192.157.235.84 - - [20/Apr/2014:01:37:08 +0200] "GET /node/765 HTTP/1.0" 200 16558 www.porygondex.com "http://www.porygondex.com/765" "Mozilla/5.0 (Windows NT 6.1; WOW64) AppleWebKit/537.36 (KHTML, like Gecko) Chrome/30.0.1599.13014 YaBrowser/13.12.1599.13014 Safari/537.36" "-"
192.157.235.84 - - [20/Apr/2014:01:37:09 +0200] "GET /node/764 HTTP/1.0" 200 17028 www.porygondex.com "http://www.porygondex.com/764" "Mozilla/5.0 (Windows NT 6.1; WOW64) AppleWebKit/537.36 (KHTML, like Gecko) Chrome/30.0.1599.13014 YaBrowser/13.12.1599.13014 Safari/537.36" "-"
192.157.235.84 - - [20/Apr/2014:01:37:10 +0200] "GET /forum HTTP/1.0" 200 17656 www.porygondex.com "http://www.porygondex.com/forum" "Mozilla/5.0 (Windows NT 6.1; WOW64) AppleWebKit/537.36 (KHTML, like Gecko) Chrome/30.0.1599.13014 YaBrowser/13.12.1599.13014 Safari/537.36" "-"
23.89.137.242 - - [20/Apr/2014:01:37:10 +0200] "GET /forum/4 HTTP/1.0" 200 23945 www.porygondex.com "http://www.porygondex.com/4" "Mozilla/5.0 (Windows NT 6.1) AppleWebKit/537.36 (KHTML, like Gecko) Chrome/30.0.1599.12785 YaBrowser/13.12.1599.12785 Safari/537.36" "-"
192.157.235.84 - - [20/Apr/2014:01:37:12 +0200] "GET /forum/1 HTTP/1.0" 200 15746 www.porygondex.com "http://www.porygondex.com/forum/1" "Mozilla/5.0 (Windows NT 6.1; WOW64) AppleWebKit/537.36 (KHTML, like Gecko) Chrome/30.0.1599.13014 YaBrowser/13.12.1599.13014 Safari/537.36" "-"
23.89.137.242 - - [20/Apr/2014:01:37:13 +0200] "GET /forum/4 HTTP/1.0" 200 23945 www.porygondex.com "http://www.porygondex.com/forum/4" "Mozilla/5.0 (Windows NT 6.1) AppleWebKit/537.36 (KHTML, like Gecko) Chrome/30.0.1599.12785 YaBrowser/13.12.1599.12785 Safari/537.36" "-"
192.157.235.84 - - [20/Apr/2014:01:37:15 +0200] "GET /forum/1 HTTP/1.0" 200 15746 www.porygondex.com "http://www.porygondex.com/forum/1" "Mozilla/5.0 (Windows NT 6.1; WOW64) AppleWebKit/537.36 (KHTML, like Gecko) Chrome/30.0.1599.13014 YaBrowser/13.12.1599.13014 Safari/537.36" "-"
23.88.74.42 - - [20/Apr/2014:01:39:03 +0200] "GET /node/56 HTTP/1.0" 200 16692 www.porygondex.com "http://www.porygondex.com/node/56" "Mozilla/5.0 (Windows NT 5.1; rv:26.0) Gecko/20100101 Firefox/26.0" "-"
23.88.74.42 - - [20/Apr/2014:01:39:04 +0200] "GET /user HTTP/1.0" 200 9914 www.porygondex.com "http://www.porygondex.com/user" "Mozilla/5.0 (Windows NT 5.1; rv:26.0) Gecko/20100101 Firefox/26.0" "-"
23.88.74.42 - - [20/Apr/2014:01:39:05 +0200] "POST /user HTTP/1.0" 200 10157 www.porygondex.com "http://www.porygondex.com/user" "Mozilla/5.0 (Windows NT 5.1; rv:26.0) Gecko/20100101 Firefox/26.0" "-"
23.88.74.42 - - [20/Apr/2014:01:39:06 +0200] "GET /forum HTTP/1.0" 200 17656 www.porygondex.com "http://www.porygondex.com/forum" "Mozilla/5.0 (Windows NT 5.1; rv:26.0) Gecko/20100101 Firefox/26.0" "-"
23.88.74.42 - - [20/Apr/2014:01:39:07 +0200] "GET /forum/1 HTTP/1.0" 200 15746 www.porygondex.com "http://www.porygondex.com/forum/1" "Mozilla/5.0 (Windows NT 5.1; rv:26.0) Gecko/20100101 Firefox/26.0" "-"
23.88.74.42 - - [20/Apr/2014:01:39:12 +0200] "GET /forum/1 HTTP/1.0" 200 15746 www.porygondex.com "http://www.porygondex.com/forum/1" "Mozilla/5.0 (Windows NT 5.1; rv:26.0) Gecko/20100101 Firefox/26.0" "-"
23.88.74.42 - - [20/Apr/2014:01:39:13 +0200] "GET /forum/4 HTTP/1.0" 200 23945 www.porygondex.com "http://www.porygondex.com/4" "Mozilla/5.0 (Windows NT 5.1; rv:26.0) Gecko/20100101 Firefox/26.0" "-"
23.88.74.42 - - [20/Apr/2014:01:39:14 +0200] "GET /forum/4 HTTP/1.0" 200 23945 www.porygondex.com "http://www.porygondex.com/forum/4" "Mozilla/5.0 (Windows NT 5.1; rv:26.0) Gecko/20100101 Firefox/26.0" "-"
23.88.74.42 - - [20/Apr/2014:01:39:16 +0200] "GET /node/56 HTTP/1.0" 200 16692 www.porygondex.com "http://www.porygondex.com/node/56" "Mozilla/5.0 (Windows NT 6.1; WOW64) AppleWebKit/537.36 (KHTML, like Gecko) Chrome/31.0.1650.63 Safari/537.36 OPR/18.0.1284.68" "-"
23.88.74.42 - - [20/Apr/2014:01:39:17 +0200] "GET /user HTTP/1.0" 200 9914 www.porygondex.com "http://www.porygondex.com/user" "Mozilla/5.0 (Windows NT 6.1; WOW64) AppleWebKit/537.36 (KHTML, like Gecko) Chrome/31.0.1650.63 Safari/537.36 OPR/18.0.1284.68" "-"
23.88.74.42 - - [20/Apr/2014:01:39:18 +0200] "POST /user HTTP/1.0" 200 10159 www.porygondex.com "http://www.porygondex.com/user" "Mozilla/5.0 (Windows NT 6.1; WOW64) AppleWebKit/537.36 (KHTML, like Gecko) Chrome/31.0.1650.63 Safari/537.36 OPR/18.0.1284.68" "-"
23.88.74.42 - - [20/Apr/2014:01:39:20 +0200] "GET /forum HTTP/1.0" 200 17656 www.porygondex.com "http://www.porygondex.com/forum" "Mozilla/5.0 (Windows NT 6.1; WOW64) AppleWebKit/537.36 (KHTML, like Gecko) Chrome/31.0.1650.63 Safari/537.36 OPR/18.0.1284.68" "-"
23.88.74.42 - - [20/Apr/2014:01:39:22 +0200] "GET /forum/1 HTTP/1.0" 200 15746 www.porygondex.com "http://www.porygondex.com/forum/1" "Mozilla/5.0 (Windows NT 6.1; WOW64) AppleWebKit/537.36 (KHTML, like Gecko) Chrome/31.0.1650.63 Safari/537.36 OPR/18.0.1284.68" "-"
23.88.74.42 - - [20/Apr/2014:01:39:27 +0200] "GET /forum/1 HTTP/1.0" 200 15746 www.porygondex.com "http://www.porygondex.com/forum/1" "Mozilla/5.0 (Windows NT 6.1; WOW64) AppleWebKit/537.36 (KHTML, like Gecko) Chrome/31.0.1650.63 Safari/537.36 OPR/18.0.1284.68" "-"
23.88.74.42 - - [20/Apr/2014:01:39:29 +0200] "GET /forum/4 HTTP/1.0" 200 23945 www.porygondex.com "http://www.porygondex.com/4" "Mozilla/5.0 (Windows NT 6.1; WOW64) AppleWebKit/537.36 (KHTML, like Gecko) Chrome/31.0.1650.63 Safari/537.36 OPR/18.0.1284.68" "-"
23.88.74.42 - - [20/Apr/2014:01:39:33 +0200] "GET /forum/4 HTTP/1.0" 200 23945 www.porygondex.com "http://www.porygondex.com/forum/4" "Mozilla/5.0 (Windows NT 6.1; WOW64) AppleWebKit/537.36 (KHTML, like Gecko) Chrome/31.0.1650.63 Safari/537.36 OPR/18.0.1284.68" "-"
192.99.7.177 - - [20/Apr/2014:01:39:47 +0200] "GET /node/user/password?name=ramatfrwn HTTP/1.0" 200 7853 www.porygondex.com "http://www.porygondex.com/node/user/password?name=ramatfrwn" "Mozilla/5.0 (Windows NT 6.0) AppleWebKit/537.36 (KHTML, like Gecko) Chrome/33.0.1750.146 Safari/537.36" "-"
192.99.7.177 - - [20/Apr/2014:01:39:48 +0200] "GET / HTTP/1.0" 200 38129 www.porygondex.com "http://www.porygondex.com/" "Mozilla/5.0 (Windows NT 6.0) AppleWebKit/537.36 (KHTML, like Gecko) Chrome/33.0.1750.146 Safari/537.36" "-"
192.99.7.177 - - [20/Apr/2014:01:40:01 +0200] "GET /user/login?destination=node/767%23comment-form HTTP/1.0" 200 9984 www.porygondex.com "http://www.porygondex.com/user/login?destination=node/767%23comment-form" "Mozilla/5.0 (Windows NT 6.0) AppleWebKit/537.36 (KHTML, like Gecko) Chrome/33.0.1750.146 Safari/537.36" "-"
192.99.7.177 - - [20/Apr/2014:01:40:02 +0200] "POST /user/login?destination=node/767%23comment-form HTTP/1.0" 200 10227 www.porygondex.com "http://www.porygondex.com/user/login?destination=node/767%23comment-form" "Mozilla/5.0 (Windows NT 6.0) AppleWebKit/537.36 (KHTML, like Gecko) Chrome/33.0.1750.146 Safari/537.36" "-"
192.99.7.177 - - [20/Apr/2014:01:40:07 +0200] "GET /node/773 HTTP/1.0" 200 16466 www.porygondex.com "http://www.porygondex.com/node/773" "Mozilla/5.0 (Windows NT 6.0) AppleWebKit/537.36 (KHTML, like Gecko) Chrome/33.0.1750.146 Safari/537.36" "-"
192.99.7.177 - - [20/Apr/2014:01:40:13 +0200] "GET /node/772 HTTP/1.0" 200 16528 www.porygondex.com "http://www.porygondex.com/772" "Mozilla/5.0 (Windows NT 6.0) AppleWebKit/537.36 (KHTML, like Gecko) Chrome/33.0.1750.146 Safari/537.36" "-"
172.246.129.115 - - [20/Apr/2014:01:40:17 +0200] "GET /node/56 HTTP/1.0" 200 16692 www.porygondex.com "http://www.porygondex.com/node/56" "Opera/9.80 (Windows NT 5.1) Presto/2.12.388 Version/12.16" "-"
192.99.7.177 - - [20/Apr/2014:01:40:19 +0200] "GET /node/771 HTTP/1.0" 200 16287 www.porygondex.com "http://www.porygondex.com/771" "Mozilla/5.0 (Windows NT 6.0) AppleWebKit/537.36 (KHTML, like Gecko) Chrome/33.0.1750.146 Safari/537.36" "-"
172.246.129.115 - - [20/Apr/2014:01:40:22 +0200] "GET /user HTTP/1.0" 200 9914 www.porygondex.com "http://www.porygondex.com/user" "Opera/9.80 (Windows NT 5.1) Presto/2.12.388 Version/12.16" "-"
192.99.7.177 - - [20/Apr/2014:01:40:26 +0200] "GET /node/770 HTTP/1.0" 200 17002 www.porygondex.com "http://www.porygondex.com/770" "Mozilla/5.0 (Windows NT 6.0) AppleWebKit/537.36 (KHTML, like Gecko) Chrome/33.0.1750.146 Safari/537.36" "-"
172.246.129.115 - - [20/Apr/2014:01:40:28 +0200] "POST /user HTTP/1.0" 200 10153 www.porygondex.com "http://www.porygondex.com/user" "Opera/9.80 (Windows NT 5.1) Presto/2.12.388 Version/12.16" "-"
192.99.7.177 - - [20/Apr/2014:01:40:35 +0200] "GET /node/769 HTTP/1.0" 200 16515 www.porygondex.com "http://www.porygondex.com/769" "Mozilla/5.0 (Windows NT 6.0) AppleWebKit/537.36 (KHTML, like Gecko) Chrome/33.0.1750.146 Safari/537.36" "-"
172.246.129.115 - - [20/Apr/2014:01:40:35 +0200] "GET /forum HTTP/1.0" 200 17656 www.porygondex.com "http://www.porygondex.com/forum" "Opera/9.80 (Windows NT 5.1) Presto/2.12.388 Version/12.16" "-"
172.246.129.115 - - [20/Apr/2014:01:40:42 +0200] "GET /forum/1 HTTP/1.0" 200 15746 www.porygondex.com "http://www.porygondex.com/forum/1" "Opera/9.80 (Windows NT 5.1) Presto/2.12.388 Version/12.16" "-"
192.99.7.177 - - [20/Apr/2014:01:40:44 +0200] "GET /node/768 HTTP/1.0" 200 16811 www.porygondex.com "http://www.porygondex.com/768" "Mozilla/5.0 (Windows NT 6.0) AppleWebKit/537.36 (KHTML, like Gecko) Chrome/33.0.1750.146 Safari/537.36" "-"
192.99.7.177 - - [20/Apr/2014:01:40:49 +0200] "GET /forum HTTP/1.0" 200 17656 www.porygondex.com "http://www.porygondex.com/forum" "Mozilla/5.0 (Windows NT 6.0) AppleWebKit/537.36 (KHTML, like Gecko) Chrome/33.0.1750.146 Safari/537.36" "-"
172.246.129.115 - - [20/Apr/2014:01:40:49 +0200] "GET /forum/1 HTTP/1.0" 200 15746 www.porygondex.com "http://www.porygondex.com/forum/1" "Opera/9.80 (Windows NT 5.1) Presto/2.12.388 Version/12.16" "-"
192.99.7.177 - - [20/Apr/2014:01:40:51 +0200] "GET /forum/1 HTTP/1.0" 200 15746 www.porygondex.com "http://www.porygondex.com/forum/1" "Mozilla/5.0 (Windows NT 6.0) AppleWebKit/537.36 (KHTML, like Gecko) Chrome/33.0.1750.146 Safari/537.36" "-"
172.246.129.115 - - [20/Apr/2014:01:40:51 +0200] "GET /forum/4 HTTP/1.0" 200 23945 www.porygondex.com "http://www.porygondex.com/4" "Opera/9.80 (Windows NT 5.1) Presto/2.12.388 Version/12.16" "-"
172.246.129.115 - - [20/Apr/2014:01:40:52 +0200] "GET /forum/4 HTTP/1.0" 200 23945 www.porygondex.com "http://www.porygondex.com/forum/4" "Opera/9.80 (Windows NT 5.1) Presto/2.12.388 Version/12.16" "-"
192.99.7.177 - - [20/Apr/2014:01:40:54 +0200] "GET /forum/1 HTTP/1.0" 200 15746 www.porygondex.com "http://www.porygondex.com/forum/1" "Mozilla/5.0 (Windows NT 6.0) AppleWebKit/537.36 (KHTML, like Gecko) Chrome/33.0.1750.146 Safari/537.36" "-"
192.99.7.177 - - [20/Apr/2014:01:40:57 +0200] "GET /node/764 HTTP/1.0" 200 17028 www.porygondex.com "http://www.porygondex.com/node/764" "Mozilla/5.0 (Windows NT 6.0) AppleWebKit/537.36 (KHTML, like Gecko) Chrome/33.0.1750.146 Safari/537.36" "-"
23.89.137.242 - - [20/Apr/2014:01:41:57 +0200] "GET /node/56 HTTP/1.0" 200 16692 www.porygondex.com "http://www.porygondex.com/node/56" "Mozilla/5.0 (Windows NT 5.1) AppleWebKit/537.36 (KHTML, like Gecko) Chrome/33.0.1750.117 Safari/537.36" "-"
23.89.137.242 - - [20/Apr/2014:01:42:00 +0200] "GET /user HTTP/1.0" 200 9914 www.porygondex.com "http://www.porygondex.com/user" "Mozilla/5.0 (Windows NT 5.1) AppleWebKit/537.36 (KHTML, like Gecko) Chrome/33.0.1750.117 Safari/537.36" "-"
23.89.137.242 - - [20/Apr/2014:01:42:06 +0200] "POST /user HTTP/1.0" 200 10167 www.porygondex.com "http://www.porygondex.com/user" "Mozilla/5.0 (Windows NT 5.1) AppleWebKit/537.36 (KHTML, like Gecko) Chrome/33.0.1750.117 Safari/537.36" "-"
23.89.137.242 - - [20/Apr/2014:01:42:10 +0200] "GET /forum HTTP/1.0" 200 17656 www.porygondex.com "http://www.porygondex.com/forum" "Mozilla/5.0 (Windows NT 5.1) AppleWebKit/537.36 (KHTML, like Gecko) Chrome/33.0.1750.117 Safari/537.36" "-"
23.89.137.242 - - [20/Apr/2014:01:42:11 +0200] "GET /forum/1 HTTP/1.0" 200 15746 www.porygondex.com "http://www.porygondex.com/forum/1" "Mozilla/5.0 (Windows NT 5.1) AppleWebKit/537.36 (KHTML, like Gecko) Chrome/33.0.1750.117 Safari/537.36" "-"
23.89.137.242 - - [20/Apr/2014:01:42:13 +0200] "GET /forum/1 HTTP/1.0" 200 15746 www.porygondex.com "http://www.porygondex.com/forum/1" "Mozilla/5.0 (Windows NT 5.1) AppleWebKit/537.36 (KHTML, like Gecko) Chrome/33.0.1750.117 Safari/537.36" "-"
23.89.137.242 - - [20/Apr/2014:01:42:16 +0200] "GET /forum/4 HTTP/1.0" 200 23945 www.porygondex.com "http://www.porygondex.com/4" "Mozilla/5.0 (Windows NT 5.1) AppleWebKit/537.36 (KHTML, like Gecko) Chrome/33.0.1750.117 Safari/537.36" "-"
23.89.137.242 - - [20/Apr/2014:01:42:18 +0200] "GET /forum/4 HTTP/1.0" 200 23945 www.porygondex.com "http://www.porygondex.com/forum/4" "Mozilla/5.0 (Windows NT 5.1) AppleWebKit/537.36 (KHTML, like Gecko) Chrome/33.0.1750.117 Safari/537.36" "-"
23.89.137.242 - - [20/Apr/2014:01:43:44 +0200] "GET /node/56 HTTP/1.0" 200 16692 www.porygondex.com "http://www.porygondex.com/node/56" "Mozilla/5.0 (Windows NT 6.1) AppleWebKit/537.36 (KHTML, like Gecko) Chrome/30.0.1599.12785 YaBrowser/13.12.1599.12785 Safari/537.36" "-"
23.89.137.242 - - [20/Apr/2014:01:43:47 +0200] "GET /user HTTP/1.0" 200 9914 www.porygondex.com "http://www.porygondex.com/user" "Mozilla/5.0 (Windows NT 6.1) AppleWebKit/537.36 (KHTML, like Gecko) Chrome/30.0.1599.12785 YaBrowser/13.12.1599.12785 Safari/537.36" "-"
23.89.137.242 - - [20/Apr/2014:01:43:50 +0200] "POST /user HTTP/1.0" 200 10169 www.porygondex.com "http://www.porygondex.com/user" "Mozilla/5.0 (Windows NT 6.1) AppleWebKit/537.36 (KHTML, like Gecko) Chrome/30.0.1599.12785 YaBrowser/13.12.1599.12785 Safari/537.36" "-"
23.89.137.242 - - [20/Apr/2014:01:43:52 +0200] "GET /forum HTTP/1.0" 200 17656 www.porygondex.com "http://www.porygondex.com/forum" "Mozilla/5.0 (Windows NT 6.1) AppleWebKit/537.36 (KHTML, like Gecko) Chrome/30.0.1599.12785 YaBrowser/13.12.1599.12785 Safari/537.36" "-"
23.89.137.242 - - [20/Apr/2014:01:43:55 +0200] "GET /forum/1 HTTP/1.0" 200 15746 www.porygondex.com "http://www.porygondex.com/forum/1" "Mozilla/5.0 (Windows NT 6.1) AppleWebKit/537.36 (KHTML, like Gecko) Chrome/30.0.1599.12785 YaBrowser/13.12.1599.12785 Safari/537.36" "-"
23.89.137.242 - - [20/Apr/2014:01:43:56 +0200] "GET /forum/1 HTTP/1.0" 200 15746 www.porygondex.com "http://www.porygondex.com/forum/1" "Mozilla/5.0 (Windows NT 6.1) AppleWebKit/537.36 (KHTML, like Gecko) Chrome/30.0.1599.12785 YaBrowser/13.12.1599.12785 Safari/537.36" "-"
23.89.137.242 - - [20/Apr/2014:01:43:59 +0200] "GET /forum/4 HTTP/1.0" 200 23945 www.porygondex.com "http://www.porygondex.com/4" "Mozilla/5.0 (Windows NT 6.1) AppleWebKit/537.36 (KHTML, like Gecko) Chrome/30.0.1599.12785 YaBrowser/13.12.1599.12785 Safari/537.36" "-"
23.89.137.242 - - [20/Apr/2014:01:44:04 +0200] "GET /forum/4 HTTP/1.0" 200 23945 www.porygondex.com "http://www.porygondex.com/forum/4" "Mozilla/5.0 (Windows NT 6.1) AppleWebKit/537.36 (KHTML, like Gecko) Chrome/30.0.1599.12785 YaBrowser/13.12.1599.12785 Safari/537.36" "-"
23.89.137.242 - - [20/Apr/2014:01:45:11 +0200] "GET /node/56 HTTP/1.0" 200 16692 www.porygondex.com "http://www.porygondex.com/node/56" "Mozilla/5.0 (Windows NT 6.1) AppleWebKit/537.36 (KHTML, like Gecko) Chrome/32.0.1700.76 Safari/537.36" "-"
37.57.200.173 - - [20/Apr/2014:01:45:13 +0200] "GET /Forum/index.php HTTP/1.0" 200 243 porygondex.com "http://porygondex.com/Forum/index.php" "Mozilla/5.0 (Windows NT 6.1) AppleWebKit/537.36 (KHTML, like Gecko) Chrome/32.0.1700.102 Safari/537.36" "-"
23.89.137.242 - - [20/Apr/2014:01:45:13 +0200] "GET /user HTTP/1.0" 200 9914 www.porygondex.com "http://www.porygondex.com/user" "Mozilla/5.0 (Windows NT 6.1) AppleWebKit/537.36 (KHTML, like Gecko) Chrome/32.0.1700.76 Safari/537.36" "-"
37.57.200.173 - - [20/Apr/2014:01:45:14 +0200] "GET /index.php HTTP/1.0" 200 38138 www.porygondex.com "http://www.porygondex.com/index.php" "Mozilla/5.0 (Windows NT 6.1) AppleWebKit/537.36 (KHTML, like Gecko) Chrome/32.0.1700.102 Safari/537.36" "-"
23.89.137.242 - - [20/Apr/2014:01:45:15 +0200] "POST /user HTTP/1.0" 200 10169 www.porygondex.com "http://www.porygondex.com/user" "Mozilla/5.0 (Windows NT 6.1) AppleWebKit/537.36 (KHTML, like Gecko) Chrome/32.0.1700.76 Safari/537.36" "-"
37.57.200.173 - - [20/Apr/2014:01:45:16 +0200] "GET /user/login?destination=node/767%23comment-form HTTP/1.0" 200 9984 www.porygondex.com "http://www.porygondex.com/user/login?destination=node/767%23comment-form" "Mozilla/5.0 (Windows NT 6.1) AppleWebKit/537.36 (KHTML, like Gecko) Chrome/32.0.1700.102 Safari/537.36" "-"
23.89.137.242 - - [20/Apr/2014:01:45:16 +0200] "GET /forum HTTP/1.0" 200 17656 www.porygondex.com "http://www.porygondex.com/forum" "Mozilla/5.0 (Windows NT 6.1) AppleWebKit/537.36 (KHTML, like Gecko) Chrome/32.0.1700.76 Safari/537.36" "-"
37.57.200.173 - - [20/Apr/2014:01:45:17 +0200] "POST /user/login?destination=node/767%23comment-form HTTP/1.0" 200 10233 www.porygondex.com "http://www.porygondex.com/user/login?destination=node/767%23comment-form" "Mozilla/5.0 (Windows NT 6.1) AppleWebKit/537.36 (KHTML, like Gecko) Chrome/32.0.1700.102 Safari/537.36" "-"
37.57.200.173 - - [20/Apr/2014:01:45:18 +0200] "GET /node/773 HTTP/1.0" 200 16466 www.porygondex.com "http://www.porygondex.com/node/773" "Mozilla/5.0 (Windows NT 6.1) AppleWebKit/537.36 (KHTML, like Gecko) Chrome/32.0.1700.102 Safari/537.36" "-"
37.57.200.173 - - [20/Apr/2014:01:45:20 +0200] "GET /node/772 HTTP/1.0" 200 16528 www.porygondex.com "http://www.porygondex.com/772" "Mozilla/5.0 (Windows NT 6.1) AppleWebKit/537.36 (KHTML, like Gecko) Chrome/32.0.1700.102 Safari/537.36" "-"
23.89.137.242 - - [20/Apr/2014:01:45:20 +0200] "GET /forum/1 HTTP/1.0" 200 15746 www.porygondex.com "http://www.porygondex.com/forum/1" "Mozilla/5.0 (Windows NT 6.1) AppleWebKit/537.36 (KHTML, like Gecko) Chrome/32.0.1700.76 Safari/537.36" "-"
37.57.200.173 - - [20/Apr/2014:01:45:21 +0200] "GET /node/771 HTTP/1.0" 200 16287 www.porygondex.com "http://www.porygondex.com/771" "Mozilla/5.0 (Windows NT 6.1) AppleWebKit/537.36 (KHTML, like Gecko) Chrome/32.0.1700.102 Safari/537.36" "-"
37.57.200.173 - - [20/Apr/2014:01:45:22 +0200] "GET /node/770 HTTP/1.0" 200 17002 www.porygondex.com "http://www.porygondex.com/770" "Mozilla/5.0 (Windows NT 6.1) AppleWebKit/537.36 (KHTML, like Gecko) Chrome/32.0.1700.102 Safari/537.36" "-"
37.57.200.173 - - [20/Apr/2014:01:45:22 +0200] "GET /node/769 HTTP/1.0" 200 16515 www.porygondex.com "http://www.porygondex.com/769" "Mozilla/5.0 (Windows NT 6.1) AppleWebKit/537.36 (KHTML, like Gecko) Chrome/32.0.1700.102 Safari/537.36" "-"
23.89.137.242 - - [20/Apr/2014:01:45:22 +0200] "GET /forum/1 HTTP/1.0" 200 15746 www.porygondex.com "http://www.porygondex.com/forum/1" "Mozilla/5.0 (Windows NT 6.1) AppleWebKit/537.36 (KHTML, like Gecko) Chrome/32.0.1700.76 Safari/537.36" "-"
23.89.137.242 - - [20/Apr/2014:01:45:24 +0200] "GET /forum/4 HTTP/1.0" 200 23945 www.porygondex.com "http://www.porygondex.com/4" "Mozilla/5.0 (Windows NT 6.1) AppleWebKit/537.36 (KHTML, like Gecko) Chrome/32.0.1700.76 Safari/537.36" "-"
23.89.137.242 - - [20/Apr/2014:01:45:27 +0200] "GET /forum/4 HTTP/1.0" 200 23945 www.porygondex.com "http://www.porygondex.com/forum/4" "Mozilla/5.0 (Windows NT 6.1) AppleWebKit/537.36 (KHTML, like Gecko) Chrome/32.0.1700.76 Safari/537.36" "-"
192.157.235.84 - - [20/Apr/2014:01:47:20 +0200] "GET /node/56 HTTP/1.0" 200 16692 www.porygondex.com "http://www.porygondex.com/node/56" "Opera/9.80 (Windows NT 6.1) Presto/2.12.388 Version/12.16" "-"
192.157.235.84 - - [20/Apr/2014:01:47:22 +0200] "GET /user HTTP/1.0" 200 9914 www.porygondex.com "http://www.porygondex.com/user" "Opera/9.80 (Windows NT 6.1) Presto/2.12.388 Version/12.16" "-"
192.157.235.84 - - [20/Apr/2014:01:47:23 +0200] "POST /user HTTP/1.0" 200 10157 www.porygondex.com "http://www.porygondex.com/user" "Opera/9.80 (Windows NT 6.1) Presto/2.12.388 Version/12.16" "-"
192.157.235.84 - - [20/Apr/2014:01:47:24 +0200] "GET /user/password?name=uuglayhfr HTTP/1.0" 200 9611 www.porygondex.com "http://www.porygondex.com/user/password?name=uuglayhfr" "Opera/9.80 (Windows NT 6.1) Presto/2.12.388 Version/12.16" "-"
192.157.235.84 - - [20/Apr/2014:01:47:26 +0200] "POST /user/password?name=uuglayhfr HTTP/1.0" 200 - www.porygondex.com "http://www.porygondex.com/user/password?name=uuglayhfr" "Opera/9.80 (Windows NT 6.1) Presto/2.12.388 Version/12.16" "-"
192.157.235.84 - - [20/Apr/2014:01:47:27 +0200] "GET / HTTP/1.0" 200 38298 www.porygondex.com "http://www.porygondex.com/" "Opera/9.80 (Windows NT 6.1) Presto/2.12.388 Version/12.16" "-"
192.157.235.84 - - [20/Apr/2014:01:47:28 +0200] "GET /node/56 HTTP/1.0" 200 16692 www.porygondex.com "http://www.porygondex.com/node/56" "Opera/9.80 (Windows NT 6.1) Presto/2.12.388 Version/12.16" "-"
192.157.235.84 - - [20/Apr/2014:01:47:29 +0200] "GET /node/773 HTTP/1.0" 200 16466 www.porygondex.com "http://www.porygondex.com/773" "Opera/9.80 (Windows NT 6.1) Presto/2.12.388 Version/12.16" "-"
192.157.235.84 - - [20/Apr/2014:01:47:32 +0200] "GET /node/772 HTTP/1.0" 200 16528 www.porygondex.com "http://www.porygondex.com/772" "Opera/9.80 (Windows NT 6.1) Presto/2.12.388 Version/12.16" "-"
192.157.235.84 - - [20/Apr/2014:01:47:33 +0200] "GET /node/771 HTTP/1.0" 200 16287 www.porygondex.com "http://www.porygondex.com/771" "Opera/9.80 (Windows NT 6.1) Presto/2.12.388 Version/12.16" "-"
192.157.235.84 - - [20/Apr/2014:01:47:34 +0200] "GET /node/770 HTTP/1.0" 200 17002 www.porygondex.com "http://www.porygondex.com/770" "Opera/9.80 (Windows NT 6.1) Presto/2.12.388 Version/12.16" "-"
192.157.235.84 - - [20/Apr/2014:01:47:35 +0200] "GET /node/769 HTTP/1.0" 200 16515 www.porygondex.com "http://www.porygondex.com/769" "Opera/9.80 (Windows NT 6.1) Presto/2.12.388 Version/12.16" "-"
192.157.235.84 - - [20/Apr/2014:01:47:37 +0200] "GET /node/768 HTTP/1.0" 200 16811 www.porygondex.com "http://www.porygondex.com/768" "Opera/9.80 (Windows NT 6.1) Presto/2.12.388 Version/12.16" "-"
192.157.235.84 - - [20/Apr/2014:01:47:38 +0200] "GET /node/767 HTTP/1.0" 200 16337 www.porygondex.com "http://www.porygondex.com/767" "Opera/9.80 (Windows NT 6.1) Presto/2.12.388 Version/12.16" "-"
192.157.235.84 - - [20/Apr/2014:01:47:40 +0200] "GET /node/766 HTTP/1.0" 200 17013 www.porygondex.com "http://www.porygondex.com/766" "Opera/9.80 (Windows NT 6.1) Presto/2.12.388 Version/12.16" "-"
192.157.235.84 - - [20/Apr/2014:01:47:41 +0200] "GET /node/765 HTTP/1.0" 200 16558 www.porygondex.com "http://www.porygondex.com/765" "Opera/9.80 (Windows NT 6.1) Presto/2.12.388 Version/12.16" "-"
192.157.235.84 - - [20/Apr/2014:01:47:42 +0200] "GET /node/764 HTTP/1.0" 200 17028 www.porygondex.com "http://www.porygondex.com/764" "Opera/9.80 (Windows NT 6.1) Presto/2.12.388 Version/12.16" "-"
192.157.235.84 - - [20/Apr/2014:01:47:43 +0200] "GET /forum HTTP/1.0" 200 17656 www.porygondex.com "http://www.porygondex.com/forum" "Opera/9.80 (Windows NT 6.1) Presto/2.12.388 Version/12.16" "-"
192.157.235.84 - - [20/Apr/2014:01:47:45 +0200] "GET /forum/1 HTTP/1.0" 200 15746 www.porygondex.com "http://www.porygondex.com/forum/1" "Opera/9.80 (Windows NT 6.1) Presto/2.12.388 Version/12.16" "-"
192.157.235.84 - - [20/Apr/2014:01:47:46 +0200] "GET /forum/1 HTTP/1.0" 200 15746 www.porygondex.com "http://www.porygondex.com/forum/1" "Opera/9.80 (Windows NT 6.1) Presto/2.12.388 Version/12.16" "-"
192.99.7.177 - - [20/Apr/2014:01:49:10 +0200] "GET /node/user/password?name=ramatfrwn HTTP/1.0" 200 7853 www.porygondex.com "http://www.porygondex.com/node/user/password?name=ramatfrwn" "Mozilla/5.0 (Windows NT 6.1) AppleWebKit/537.36 (KHTML, like Gecko) Chrome/30.0.1599.13014 YaBrowser/13.12.1599.13014 Safari/537.36" "-"
192.99.7.177 - - [20/Apr/2014:01:49:11 +0200] "GET / HTTP/1.0" 200 38129 www.porygondex.com "http://www.porygondex.com/" "Mozilla/5.0 (Windows NT 6.1) AppleWebKit/537.36 (KHTML, like Gecko) Chrome/30.0.1599.13014 YaBrowser/13.12.1599.13014 Safari/537.36" "-"
192.99.7.177 - - [20/Apr/2014:01:49:12 +0200] "GET /user/login?destination=node/767%23comment-form HTTP/1.0" 200 9984 www.porygondex.com "http://www.porygondex.com/user/login?destination=node/767%23comment-form" "Mozilla/5.0 (Windows NT 6.1) AppleWebKit/537.36 (KHTML, like Gecko) Chrome/30.0.1599.13014 YaBrowser/13.12.1599.13014 Safari/537.36" "-"
192.99.7.177 - - [20/Apr/2014:01:49:12 +0200] "POST /user/login?destination=node/767%23comment-form HTTP/1.0" 200 10229 www.porygondex.com "http://www.porygondex.com/user/login?destination=node/767%23comment-form" "Mozilla/5.0 (Windows NT 6.1) AppleWebKit/537.36 (KHTML, like Gecko) Chrome/30.0.1599.13014 YaBrowser/13.12.1599.13014 Safari/537.36" "-"
192.99.7.177 - - [20/Apr/2014:01:49:15 +0200] "GET /node/773 HTTP/1.0" 200 16466 www.porygondex.com "http://www.porygondex.com/node/773" "Mozilla/5.0 (Windows NT 6.1) AppleWebKit/537.36 (KHTML, like Gecko) Chrome/30.0.1599.13014 YaBrowser/13.12.1599.13014 Safari/537.36" "-"
192.99.7.177 - - [20/Apr/2014:01:49:16 +0200] "GET /node/772 HTTP/1.0" 200 16528 www.porygondex.com "http://www.porygondex.com/772" "Mozilla/5.0 (Windows NT 6.1) AppleWebKit/537.36 (KHTML, like Gecko) Chrome/30.0.1599.13014 YaBrowser/13.12.1599.13014 Safari/537.36" "-"
192.99.7.177 - - [20/Apr/2014:01:49:17 +0200] "GET /node/771 HTTP/1.0" 200 16287 www.porygondex.com "http://www.porygondex.com/771" "Mozilla/5.0 (Windows NT 6.1) AppleWebKit/537.36 (KHTML, like Gecko) Chrome/30.0.1599.13014 YaBrowser/13.12.1599.13014 Safari/537.36" "-"
192.99.7.177 - - [20/Apr/2014:01:49:18 +0200] "GET /node/770 HTTP/1.0" 200 17002 www.porygondex.com "http://www.porygondex.com/770" "Mozilla/5.0 (Windows NT 6.1) AppleWebKit/537.36 (KHTML, like Gecko) Chrome/30.0.1599.13014 YaBrowser/13.12.1599.13014 Safari/537.36" "-"
192.99.7.177 - - [20/Apr/2014:01:49:20 +0200] "GET /node/769 HTTP/1.0" 200 16515 www.porygondex.com "http://www.porygondex.com/769" "Mozilla/5.0 (Windows NT 6.1) AppleWebKit/537.36 (KHTML, like Gecko) Chrome/30.0.1599.13014 YaBrowser/13.12.1599.13014 Safari/537.36" "-"
192.99.7.177 - - [20/Apr/2014:01:49:22 +0200] "GET /node/768 HTTP/1.0" 200 16811 www.porygondex.com "http://www.porygondex.com/768" "Mozilla/5.0 (Windows NT 6.1) AppleWebKit/537.36 (KHTML, like Gecko) Chrome/30.0.1599.13014 YaBrowser/13.12.1599.13014 Safari/537.36" "-"
192.99.7.177 - - [20/Apr/2014:01:49:24 +0200] "GET /forum HTTP/1.0" 200 17656 www.porygondex.com "http://www.porygondex.com/forum" "Mozilla/5.0 (Windows NT 6.1) AppleWebKit/537.36 (KHTML, like Gecko) Chrome/30.0.1599.13014 YaBrowser/13.12.1599.13014 Safari/537.36" "-"
192.99.7.177 - - [20/Apr/2014:01:49:25 +0200] "GET /forum/1 HTTP/1.0" 200 15746 www.porygondex.com "http://www.porygondex.com/forum/1" "Mozilla/5.0 (Windows NT 6.1) AppleWebKit/537.36 (KHTML, like Gecko) Chrome/30.0.1599.13014 YaBrowser/13.12.1599.13014 Safari/537.36" "-"
192.99.7.177 - - [20/Apr/2014:01:49:26 +0200] "GET /forum/1 HTTP/1.0" 200 15746 www.porygondex.com "http://www.porygondex.com/forum/1" "Mozilla/5.0 (Windows NT 6.1) AppleWebKit/537.36 (KHTML, like Gecko) Chrome/30.0.1599.13014 YaBrowser/13.12.1599.13014 Safari/537.36" "-"
192.99.7.177 - - [20/Apr/2014:01:49:27 +0200] "GET /node/764 HTTP/1.0" 200 17028 www.porygondex.com "http://www.porygondex.com/node/764" "Mozilla/5.0 (Windows NT 6.1) AppleWebKit/537.36 (KHTML, like Gecko) Chrome/30.0.1599.13014 YaBrowser/13.12.1599.13014 Safari/537.36" "-"
172.246.129.108 - - [20/Apr/2014:01:49:45 +0200] "GET /node/56 HTTP/1.0" 200 16692 www.porygondex.com "http://www.porygondex.com/node/56" "Mozilla/5.0 (Windows NT 6.1; WOW64) AppleWebKit/537.36 (KHTML, like Gecko) Chrome/32.0.1700.76 Safari/537.36" "-"
172.246.129.108 - - [20/Apr/2014:01:49:46 +0200] "GET /user HTTP/1.0" 200 9914 www.porygondex.com "http://www.porygondex.com/user" "Mozilla/5.0 (Windows NT 6.1; WOW64) AppleWebKit/537.36 (KHTML, like Gecko) Chrome/32.0.1700.76 Safari/537.36" "-"
208.115.113.86 - - [20/Apr/2014:01:49:47 +0200] "GET /user/ HTTP/1.1" 200 9915 www.porygondex.com "-" "Mozilla/5.0 (compatible; DotBot/1.1; http://www.opensiteexplorer.org/dotbot, help@moz.com)" "-"
172.246.129.108 - - [20/Apr/2014:01:49:47 +0200] "POST /user HTTP/1.0" 200 10155 www.porygondex.com "http://www.porygondex.com/user" "Mozilla/5.0 (Windows NT 6.1; WOW64) AppleWebKit/537.36 (KHTML, like Gecko) Chrome/32.0.1700.76 Safari/537.36" "-"
172.246.129.108 - - [20/Apr/2014:01:49:48 +0200] "GET /forum HTTP/1.0" 200 17656 www.porygondex.com "http://www.porygondex.com/forum" "Mozilla/5.0 (Windows NT 6.1; WOW64) AppleWebKit/537.36 (KHTML, like Gecko) Chrome/32.0.1700.76 Safari/537.36" "-"
172.246.129.108 - - [20/Apr/2014:01:49:49 +0200] "GET /forum/1 HTTP/1.0" 200 15746 www.porygondex.com "http://www.porygondex.com/forum/1" "Mozilla/5.0 (Windows NT 6.1; WOW64) AppleWebKit/537.36 (KHTML, like Gecko) Chrome/32.0.1700.76 Safari/537.36" "-"
172.246.129.108 - - [20/Apr/2014:01:49:51 +0200] "GET /forum/1 HTTP/1.0" 200 15746 www.porygondex.com "http://www.porygondex.com/forum/1" "Mozilla/5.0 (Windows NT 6.1; WOW64) AppleWebKit/537.36 (KHTML, like Gecko) Chrome/32.0.1700.76 Safari/537.36" "-"
192.157.235.172 - - [20/Apr/2014:01:49:52 +0200] "GET /node/56 HTTP/1.0" 200 16692 www.porygondex.com "http://www.porygondex.com/node/56" "Mozilla/5.0 (Windows NT 6.2; WOW64; rv:27.0) Gecko/20100101 Firefox/27.0" "-"
