172.246.198.179 - - [20/Apr/2014:00:01:08 +0200] "GET /node/56 HTTP/1.0" 200 16692 www.porygondex.com "http://www.porygondex.com/node/56" "Opera/9.80 (Windows NT 6.1) Presto/2.12.388 Version/12.16" "-"
172.246.198.179 - - [20/Apr/2014:00:01:09 +0200] "GET /user HTTP/1.0" 200 9914 www.porygondex.com "http://www.porygondex.com/user" "Opera/9.80 (Windows NT 6.1) Presto/2.12.388 Version/12.16" "-"
172.246.198.179 - - [20/Apr/2014:00:01:10 +0200] "POST /user HTTP/1.0" 200 10167 www.porygondex.com "http://www.porygondex.com/user" "Opera/9.80 (Windows NT 6.1) Presto/2.12.388 Version/12.16" "-"
172.246.198.179 - - [20/Apr/2014:00:01:13 +0200] "GET /forum HTTP/1.0" 200 17656 www.porygondex.com "http://www.porygondex.com/forum" "Opera/9.80 (Windows NT 6.1) Presto/2.12.388 Version/12.16" "-"
172.246.198.179 - - [20/Apr/2014:00:01:15 +0200] "GET /forum/1 HTTP/1.0" 200 15746 www.porygondex.com "http://www.porygondex.com/forum/1" "Opera/9.80 (Windows NT 6.1) Presto/2.12.388 Version/12.16" "-"
172.246.198.179 - - [20/Apr/2014:00:01:17 +0200] "GET /forum/1 HTTP/1.0" 200 15746 www.porygondex.com "http://www.porygondex.com/forum/1" "Opera/9.80 (Windows NT 6.1) Presto/2.12.388 Version/12.16" "-"
172.246.198.179 - - [20/Apr/2014:00:01:19 +0200] "GET /forum/4 HTTP/1.0" 200 23945 www.porygondex.com "http://www.porygondex.com/4" "Opera/9.80 (Windows NT 6.1) Presto/2.12.388 Version/12.16" "-"
172.246.198.179 - - [20/Apr/2014:00:01:22 +0200] "GET /forum/4 HTTP/1.0" 200 23945 www.porygondex.com "http://www.porygondex.com/forum/4" "Opera/9.80 (Windows NT 6.1) Presto/2.12.388 Version/12.16" "-"
46.164.174.135 - - [20/Apr/2014:00:01:46 +0200] "GET / HTTP/1.0" 200 38129 www.porygondex.com "http://www.porygondex.com/" "Mozilla/5.0 (Windows NT 6.3; WOW64) AppleWebKit/537.36 (KHTML, like Gecko) Chrome/32.0.1700.102 Safari/537.36" "-"
46.164.174.135 - - [20/Apr/2014:00:01:53 +0200] "GET /user/register HTTP/1.0" 200 12438 www.porygondex.com "http://www.porygondex.com/user/register" "Mozilla/5.0 (Windows NT 6.3; WOW64) AppleWebKit/537.36 (KHTML, like Gecko) Chrome/32.0.1700.102 Safari/537.36" "-"
46.164.174.135 - - [20/Apr/2014:00:01:54 +0200] "POST /user/register HTTP/1.0" 200 12720 www.porygondex.com "http://www.porygondex.com/user/register" "Mozilla/5.0 (Windows NT 6.3; WOW64) AppleWebKit/537.36 (KHTML, like Gecko) Chrome/32.0.1700.102 Safari/537.36" "-"
46.164.174.135 - - [20/Apr/2014:00:02:25 +0200] "GET /user/login?destination=node/773%23comment-form HTTP/1.0" 200 9984 www.porygondex.com "http://www.porygondex.com/user/login?destination=node/773%23comment-form" "Mozilla/5.0 (Windows NT 6.3; WOW64) AppleWebKit/537.36 (KHTML, like Gecko) Chrome/32.0.1700.102 Safari/537.36" "-"
46.164.174.135 - - [20/Apr/2014:00:02:26 +0200] "POST /user/login?destination=node/773%23comment-form HTTP/1.0" 200 10231 www.porygondex.com "http://www.porygondex.com/user/login?destination=node/773%23comment-form" "Mozilla/5.0 (Windows NT 6.3; WOW64) AppleWebKit/537.36 (KHTML, like Gecko) Chrome/32.0.1700.102 Safari/537.36" "-"
46.164.174.135 - - [20/Apr/2014:00:02:27 +0200] "GET /user/password?name=Bellai_feni HTTP/1.0" 200 9615 www.porygondex.com "http://www.porygondex.com/password?name=Bellai_feni" "Mozilla/5.0 (Windows NT 6.3; WOW64) AppleWebKit/537.36 (KHTML, like Gecko) Chrome/32.0.1700.102 Safari/537.36" "-"
46.164.174.135 - - [20/Apr/2014:00:02:28 +0200] "POST /user/password?name=Bellai_feni HTTP/1.0" 200 - www.porygondex.com "http://www.porygondex.com/user/password?name=Bellai_feni" "Mozilla/5.0 (Windows NT 6.3; WOW64) AppleWebKit/537.36 (KHTML, like Gecko) Chrome/32.0.1700.102 Safari/537.36" "-"
46.164.174.135 - - [20/Apr/2014:00:02:31 +0200] "GET / HTTP/1.0" 200 38298 www.porygondex.com "http://www.porygondex.com/" "Mozilla/5.0 (Windows NT 6.3; WOW64) AppleWebKit/537.36 (KHTML, like Gecko) Chrome/32.0.1700.102 Safari/537.36" "-"
37.187.73.216 - - [20/Apr/2014:00:04:29 +0200] "GET / HTTP/1.0" 200 38129 www.porygondex.com "http://www.porygondex.com/" "Mozilla/5.0 (Windows NT 6.2; WOW64; rv:27.0) Gecko/20100101 Firefox/27.0" "-"
37.187.73.216 - - [20/Apr/2014:00:04:30 +0200] "GET /user/login?destination=node/767%23comment-form HTTP/1.0" 200 9984 www.porygondex.com "http://www.porygondex.com/user/login?destination=node/767%23comment-form" "Mozilla/5.0 (Windows NT 6.2; WOW64; rv:27.0) Gecko/20100101 Firefox/27.0" "-"
37.187.73.216 - - [20/Apr/2014:00:04:31 +0200] "POST /user/login?destination=node/767%23comment-form HTTP/1.0" 200 10229 www.porygondex.com "http://www.porygondex.com/user/login?destination=node/767%23comment-form" "Mozilla/5.0 (Windows NT 6.2; WOW64; rv:27.0) Gecko/20100101 Firefox/27.0" "-"
37.187.73.216 - - [20/Apr/2014:00:04:32 +0200] "GET /node/773 HTTP/1.0" 200 16466 www.porygondex.com "http://www.porygondex.com/node/773" "Mozilla/5.0 (Windows NT 6.2; WOW64; rv:27.0) Gecko/20100101 Firefox/27.0" "-"
37.187.73.216 - - [20/Apr/2014:00:04:33 +0200] "GET /node/772 HTTP/1.0" 200 16528 www.porygondex.com "http://www.porygondex.com/772" "Mozilla/5.0 (Windows NT 6.2; WOW64; rv:27.0) Gecko/20100101 Firefox/27.0" "-"
37.187.73.216 - - [20/Apr/2014:00:04:33 +0200] "GET /node/771 HTTP/1.0" 200 16287 www.porygondex.com "http://www.porygondex.com/771" "Mozilla/5.0 (Windows NT 6.2; WOW64; rv:27.0) Gecko/20100101 Firefox/27.0" "-"
37.187.73.216 - - [20/Apr/2014:00:04:34 +0200] "GET /node/770 HTTP/1.0" 200 17002 www.porygondex.com "http://www.porygondex.com/770" "Mozilla/5.0 (Windows NT 6.2; WOW64; rv:27.0) Gecko/20100101 Firefox/27.0" "-"
37.187.73.216 - - [20/Apr/2014:00:04:34 +0200] "GET /node/769 HTTP/1.0" 200 16515 www.porygondex.com "http://www.porygondex.com/769" "Mozilla/5.0 (Windows NT 6.2; WOW64; rv:27.0) Gecko/20100101 Firefox/27.0" "-"
198.27.67.125 - - [20/Apr/2014:00:04:44 +0200] "GET /node/56 HTTP/1.0" 200 16692 www.porygondex.com "http://www.porygondex.com/node/56" "Mozilla/5.0 (Windows NT 6.1; WOW64; rv:26.0) Gecko/20100101 Firefox/26.0" "-"
198.27.67.125 - - [20/Apr/2014:00:04:48 +0200] "GET /user HTTP/1.0" 200 9914 www.porygondex.com "http://www.porygondex.com/user" "Mozilla/5.0 (Windows NT 6.1; WOW64; rv:26.0) Gecko/20100101 Firefox/26.0" "-"
198.27.67.125 - - [20/Apr/2014:00:04:50 +0200] "POST /user HTTP/1.0" 200 10167 www.porygondex.com "http://www.porygondex.com/user" "Mozilla/5.0 (Windows NT 6.1; WOW64; rv:26.0) Gecko/20100101 Firefox/26.0" "-"
198.27.67.125 - - [20/Apr/2014:00:04:53 +0200] "GET /forum HTTP/1.0" 200 17656 www.porygondex.com "http://www.porygondex.com/forum" "Mozilla/5.0 (Windows NT 6.1; WOW64; rv:26.0) Gecko/20100101 Firefox/26.0" "-"
198.27.67.125 - - [20/Apr/2014:00:04:57 +0200] "GET /forum/1 HTTP/1.0" 200 15746 www.porygondex.com "http://www.porygondex.com/forum/1" "Mozilla/5.0 (Windows NT 6.1; WOW64; rv:26.0) Gecko/20100101 Firefox/26.0" "-"
198.27.67.125 - - [20/Apr/2014:00:05:00 +0200] "GET /forum/1 HTTP/1.0" 200 15746 www.porygondex.com "http://www.porygondex.com/forum/1" "Mozilla/5.0 (Windows NT 6.1; WOW64; rv:26.0) Gecko/20100101 Firefox/26.0" "-"
198.27.67.125 - - [20/Apr/2014:00:05:02 +0200] "GET /forum/4 HTTP/1.0" 200 23945 www.porygondex.com "http://www.porygondex.com/4" "Mozilla/5.0 (Windows NT 6.1; WOW64; rv:26.0) Gecko/20100101 Firefox/26.0" "-"
198.27.67.125 - - [20/Apr/2014:00:05:04 +0200] "GET /forum/4 HTTP/1.0" 200 23945 www.porygondex.com "http://www.porygondex.com/forum/4" "Mozilla/5.0 (Windows NT 6.1; WOW64; rv:26.0) Gecko/20100101 Firefox/26.0" "-"
172.246.129.108 - - [20/Apr/2014:00:07:26 +0200] "GET /node/56 HTTP/1.0" 200 16692 www.porygondex.com "http://www.porygondex.com/node/56" "Mozilla/5.0 (Windows NT 6.0) AppleWebKit/537.36 (KHTML, like Gecko) Chrome/32.0.1700.107 Safari/537.36" "-"
172.246.129.108 - - [20/Apr/2014:00:07:33 +0200] "GET /user HTTP/1.0" 200 9914 www.porygondex.com "http://www.porygondex.com/user" "Mozilla/5.0 (Windows NT 6.0) AppleWebKit/537.36 (KHTML, like Gecko) Chrome/32.0.1700.107 Safari/537.36" "-"
172.246.129.108 - - [20/Apr/2014:00:07:34 +0200] "POST /user HTTP/1.0" 200 10153 www.porygondex.com "http://www.porygondex.com/user" "Mozilla/5.0 (Windows NT 6.0) AppleWebKit/537.36 (KHTML, like Gecko) Chrome/32.0.1700.107 Safari/537.36" "-"
172.246.129.108 - - [20/Apr/2014:00:07:35 +0200] "GET /forum HTTP/1.0" 200 17656 www.porygondex.com "http://www.porygondex.com/forum" "Mozilla/5.0 (Windows NT 6.0) AppleWebKit/537.36 (KHTML, like Gecko) Chrome/32.0.1700.107 Safari/537.36" "-"
172.246.129.108 - - [20/Apr/2014:00:07:38 +0200] "GET /forum/1 HTTP/1.0" 200 15746 www.porygondex.com "http://www.porygondex.com/forum/1" "Mozilla/5.0 (Windows NT 6.0) AppleWebKit/537.36 (KHTML, like Gecko) Chrome/32.0.1700.107 Safari/537.36" "-"
172.246.129.108 - - [20/Apr/2014:00:07:41 +0200] "GET /forum/1 HTTP/1.0" 200 15746 www.porygondex.com "http://www.porygondex.com/forum/1" "Mozilla/5.0 (Windows NT 6.0) AppleWebKit/537.36 (KHTML, like Gecko) Chrome/32.0.1700.107 Safari/537.36" "-"
172.246.129.108 - - [20/Apr/2014:00:07:43 +0200] "GET /forum/4 HTTP/1.0" 200 23945 www.porygondex.com "http://www.porygondex.com/4" "Mozilla/5.0 (Windows NT 6.0) AppleWebKit/537.36 (KHTML, like Gecko) Chrome/32.0.1700.107 Safari/537.36" "-"
172.246.129.108 - - [20/Apr/2014:00:07:45 +0200] "GET /forum/4 HTTP/1.0" 200 23945 www.porygondex.com "http://www.porygondex.com/forum/4" "Mozilla/5.0 (Windows NT 6.0) AppleWebKit/537.36 (KHTML, like Gecko) Chrome/32.0.1700.107 Safari/537.36" "-"
157.55.32.28 - - [20/Apr/2014:00:08:37 +0200] "GET /robots.txt HTTP/1.1" 200 1561 www.porygondex.com "-" "Mozilla/5.0 (compatible; bingbot/2.0; +http://www.bing.com/bingbot.htm)" "-"
192.99.7.177 - - [20/Apr/2014:00:12:14 +0200] "GET /node/user/password?name=tesekfrozx HTTP/1.0" 200 7854 www.porygondex.com "http://www.porygondex.com/node/user/password?name=tesekfrozx" "Mozilla/5.0 (Windows NT 6.1; WOW64) AppleWebKit/537.36 (KHTML, like Gecko) Chrome/32.0.1700.76 Safari/537.36" "-"
192.99.7.177 - - [20/Apr/2014:00:12:16 +0200] "GET / HTTP/1.0" 200 38129 www.porygondex.com "http://www.porygondex.com/" "Mozilla/5.0 (Windows NT 6.1; WOW64) AppleWebKit/537.36 (KHTML, like Gecko) Chrome/32.0.1700.76 Safari/537.36" "-"
172.246.198.179 - - [20/Apr/2014:00:13:30 +0200] "GET /node/56 HTTP/1.0" 200 16692 www.porygondex.com "http://www.porygondex.com/node/56" "Mozilla/5.0 (Windows NT 6.1; WOW64) AppleWebKit/537.36 (KHTML, like Gecko) Chrome/32.0.1700.102 Safari/537.36" "-"
172.246.198.179 - - [20/Apr/2014:00:13:32 +0200] "GET /user HTTP/1.0" 200 9914 www.porygondex.com "http://www.porygondex.com/user" "Mozilla/5.0 (Windows NT 6.1; WOW64) AppleWebKit/537.36 (KHTML, like Gecko) Chrome/32.0.1700.102 Safari/537.36" "-"
172.246.198.179 - - [20/Apr/2014:00:13:33 +0200] "POST /user HTTP/1.0" 200 10151 www.porygondex.com "http://www.porygondex.com/user" "Mozilla/5.0 (Windows NT 6.1; WOW64) AppleWebKit/537.36 (KHTML, like Gecko) Chrome/32.0.1700.102 Safari/537.36" "-"
172.246.198.179 - - [20/Apr/2014:00:13:35 +0200] "GET /forum HTTP/1.0" 200 17656 www.porygondex.com "http://www.porygondex.com/forum" "Mozilla/5.0 (Windows NT 6.1; WOW64) AppleWebKit/537.36 (KHTML, like Gecko) Chrome/32.0.1700.102 Safari/537.36" "-"
172.246.198.179 - - [20/Apr/2014:00:13:37 +0200] "GET /forum/1 HTTP/1.0" 200 15746 www.porygondex.com "http://www.porygondex.com/forum/1" "Mozilla/5.0 (Windows NT 6.1; WOW64) AppleWebKit/537.36 (KHTML, like Gecko) Chrome/32.0.1700.102 Safari/537.36" "-"
172.246.198.179 - - [20/Apr/2014:00:13:39 +0200] "GET /forum/1 HTTP/1.0" 200 15746 www.porygondex.com "http://www.porygondex.com/forum/1" "Mozilla/5.0 (Windows NT 6.1; WOW64) AppleWebKit/537.36 (KHTML, like Gecko) Chrome/32.0.1700.102 Safari/537.36" "-"
172.246.198.179 - - [20/Apr/2014:00:13:41 +0200] "GET /forum/4 HTTP/1.0" 200 23945 www.porygondex.com "http://www.porygondex.com/4" "Mozilla/5.0 (Windows NT 6.1; WOW64) AppleWebKit/537.36 (KHTML, like Gecko) Chrome/32.0.1700.102 Safari/537.36" "-"
172.246.198.179 - - [20/Apr/2014:00:13:44 +0200] "GET /forum/4 HTTP/1.0" 200 23945 www.porygondex.com "http://www.porygondex.com/forum/4" "Mozilla/5.0 (Windows NT 6.1; WOW64) AppleWebKit/537.36 (KHTML, like Gecko) Chrome/32.0.1700.102 Safari/537.36" "-"
23.89.137.242 - - [20/Apr/2014:00:14:24 +0200] "GET /node/56 HTTP/1.0" 200 16692 www.porygondex.com "http://www.porygondex.com/node/56" "Mozilla/5.0 (Windows NT 6.2; WOW64; rv:27.0) Gecko/20100101 Firefox/27.0" "-"
23.89.137.242 - - [20/Apr/2014:00:14:25 +0200] "GET /user HTTP/1.0" 200 9914 www.porygondex.com "http://www.porygondex.com/user" "Mozilla/5.0 (Windows NT 6.2; WOW64; rv:27.0) Gecko/20100101 Firefox/27.0" "-"
23.89.137.242 - - [20/Apr/2014:00:14:28 +0200] "POST /user HTTP/1.0" 200 10167 www.porygondex.com "http://www.porygondex.com/user" "Mozilla/5.0 (Windows NT 6.2; WOW64; rv:27.0) Gecko/20100101 Firefox/27.0" "-"
23.89.137.242 - - [20/Apr/2014:00:14:30 +0200] "GET /forum HTTP/1.0" 200 17656 www.porygondex.com "http://www.porygondex.com/forum" "Mozilla/5.0 (Windows NT 6.2; WOW64; rv:27.0) Gecko/20100101 Firefox/27.0" "-"
23.89.137.242 - - [20/Apr/2014:00:14:39 +0200] "GET /forum/1 HTTP/1.0" 200 15746 www.porygondex.com "http://www.porygondex.com/forum/1" "Mozilla/5.0 (Windows NT 6.2; WOW64; rv:27.0) Gecko/20100101 Firefox/27.0" "-"
37.187.135.29 - - [20/Apr/2014:00:14:43 +0200] "GET /node/56 HTTP/1.0" 200 16692 www.porygondex.com "http://www.porygondex.com/node/56" "Mozilla/5.0 (Windows NT 6.3; WOW64) AppleWebKit/537.36 (KHTML, like Gecko) Chrome/32.0.1700.102 Safari/537.36" "-"
23.89.137.242 - - [20/Apr/2014:00:14:44 +0200] "GET /forum/1 HTTP/1.0" 200 15746 www.porygondex.com "http://www.porygondex.com/forum/1" "Mozilla/5.0 (Windows NT 6.2; WOW64; rv:27.0) Gecko/20100101 Firefox/27.0" "-"
37.187.135.29 - - [20/Apr/2014:00:14:49 +0200] "GET /user HTTP/1.0" 200 9914 www.porygondex.com "http://www.porygondex.com/user" "Mozilla/5.0 (Windows NT 6.3; WOW64) AppleWebKit/537.36 (KHTML, like Gecko) Chrome/32.0.1700.102 Safari/537.36" "-"
23.89.137.242 - - [20/Apr/2014:00:14:50 +0200] "GET /forum/4 HTTP/1.0" 200 23945 www.porygondex.com "http://www.porygondex.com/4" "Mozilla/5.0 (Windows NT 6.2; WOW64; rv:27.0) Gecko/20100101 Firefox/27.0" "-"
37.187.135.29 - - [20/Apr/2014:00:14:53 +0200] "POST /user HTTP/1.0" 200 10153 www.porygondex.com "http://www.porygondex.com/user" "Mozilla/5.0 (Windows NT 6.3; WOW64) AppleWebKit/537.36 (KHTML, like Gecko) Chrome/32.0.1700.102 Safari/537.36" "-"
37.187.135.29 - - [20/Apr/2014:00:14:58 +0200] "GET /node/56 HTTP/1.0" 200 16692 www.porygondex.com "http://www.porygondex.com/node/56" "Mozilla/5.0 (Windows NT 6.1; rv:27.0) Gecko/20100101 Firefox/27.0" "-"
192.99.7.177 - - [20/Apr/2014:00:15:02 +0200] "GET /user/login?destination=node/767%23comment-form HTTP/1.0" 200 9984 www.porygondex.com "http://www.porygondex.com/user/login?destination=node/767%23comment-form" "Mozilla/5.0 (Windows NT 6.1; WOW64) AppleWebKit/537.36 (KHTML, like Gecko) Chrome/32.0.1700.76 Safari/537.36" "-"
192.99.7.177 - - [20/Apr/2014:00:15:06 +0200] "POST /user/login?destination=node/767%23comment-form HTTP/1.0" 200 10229 www.porygondex.com "http://www.porygondex.com/user/login?destination=node/767%23comment-form" "Mozilla/5.0 (Windows NT 6.1; WOW64) AppleWebKit/537.36 (KHTML, like Gecko) Chrome/32.0.1700.76 Safari/537.36" "-"
37.187.135.29 - - [20/Apr/2014:00:15:16 +0200] "GET /forum HTTP/1.0" 200 17656 www.porygondex.com "http://www.porygondex.com/forum" "Mozilla/5.0 (Windows NT 6.3; WOW64) AppleWebKit/537.36 (KHTML, like Gecko) Chrome/32.0.1700.102 Safari/537.36" "-"
23.89.137.242 - - [20/Apr/2014:00:15:16 +0200] "GET /forum/4 HTTP/1.0" 200 23945 www.porygondex.com "http://www.porygondex.com/forum/4" "Mozilla/5.0 (Windows NT 6.2; WOW64; rv:27.0) Gecko/20100101 Firefox/27.0" "-"
37.187.135.29 - - [20/Apr/2014:00:15:36 +0200] "GET /forum/1 HTTP/1.0" 200 15746 www.porygondex.com "http://www.porygondex.com/forum/1" "Mozilla/5.0 (Windows NT 6.3; WOW64) AppleWebKit/537.36 (KHTML, like Gecko) Chrome/32.0.1700.102 Safari/537.36" "-"
37.187.135.29 - - [20/Apr/2014:00:15:43 +0200] "GET /user HTTP/1.0" 200 9914 www.porygondex.com "http://www.porygondex.com/user" "Mozilla/5.0 (Windows NT 6.1; rv:27.0) Gecko/20100101 Firefox/27.0" "-"
37.187.135.29 - - [20/Apr/2014:00:15:49 +0200] "POST /user HTTP/1.0" 200 10157 www.porygondex.com "http://www.porygondex.com/user" "Mozilla/5.0 (Windows NT 6.1; rv:27.0) Gecko/20100101 Firefox/27.0" "-"
192.99.7.177 - - [20/Apr/2014:00:15:51 +0200] "GET /node/773 HTTP/1.0" 200 16466 www.porygondex.com "http://www.porygondex.com/node/773" "Mozilla/5.0 (Windows NT 6.1; WOW64) AppleWebKit/537.36 (KHTML, like Gecko) Chrome/32.0.1700.76 Safari/537.36" "-"
37.187.135.29 - - [20/Apr/2014:00:15:52 +0200] "GET /forum HTTP/1.0" 200 17656 www.porygondex.com "http://www.porygondex.com/forum" "Mozilla/5.0 (Windows NT 6.1; rv:27.0) Gecko/20100101 Firefox/27.0" "-"
172.246.198.179 - - [20/Apr/2014:00:15:56 +0200] "GET /node/56 HTTP/1.0" 200 16692 www.porygondex.com "http://www.porygondex.com/node/56" "Mozilla/5.0 (Windows NT 5.1; rv:26.0) Gecko/20100101 Firefox/26.0" "-"
172.246.198.179 - - [20/Apr/2014:00:16:00 +0200] "GET /user HTTP/1.0" 200 9914 www.porygondex.com "http://www.porygondex.com/user" "Mozilla/5.0 (Windows NT 5.1; rv:26.0) Gecko/20100101 Firefox/26.0" "-"
37.187.135.29 - - [20/Apr/2014:00:16:00 +0200] "GET /forum/1 HTTP/1.0" 200 15746 www.porygondex.com "http://www.porygondex.com/forum/1" "Mozilla/5.0 (Windows NT 6.3; WOW64) AppleWebKit/537.36 (KHTML, like Gecko) Chrome/32.0.1700.102 Safari/537.36" "-"
172.246.198.179 - - [20/Apr/2014:00:16:04 +0200] "POST /user HTTP/1.0" 200 10157 www.porygondex.com "http://www.porygondex.com/user" "Mozilla/5.0 (Windows NT 5.1; rv:26.0) Gecko/20100101 Firefox/26.0" "-"
37.187.135.29 - - [20/Apr/2014:00:16:04 +0200] "GET /forum/4 HTTP/1.0" 200 23945 www.porygondex.com "http://www.porygondex.com/4" "Mozilla/5.0 (Windows NT 6.3; WOW64) AppleWebKit/537.36 (KHTML, like Gecko) Chrome/32.0.1700.102 Safari/537.36" "-"
37.187.135.29 - - [20/Apr/2014:00:16:04 +0200] "GET /forum/1 HTTP/1.0" 200 15746 www.porygondex.com "http://www.porygondex.com/forum/1" "Mozilla/5.0 (Windows NT 6.1; rv:27.0) Gecko/20100101 Firefox/27.0" "-"
172.246.198.179 - - [20/Apr/2014:00:16:07 +0200] "GET /forum HTTP/1.0" 200 17656 www.porygondex.com "http://www.porygondex.com/forum" "Mozilla/5.0 (Windows NT 5.1; rv:26.0) Gecko/20100101 Firefox/26.0" "-"
172.246.198.179 - - [20/Apr/2014:00:16:11 +0200] "GET /forum/1 HTTP/1.0" 200 15746 www.porygondex.com "http://www.porygondex.com/forum/1" "Mozilla/5.0 (Windows NT 5.1; rv:26.0) Gecko/20100101 Firefox/26.0" "-"
172.246.198.179 - - [20/Apr/2014:00:16:14 +0200] "GET /forum/1 HTTP/1.0" 200 15746 www.porygondex.com "http://www.porygondex.com/forum/1" "Mozilla/5.0 (Windows NT 5.1; rv:26.0) Gecko/20100101 Firefox/26.0" "-"
172.246.198.179 - - [20/Apr/2014:00:16:18 +0200] "GET /forum/4 HTTP/1.0" 200 23945 www.porygondex.com "http://www.porygondex.com/4" "Mozilla/5.0 (Windows NT 5.1; rv:26.0) Gecko/20100101 Firefox/26.0" "-"
37.187.135.29 - - [20/Apr/2014:00:16:18 +0200] "GET /node/56 HTTP/1.0" 200 16692 www.porygondex.com "http://www.porygondex.com/node/56" "Mozilla/5.0 (Windows NT 6.1) AppleWebKit/537.36 (KHTML, like Gecko) Chrome/33.0.1750.117 Safari/537.36" "-"
37.187.135.29 - - [20/Apr/2014:00:16:20 +0200] "GET /user HTTP/1.0" 200 9914 www.porygondex.com "http://www.porygondex.com/user" "Mozilla/5.0 (Windows NT 6.1) AppleWebKit/537.36 (KHTML, like Gecko) Chrome/33.0.1750.117 Safari/537.36" "-"
172.246.198.179 - - [20/Apr/2014:00:16:20 +0200] "GET /forum/4 HTTP/1.0" 200 23945 www.porygondex.com "http://www.porygondex.com/forum/4" "Mozilla/5.0 (Windows NT 5.1; rv:26.0) Gecko/20100101 Firefox/26.0" "-"
37.187.135.29 - - [20/Apr/2014:00:16:21 +0200] "POST /user HTTP/1.0" 200 10167 www.porygondex.com "http://www.porygondex.com/user" "Mozilla/5.0 (Windows NT 6.1) AppleWebKit/537.36 (KHTML, like Gecko) Chrome/33.0.1750.117 Safari/537.36" "-"
37.187.135.29 - - [20/Apr/2014:00:16:23 +0200] "GET /forum HTTP/1.0" 200 17656 www.porygondex.com "http://www.porygondex.com/forum" "Mozilla/5.0 (Windows NT 6.1) AppleWebKit/537.36 (KHTML, like Gecko) Chrome/33.0.1750.117 Safari/537.36" "-"
37.187.135.29 - - [20/Apr/2014:00:16:24 +0200] "GET /forum/1 HTTP/1.0" 200 15746 www.porygondex.com "http://www.porygondex.com/forum/1" "Mozilla/5.0 (Windows NT 6.1; rv:27.0) Gecko/20100101 Firefox/27.0" "-"
37.187.135.29 - - [20/Apr/2014:00:16:25 +0200] "GET /forum/1 HTTP/1.0" 200 15746 www.porygondex.com "http://www.porygondex.com/forum/1" "Mozilla/5.0 (Windows NT 6.1) AppleWebKit/537.36 (KHTML, like Gecko) Chrome/33.0.1750.117 Safari/537.36" "-"
37.187.135.29 - - [20/Apr/2014:00:16:26 +0200] "GET /forum/4 HTTP/1.0" 200 23945 www.porygondex.com "http://www.porygondex.com/forum/4" "Mozilla/5.0 (Windows NT 6.3; WOW64) AppleWebKit/537.36 (KHTML, like Gecko) Chrome/32.0.1700.102 Safari/537.36" "-"
37.187.135.29 - - [20/Apr/2014:00:16:28 +0200] "GET /forum/1 HTTP/1.0" 200 15746 www.porygondex.com "http://www.porygondex.com/forum/1" "Mozilla/5.0 (Windows NT 6.1) AppleWebKit/537.36 (KHTML, like Gecko) Chrome/33.0.1750.117 Safari/537.36" "-"
192.99.7.177 - - [20/Apr/2014:00:16:29 +0200] "GET /node/772 HTTP/1.0" 200 16528 www.porygondex.com "http://www.porygondex.com/772" "Mozilla/5.0 (Windows NT 6.1; WOW64) AppleWebKit/537.36 (KHTML, like Gecko) Chrome/32.0.1700.76 Safari/537.36" "-"
37.187.135.29 - - [20/Apr/2014:00:16:31 +0200] "GET /forum/4 HTTP/1.0" 200 23945 www.porygondex.com "http://www.porygondex.com/4" "Mozilla/5.0 (Windows NT 6.1) AppleWebKit/537.36 (KHTML, like Gecko) Chrome/33.0.1750.117 Safari/537.36" "-"
37.187.135.29 - - [20/Apr/2014:00:16:35 +0200] "GET /forum/4 HTTP/1.0" 200 23945 www.porygondex.com "http://www.porygondex.com/forum/4" "Mozilla/5.0 (Windows NT 6.1) AppleWebKit/537.36 (KHTML, like Gecko) Chrome/33.0.1750.117 Safari/537.36" "-"
37.187.135.29 - - [20/Apr/2014:00:16:43 +0200] "GET /forum/4 HTTP/1.0" 200 23945 www.porygondex.com "http://www.porygondex.com/4" "Mozilla/5.0 (Windows NT 6.1; rv:27.0) Gecko/20100101 Firefox/27.0" "-"
188.165.223.222 - - [20/Apr/2014:00:16:50 +0200] "GET /node/56 HTTP/1.0" 200 16692 www.porygondex.com "http://www.porygondex.com/node/56" "Mozilla/5.0 (Windows NT 6.1; WOW64) AppleWebKit/537.36 (KHTML, like Gecko) Chrome/33.0.1750.117 Safari/537.36" "-"
188.165.223.222 - - [20/Apr/2014:00:16:54 +0200] "GET /user HTTP/1.0" 200 9914 www.porygondex.com "http://www.porygondex.com/user" "Mozilla/5.0 (Windows NT 6.1; WOW64) AppleWebKit/537.36 (KHTML, like Gecko) Chrome/33.0.1750.117 Safari/537.36" "-"
37.187.135.29 - - [20/Apr/2014:00:16:56 +0200] "GET /node/56 HTTP/1.0" 200 16692 www.porygondex.com "http://www.porygondex.com/node/56" "Mozilla/5.0 (Windows NT 6.0) AppleWebKit/537.36 (KHTML, like Gecko) Chrome/32.0.1700.107 Safari/537.36" "-"
188.165.223.222 - - [20/Apr/2014:00:16:56 +0200] "POST /user HTTP/1.0" 200 10167 www.porygondex.com "http://www.porygondex.com/user" "Mozilla/5.0 (Windows NT 6.1; WOW64) AppleWebKit/537.36 (KHTML, like Gecko) Chrome/33.0.1750.117 Safari/537.36" "-"
37.187.135.29 - - [20/Apr/2014:00:16:57 +0200] "GET /user HTTP/1.0" 200 9914 www.porygondex.com "http://www.porygondex.com/user" "Mozilla/5.0 (Windows NT 6.0) AppleWebKit/537.36 (KHTML, like Gecko) Chrome/32.0.1700.107 Safari/537.36" "-"
37.187.135.29 - - [20/Apr/2014:00:16:59 +0200] "POST /user HTTP/1.0" 200 10159 www.porygondex.com "http://www.porygondex.com/user" "Mozilla/5.0 (Windows NT 6.0) AppleWebKit/537.36 (KHTML, like Gecko) Chrome/32.0.1700.107 Safari/537.36" "-"
188.165.223.222 - - [20/Apr/2014:00:16:59 +0200] "GET /forum HTTP/1.0" 200 17656 www.porygondex.com "http://www.porygondex.com/forum" "Mozilla/5.0 (Windows NT 6.1; WOW64) AppleWebKit/537.36 (KHTML, like Gecko) Chrome/33.0.1750.117 Safari/537.36" "-"
37.187.135.29 - - [20/Apr/2014:00:17:00 +0200] "GET /forum HTTP/1.0" 200 17656 www.porygondex.com "http://www.porygondex.com/forum" "Mozilla/5.0 (Windows NT 6.0) AppleWebKit/537.36 (KHTML, like Gecko) Chrome/32.0.1700.107 Safari/537.36" "-"
188.165.223.222 - - [20/Apr/2014:00:17:00 +0200] "GET /forum/1 HTTP/1.0" 200 15746 www.porygondex.com "http://www.porygondex.com/forum/1" "Mozilla/5.0 (Windows NT 6.1; WOW64) AppleWebKit/537.36 (KHTML, like Gecko) Chrome/33.0.1750.117 Safari/537.36" "-"
192.99.7.177 - - [20/Apr/2014:00:17:01 +0200] "GET /node/771 HTTP/1.0" 200 16287 www.porygondex.com "http://www.porygondex.com/771" "Mozilla/5.0 (Windows NT 6.1; WOW64) AppleWebKit/537.36 (KHTML, like Gecko) Chrome/32.0.1700.76 Safari/537.36" "-"
37.187.135.29 - - [20/Apr/2014:00:17:02 +0200] "GET /forum/1 HTTP/1.0" 200 15746 www.porygondex.com "http://www.porygondex.com/forum/1" "Mozilla/5.0 (Windows NT 6.0) AppleWebKit/537.36 (KHTML, like Gecko) Chrome/32.0.1700.107 Safari/537.36" "-"
188.165.223.222 - - [20/Apr/2014:00:17:03 +0200] "GET /forum/1 HTTP/1.0" 200 15746 www.porygondex.com "http://www.porygondex.com/forum/1" "Mozilla/5.0 (Windows NT 6.1; WOW64) AppleWebKit/537.36 (KHTML, like Gecko) Chrome/33.0.1750.117 Safari/537.36" "-"
37.187.135.29 - - [20/Apr/2014:00:17:04 +0200] "GET /forum/4 HTTP/1.0" 200 23945 www.porygondex.com "http://www.porygondex.com/forum/4" "Mozilla/5.0 (Windows NT 6.1; rv:27.0) Gecko/20100101 Firefox/27.0" "-"
37.187.135.29 - - [20/Apr/2014:00:17:05 +0200] "GET /forum/1 HTTP/1.0" 200 15746 www.porygondex.com "http://www.porygondex.com/forum/1" "Mozilla/5.0 (Windows NT 6.0) AppleWebKit/537.36 (KHTML, like Gecko) Chrome/32.0.1700.107 Safari/537.36" "-"
188.165.223.222 - - [20/Apr/2014:00:17:06 +0200] "GET /forum/4 HTTP/1.0" 200 23945 www.porygondex.com "http://www.porygondex.com/4" "Mozilla/5.0 (Windows NT 6.1; WOW64) AppleWebKit/537.36 (KHTML, like Gecko) Chrome/33.0.1750.117 Safari/537.36" "-"
37.187.135.29 - - [20/Apr/2014:00:17:08 +0200] "GET /forum/4 HTTP/1.0" 200 23945 www.porygondex.com "http://www.porygondex.com/4" "Mozilla/5.0 (Windows NT 6.0) AppleWebKit/537.36 (KHTML, like Gecko) Chrome/32.0.1700.107 Safari/537.36" "-"
188.165.223.222 - - [20/Apr/2014:00:17:09 +0200] "GET /forum/4 HTTP/1.0" 200 23945 www.porygondex.com "http://www.porygondex.com/forum/4" "Mozilla/5.0 (Windows NT 6.1; WOW64) AppleWebKit/537.36 (KHTML, like Gecko) Chrome/33.0.1750.117 Safari/537.36" "-"
23.88.74.42 - - [20/Apr/2014:00:17:10 +0200] "GET /node/56 HTTP/1.0" 200 16692 www.porygondex.com "http://www.porygondex.com/node/56" "Mozilla/5.0 (Windows NT 5.1) AppleWebKit/537.36 (KHTML, like Gecko) Chrome/33.0.1750.146 Safari/537.36" "-"
23.88.74.42 - - [20/Apr/2014:00:17:11 +0200] "GET /node/56 HTTP/1.0" 200 16692 www.porygondex.com "http://www.porygondex.com/node/56" "Mozilla/5.0 (Windows NT 6.0) AppleWebKit/537.36 (KHTML, like Gecko) Chrome/33.0.1750.146 Safari/537.36" "-"
198.27.67.125 - - [20/Apr/2014:00:17:11 +0200] "GET /node/56 HTTP/1.0" 200 16692 www.porygondex.com "http://www.porygondex.com/node/56" "Mozilla/5.0 (Windows NT 5.1) AppleWebKit/537.36 (KHTML, like Gecko) Chrome/33.0.1750.146 Safari/537.36" "-"
37.187.135.29 - - [20/Apr/2014:00:17:11 +0200] "GET /forum/4 HTTP/1.0" 200 23945 www.porygondex.com "http://www.porygondex.com/forum/4" "Mozilla/5.0 (Windows NT 6.0) AppleWebKit/537.36 (KHTML, like Gecko) Chrome/32.0.1700.107 Safari/537.36" "-"
23.88.74.42 - - [20/Apr/2014:00:17:12 +0200] "GET /user HTTP/1.0" 200 9914 www.porygondex.com "http://www.porygondex.com/user" "Mozilla/5.0 (Windows NT 5.1) AppleWebKit/537.36 (KHTML, like Gecko) Chrome/33.0.1750.146 Safari/537.36" "-"
23.88.74.42 - - [20/Apr/2014:00:17:14 +0200] "GET /user HTTP/1.0" 200 9914 www.porygondex.com "http://www.porygondex.com/user" "Mozilla/5.0 (Windows NT 6.0) AppleWebKit/537.36 (KHTML, like Gecko) Chrome/33.0.1750.146 Safari/537.36" "-"
198.27.67.125 - - [20/Apr/2014:00:17:14 +0200] "GET /user HTTP/1.0" 200 9914 www.porygondex.com "http://www.porygondex.com/user" "Mozilla/5.0 (Windows NT 5.1) AppleWebKit/537.36 (KHTML, like Gecko) Chrome/33.0.1750.146 Safari/537.36" "-"
23.88.74.42 - - [20/Apr/2014:00:17:15 +0200] "POST /user HTTP/1.0" 200 10153 www.porygondex.com "http://www.porygondex.com/user" "Mozilla/5.0 (Windows NT 5.1) AppleWebKit/537.36 (KHTML, like Gecko) Chrome/33.0.1750.146 Safari/537.36" "-"
37.187.135.29 - - [20/Apr/2014:00:17:16 +0200] "GET /node/56 HTTP/1.0" 200 16692 www.porygondex.com "http://www.porygondex.com/node/56" "Mozilla/5.0 (Windows NT 5.1; rv:27.0) Gecko/20100101 Firefox/27.0" "-"
198.27.67.125 - - [20/Apr/2014:00:17:17 +0200] "POST /user HTTP/1.0" 200 10159 www.porygondex.com "http://www.porygondex.com/user" "Mozilla/5.0 (Windows NT 5.1) AppleWebKit/537.36 (KHTML, like Gecko) Chrome/33.0.1750.146 Safari/537.36" "-"
23.88.74.42 - - [20/Apr/2014:00:17:17 +0200] "POST /user HTTP/1.0" 200 10159 www.porygondex.com "http://www.porygondex.com/user" "Mozilla/5.0 (Windows NT 6.0) AppleWebKit/537.36 (KHTML, like Gecko) Chrome/33.0.1750.146 Safari/537.36" "-"
23.88.74.42 - - [20/Apr/2014:00:17:18 +0200] "GET /forum HTTP/1.0" 200 17656 www.porygondex.com "http://www.porygondex.com/forum" "Mozilla/5.0 (Windows NT 5.1) AppleWebKit/537.36 (KHTML, like Gecko) Chrome/33.0.1750.146 Safari/537.36" "-"
37.187.135.29 - - [20/Apr/2014:00:17:19 +0200] "GET /user HTTP/1.0" 200 9914 www.porygondex.com "http://www.porygondex.com/user" "Mozilla/5.0 (Windows NT 5.1; rv:27.0) Gecko/20100101 Firefox/27.0" "-"
198.27.67.125 - - [20/Apr/2014:00:17:19 +0200] "GET /forum HTTP/1.0" 200 17656 www.porygondex.com "http://www.porygondex.com/forum" "Mozilla/5.0 (Windows NT 5.1) AppleWebKit/537.36 (KHTML, like Gecko) Chrome/33.0.1750.146 Safari/537.36" "-"
23.88.74.42 - - [20/Apr/2014:00:17:21 +0200] "GET /forum HTTP/1.0" 200 17656 www.porygondex.com "http://www.porygondex.com/forum" "Mozilla/5.0 (Windows NT 6.0) AppleWebKit/537.36 (KHTML, like Gecko) Chrome/33.0.1750.146 Safari/537.36" "-"
23.88.74.42 - - [20/Apr/2014:00:17:21 +0200] "GET /forum/1 HTTP/1.0" 200 15746 www.porygondex.com "http://www.porygondex.com/forum/1" "Mozilla/5.0 (Windows NT 5.1) AppleWebKit/537.36 (KHTML, like Gecko) Chrome/33.0.1750.146 Safari/537.36" "-"
37.187.135.29 - - [20/Apr/2014:00:17:22 +0200] "POST /user HTTP/1.0" 200 10153 www.porygondex.com "http://www.porygondex.com/user" "Mozilla/5.0 (Windows NT 5.1; rv:27.0) Gecko/20100101 Firefox/27.0" "-"
198.27.67.125 - - [20/Apr/2014:00:17:23 +0200] "GET /forum/1 HTTP/1.0" 200 15746 www.porygondex.com "http://www.porygondex.com/forum/1" "Mozilla/5.0 (Windows NT 5.1) AppleWebKit/537.36 (KHTML, like Gecko) Chrome/33.0.1750.146 Safari/537.36" "-"
37.187.135.29 - - [20/Apr/2014:00:17:24 +0200] "GET /forum HTTP/1.0" 200 17656 www.porygondex.com "http://www.porygondex.com/forum" "Mozilla/5.0 (Windows NT 5.1; rv:27.0) Gecko/20100101 Firefox/27.0" "-"
198.27.67.125 - - [20/Apr/2014:00:17:27 +0200] "GET /forum/1 HTTP/1.0" 200 15746 www.porygondex.com "http://www.porygondex.com/forum/1" "Mozilla/5.0 (Windows NT 5.1) AppleWebKit/537.36 (KHTML, like Gecko) Chrome/33.0.1750.146 Safari/537.36" "-"
37.187.135.29 - - [20/Apr/2014:00:17:28 +0200] "GET /forum/1 HTTP/1.0" 200 15746 www.porygondex.com "http://www.porygondex.com/forum/1" "Mozilla/5.0 (Windows NT 5.1; rv:27.0) Gecko/20100101 Firefox/27.0" "-"
23.88.74.42 - - [20/Apr/2014:00:17:28 +0200] "GET /forum/1 HTTP/1.0" 200 15746 www.porygondex.com "http://www.porygondex.com/forum/1" "Mozilla/5.0 (Windows NT 6.0) AppleWebKit/537.36 (KHTML, like Gecko) Chrome/33.0.1750.146 Safari/537.36" "-"
23.88.74.42 - - [20/Apr/2014:00:17:29 +0200] "GET /forum/1 HTTP/1.0" 200 15746 www.porygondex.com "http://www.porygondex.com/forum/1" "Mozilla/5.0 (Windows NT 5.1) AppleWebKit/537.36 (KHTML, like Gecko) Chrome/33.0.1750.146 Safari/537.36" "-"
198.27.67.125 - - [20/Apr/2014:00:17:31 +0200] "GET /forum/4 HTTP/1.0" 200 23945 www.porygondex.com "http://www.porygondex.com/4" "Mozilla/5.0 (Windows NT 5.1) AppleWebKit/537.36 (KHTML, like Gecko) Chrome/33.0.1750.146 Safari/537.36" "-"
37.187.135.29 - - [20/Apr/2014:00:17:31 +0200] "GET /forum/1 HTTP/1.0" 200 15746 www.porygondex.com "http://www.porygondex.com/forum/1" "Mozilla/5.0 (Windows NT 5.1; rv:27.0) Gecko/20100101 Firefox/27.0" "-"
23.88.74.42 - - [20/Apr/2014:00:17:33 +0200] "GET /forum/1 HTTP/1.0" 200 15746 www.porygondex.com "http://www.porygondex.com/forum/1" "Mozilla/5.0 (Windows NT 6.0) AppleWebKit/537.36 (KHTML, like Gecko) Chrome/33.0.1750.146 Safari/537.36" "-"
23.88.74.42 - - [20/Apr/2014:00:17:33 +0200] "GET /forum/4 HTTP/1.0" 200 23945 www.porygondex.com "http://www.porygondex.com/4" "Mozilla/5.0 (Windows NT 5.1) AppleWebKit/537.36 (KHTML, like Gecko) Chrome/33.0.1750.146 Safari/537.36" "-"
198.27.67.125 - - [20/Apr/2014:00:17:34 +0200] "GET /forum/4 HTTP/1.0" 200 23945 www.porygondex.com "http://www.porygondex.com/forum/4" "Mozilla/5.0 (Windows NT 5.1) AppleWebKit/537.36 (KHTML, like Gecko) Chrome/33.0.1750.146 Safari/537.36" "-"
37.187.135.29 - - [20/Apr/2014:00:17:34 +0200] "GET /forum/4 HTTP/1.0" 200 23945 www.porygondex.com "http://www.porygondex.com/4" "Mozilla/5.0 (Windows NT 5.1; rv:27.0) Gecko/20100101 Firefox/27.0" "-"
23.88.74.42 - - [20/Apr/2014:00:17:38 +0200] "GET /forum/4 HTTP/1.0" 200 23945 www.porygondex.com "http://www.porygondex.com/forum/4" "Mozilla/5.0 (Windows NT 5.1) AppleWebKit/537.36 (KHTML, like Gecko) Chrome/33.0.1750.146 Safari/537.36" "-"
23.88.74.42 - - [20/Apr/2014:00:17:39 +0200] "GET /forum/4 HTTP/1.0" 200 23945 www.porygondex.com "http://www.porygondex.com/4" "Mozilla/5.0 (Windows NT 6.0) AppleWebKit/537.36 (KHTML, like Gecko) Chrome/33.0.1750.146 Safari/537.36" "-"
37.187.135.29 - - [20/Apr/2014:00:17:39 +0200] "GET /forum/4 HTTP/1.0" 200 23945 www.porygondex.com "http://www.porygondex.com/forum/4" "Mozilla/5.0 (Windows NT 5.1; rv:27.0) Gecko/20100101 Firefox/27.0" "-"
192.99.7.177 - - [20/Apr/2014:00:17:40 +0200] "GET /node/770 HTTP/1.0" 200 17002 www.porygondex.com "http://www.porygondex.com/770" "Mozilla/5.0 (Windows NT 6.1; WOW64) AppleWebKit/537.36 (KHTML, like Gecko) Chrome/32.0.1700.76 Safari/537.36" "-"
23.88.74.42 - - [20/Apr/2014:00:17:48 +0200] "GET /forum/4 HTTP/1.0" 200 23945 www.porygondex.com "http://www.porygondex.com/forum/4" "Mozilla/5.0 (Windows NT 6.0) AppleWebKit/537.36 (KHTML, like Gecko) Chrome/33.0.1750.146 Safari/537.36" "-"
37.187.135.29 - - [20/Apr/2014:00:17:51 +0200] "GET /node/56 HTTP/1.0" 200 16692 www.porygondex.com "http://www.porygondex.com/node/56" "Mozilla/5.0 (Windows NT 6.0) AppleWebKit/537.36 (KHTML, like Gecko) Chrome/32.0.1700.107 Safari/537.36" "-"
37.187.135.29 - - [20/Apr/2014:00:17:54 +0200] "GET /user HTTP/1.0" 200 9914 www.porygondex.com "http://www.porygondex.com/user" "Mozilla/5.0 (Windows NT 6.0) AppleWebKit/537.36 (KHTML, like Gecko) Chrome/32.0.1700.107 Safari/537.36" "-"
37.187.135.29 - - [20/Apr/2014:00:17:56 +0200] "POST /user HTTP/1.0" 200 10159 www.porygondex.com "http://www.porygondex.com/user" "Mozilla/5.0 (Windows NT 6.0) AppleWebKit/537.36 (KHTML, like Gecko) Chrome/32.0.1700.107 Safari/537.36" "-"
37.187.135.29 - - [20/Apr/2014:00:17:57 +0200] "GET /forum HTTP/1.0" 200 17656 www.porygondex.com "http://www.porygondex.com/forum" "Mozilla/5.0 (Windows NT 6.0) AppleWebKit/537.36 (KHTML, like Gecko) Chrome/32.0.1700.107 Safari/537.36" "-"
37.187.135.29 - - [20/Apr/2014:00:17:59 +0200] "GET /forum/1 HTTP/1.0" 200 15746 www.porygondex.com "http://www.porygondex.com/forum/1" "Mozilla/5.0 (Windows NT 6.0) AppleWebKit/537.36 (KHTML, like Gecko) Chrome/32.0.1700.107 Safari/537.36" "-"
37.187.135.29 - - [20/Apr/2014:00:18:01 +0200] "GET /forum/1 HTTP/1.0" 200 15746 www.porygondex.com "http://www.porygondex.com/forum/1" "Mozilla/5.0 (Windows NT 6.0) AppleWebKit/537.36 (KHTML, like Gecko) Chrome/32.0.1700.107 Safari/537.36" "-"
23.89.137.242 - - [20/Apr/2014:00:18:02 +0200] "GET /node/56 HTTP/1.0" 200 16692 www.porygondex.com "http://www.porygondex.com/node/56" "Mozilla/5.0 (Windows NT 5.1) AppleWebKit/537.36 (KHTML, like Gecko) Chrome/33.0.1750.146 Safari/537.36" "-"
37.187.135.29 - - [20/Apr/2014:00:18:03 +0200] "GET /forum/4 HTTP/1.0" 200 23945 www.porygondex.com "http://www.porygondex.com/4" "Mozilla/5.0 (Windows NT 6.0) AppleWebKit/537.36 (KHTML, like Gecko) Chrome/32.0.1700.107 Safari/537.36" "-"
23.89.137.242 - - [20/Apr/2014:00:18:06 +0200] "GET /user HTTP/1.0" 200 9914 www.porygondex.com "http://www.porygondex.com/user" "Mozilla/5.0 (Windows NT 5.1) AppleWebKit/537.36 (KHTML, like Gecko) Chrome/33.0.1750.146 Safari/537.36" "-"
37.187.135.29 - - [20/Apr/2014:00:18:07 +0200] "GET /forum/4 HTTP/1.0" 200 23945 www.porygondex.com "http://www.porygondex.com/forum/4" "Mozilla/5.0 (Windows NT 6.0) AppleWebKit/537.36 (KHTML, like Gecko) Chrome/32.0.1700.107 Safari/537.36" "-"
23.89.137.242 - - [20/Apr/2014:00:18:10 +0200] "POST /user HTTP/1.0" 200 10165 www.porygondex.com "http://www.porygondex.com/user" "Mozilla/5.0 (Windows NT 5.1) AppleWebKit/537.36 (KHTML, like Gecko) Chrome/33.0.1750.146 Safari/537.36" "-"
192.99.7.177 - - [20/Apr/2014:00:18:14 +0200] "GET /node/769 HTTP/1.0" 200 16515 www.porygondex.com "http://www.porygondex.com/769" "Mozilla/5.0 (Windows NT 6.1; WOW64) AppleWebKit/537.36 (KHTML, like Gecko) Chrome/32.0.1700.76 Safari/537.36" "-"
23.89.137.242 - - [20/Apr/2014:00:18:14 +0200] "GET /forum HTTP/1.0" 200 17656 www.porygondex.com "http://www.porygondex.com/forum" "Mozilla/5.0 (Windows NT 5.1) AppleWebKit/537.36 (KHTML, like Gecko) Chrome/33.0.1750.146 Safari/537.36" "-"
23.89.137.242 - - [20/Apr/2014:00:18:20 +0200] "GET /forum/1 HTTP/1.0" 200 15746 www.porygondex.com "http://www.porygondex.com/forum/1" "Mozilla/5.0 (Windows NT 5.1) AppleWebKit/537.36 (KHTML, like Gecko) Chrome/33.0.1750.146 Safari/537.36" "-"
23.89.137.242 - - [20/Apr/2014:00:18:26 +0200] "GET /forum/1 HTTP/1.0" 200 15746 www.porygondex.com "http://www.porygondex.com/forum/1" "Mozilla/5.0 (Windows NT 5.1) AppleWebKit/537.36 (KHTML, like Gecko) Chrome/33.0.1750.146 Safari/537.36" "-"
23.89.137.242 - - [20/Apr/2014:00:18:32 +0200] "GET /forum/4 HTTP/1.0" 200 23945 www.porygondex.com "http://www.porygondex.com/4" "Mozilla/5.0 (Windows NT 5.1) AppleWebKit/537.36 (KHTML, like Gecko) Chrome/33.0.1750.146 Safari/537.36" "-"
23.89.137.242 - - [20/Apr/2014:00:18:35 +0200] "GET /forum/4 HTTP/1.0" 200 23945 www.porygondex.com "http://www.porygondex.com/forum/4" "Mozilla/5.0 (Windows NT 5.1) AppleWebKit/537.36 (KHTML, like Gecko) Chrome/33.0.1750.146 Safari/537.36" "-"
192.99.7.177 - - [20/Apr/2014:00:18:46 +0200] "GET /node/768 HTTP/1.0" 200 16811 www.porygondex.com "http://www.porygondex.com/768" "Mozilla/5.0 (Windows NT 6.1; WOW64) AppleWebKit/537.36 (KHTML, like Gecko) Chrome/32.0.1700.76 Safari/537.36" "-"
192.99.7.177 - - [20/Apr/2014:00:18:59 +0200] "GET /forum HTTP/1.0" 200 17656 www.porygondex.com "http://www.porygondex.com/forum" "Mozilla/5.0 (Windows NT 6.1; WOW64) AppleWebKit/537.36 (KHTML, like Gecko) Chrome/32.0.1700.76 Safari/537.36" "-"
192.99.7.177 - - [20/Apr/2014:00:19:37 +0200] "GET /forum/1 HTTP/1.0" 200 15746 www.porygondex.com "http://www.porygondex.com/forum/1" "Mozilla/5.0 (Windows NT 6.1; WOW64) AppleWebKit/537.36 (KHTML, like Gecko) Chrome/32.0.1700.76 Safari/537.36" "-"
37.187.135.29 - - [20/Apr/2014:00:19:42 +0200] "GET /node/56 HTTP/1.0" 200 16692 www.porygondex.com "http://www.porygondex.com/node/56" "Mozilla/5.0 (Windows NT 6.0) AppleWebKit/537.36 (KHTML, like Gecko) Chrome/33.0.1750.146 Safari/537.36" "-"
37.187.135.29 - - [20/Apr/2014:00:19:43 +0200] "GET /user HTTP/1.0" 200 9914 www.porygondex.com "http://www.porygondex.com/user" "Mozilla/5.0 (Windows NT 6.0) AppleWebKit/537.36 (KHTML, like Gecko) Chrome/33.0.1750.146 Safari/537.36" "-"
37.187.135.29 - - [20/Apr/2014:00:19:44 +0200] "POST /user HTTP/1.0" 200 10153 www.porygondex.com "http://www.porygondex.com/user" "Mozilla/5.0 (Windows NT 6.0) AppleWebKit/537.36 (KHTML, like Gecko) Chrome/33.0.1750.146 Safari/537.36" "-"
37.187.135.29 - - [20/Apr/2014:00:19:45 +0200] "GET /forum HTTP/1.0" 200 17656 www.porygondex.com "http://www.porygondex.com/forum" "Mozilla/5.0 (Windows NT 6.0) AppleWebKit/537.36 (KHTML, like Gecko) Chrome/33.0.1750.146 Safari/537.36" "-"
37.187.135.29 - - [20/Apr/2014:00:19:47 +0200] "GET /forum/1 HTTP/1.0" 200 15746 www.porygondex.com "http://www.porygondex.com/forum/1" "Mozilla/5.0 (Windows NT 6.0) AppleWebKit/537.36 (KHTML, like Gecko) Chrome/33.0.1750.146 Safari/537.36" "-"
37.187.135.29 - - [20/Apr/2014:00:19:49 +0200] "GET /forum/1 HTTP/1.0" 200 15746 www.porygondex.com "http://www.porygondex.com/forum/1" "Mozilla/5.0 (Windows NT 6.0) AppleWebKit/537.36 (KHTML, like Gecko) Chrome/33.0.1750.146 Safari/537.36" "-"
37.187.135.29 - - [20/Apr/2014:00:19:50 +0200] "GET /forum/4 HTTP/1.0" 200 23945 www.porygondex.com "http://www.porygondex.com/4" "Mozilla/5.0 (Windows NT 6.0) AppleWebKit/537.36 (KHTML, like Gecko) Chrome/33.0.1750.146 Safari/537.36" "-"
37.187.135.29 - - [20/Apr/2014:00:19:52 +0200] "GET /forum/4 HTTP/1.0" 200 23945 www.porygondex.com "http://www.porygondex.com/forum/4" "Mozilla/5.0 (Windows NT 6.0) AppleWebKit/537.36 (KHTML, like Gecko) Chrome/33.0.1750.146 Safari/537.36" "-"
192.99.7.177 - - [20/Apr/2014:00:20:03 +0200] "GET /forum/1 HTTP/1.0" 200 15746 www.porygondex.com "http://www.porygondex.com/forum/1" "Mozilla/5.0 (Windows NT 6.1; WOW64) AppleWebKit/537.36 (KHTML, like Gecko) Chrome/32.0.1700.76 Safari/537.36" "-"
192.99.7.177 - - [20/Apr/2014:00:20:31 +0200] "GET /node/764 HTTP/1.0" 200 17028 www.porygondex.com "http://www.porygondex.com/node/764" "Mozilla/5.0 (Windows NT 6.1; WOW64) AppleWebKit/537.36 (KHTML, like Gecko) Chrome/32.0.1700.76 Safari/537.36" "-"
198.27.67.125 - - [20/Apr/2014:00:21:12 +0200] "GET /node/56 HTTP/1.0" 200 16692 www.porygondex.com "http://www.porygondex.com/node/56" "Mozilla/5.0 (Windows NT 6.3; WOW64; rv:26.0) Gecko/20100101 Firefox/26.0" "-"
198.27.67.125 - - [20/Apr/2014:00:21:14 +0200] "GET /user HTTP/1.0" 200 9914 www.porygondex.com "http://www.porygondex.com/user" "Mozilla/5.0 (Windows NT 6.3; WOW64; rv:26.0) Gecko/20100101 Firefox/26.0" "-"
198.27.67.125 - - [20/Apr/2014:00:21:16 +0200] "POST /user HTTP/1.0" 200 10167 www.porygondex.com "http://www.porygondex.com/user" "Mozilla/5.0 (Windows NT 6.3; WOW64; rv:26.0) Gecko/20100101 Firefox/26.0" "-"
198.27.67.125 - - [20/Apr/2014:00:21:17 +0200] "GET /forum HTTP/1.0" 200 17656 www.porygondex.com "http://www.porygondex.com/forum" "Mozilla/5.0 (Windows NT 6.3; WOW64; rv:26.0) Gecko/20100101 Firefox/26.0" "-"
198.27.67.125 - - [20/Apr/2014:00:21:19 +0200] "GET /forum/1 HTTP/1.0" 200 15746 www.porygondex.com "http://www.porygondex.com/forum/1" "Mozilla/5.0 (Windows NT 6.3; WOW64; rv:26.0) Gecko/20100101 Firefox/26.0" "-"
198.27.67.125 - - [20/Apr/2014:00:21:20 +0200] "GET /forum/1 HTTP/1.0" 200 15746 www.porygondex.com "http://www.porygondex.com/forum/1" "Mozilla/5.0 (Windows NT 6.3; WOW64; rv:26.0) Gecko/20100101 Firefox/26.0" "-"
198.27.67.125 - - [20/Apr/2014:00:21:22 +0200] "GET /forum/4 HTTP/1.0" 200 23945 www.porygondex.com "http://www.porygondex.com/4" "Mozilla/5.0 (Windows NT 6.3; WOW64; rv:26.0) Gecko/20100101 Firefox/26.0" "-"
198.27.67.125 - - [20/Apr/2014:00:21:23 +0200] "GET /forum/4 HTTP/1.0" 200 23945 www.porygondex.com "http://www.porygondex.com/forum/4" "Mozilla/5.0 (Windows NT 6.3; WOW64; rv:26.0) Gecko/20100101 Firefox/26.0" "-"
188.165.223.222 - - [20/Apr/2014:00:21:29 +0200] "GET /node/56 HTTP/1.0" 200 16692 www.porygondex.com "http://www.porygondex.com/node/56" "Mozilla/5.0 (Windows NT 5.1) AppleWebKit/537.36 (KHTML, like Gecko) Chrome/33.0.1750.146 Safari/537.36" "-"
188.165.223.222 - - [20/Apr/2014:00:21:30 +0200] "GET /user HTTP/1.0" 200 9914 www.porygondex.com "http://www.porygondex.com/user" "Mozilla/5.0 (Windows NT 5.1) AppleWebKit/537.36 (KHTML, like Gecko) Chrome/33.0.1750.146 Safari/537.36" "-"
188.165.223.222 - - [20/Apr/2014:00:21:32 +0200] "POST /user HTTP/1.0" 200 10167 www.porygondex.com "http://www.porygondex.com/user" "Mozilla/5.0 (Windows NT 5.1) AppleWebKit/537.36 (KHTML, like Gecko) Chrome/33.0.1750.146 Safari/537.36" "-"
188.165.223.222 - - [20/Apr/2014:00:21:33 +0200] "GET /forum HTTP/1.0" 200 17656 www.porygondex.com "http://www.porygondex.com/forum" "Mozilla/5.0 (Windows NT 5.1) AppleWebKit/537.36 (KHTML, like Gecko) Chrome/33.0.1750.146 Safari/537.36" "-"
188.165.223.222 - - [20/Apr/2014:00:21:34 +0200] "GET /forum/1 HTTP/1.0" 200 15746 www.porygondex.com "http://www.porygondex.com/forum/1" "Mozilla/5.0 (Windows NT 5.1) AppleWebKit/537.36 (KHTML, like Gecko) Chrome/33.0.1750.146 Safari/537.36" "-"
188.165.223.222 - - [20/Apr/2014:00:21:36 +0200] "GET /forum/1 HTTP/1.0" 200 15746 www.porygondex.com "http://www.porygondex.com/forum/1" "Mozilla/5.0 (Windows NT 5.1) AppleWebKit/537.36 (KHTML, like Gecko) Chrome/33.0.1750.146 Safari/537.36" "-"
188.165.223.222 - - [20/Apr/2014:00:21:38 +0200] "GET /forum/4 HTTP/1.0" 200 23945 www.porygondex.com "http://www.porygondex.com/4" "Mozilla/5.0 (Windows NT 5.1) AppleWebKit/537.36 (KHTML, like Gecko) Chrome/33.0.1750.146 Safari/537.36" "-"
188.165.223.222 - - [20/Apr/2014:00:21:40 +0200] "GET /forum/4 HTTP/1.0" 200 23945 www.porygondex.com "http://www.porygondex.com/forum/4" "Mozilla/5.0 (Windows NT 5.1) AppleWebKit/537.36 (KHTML, like Gecko) Chrome/33.0.1750.146 Safari/537.36" "-"
37.187.73.216 - - [20/Apr/2014:00:22:12 +0200] "GET / HTTP/1.0" 200 38129 www.porygondex.com "http://www.porygondex.com/" "Mozilla/5.0 (Windows NT 5.1) AppleWebKit/537.36 (KHTML, like Gecko) Chrome/32.0.1700.102 Safari/537.36" "-"
37.187.73.216 - - [20/Apr/2014:00:22:14 +0200] "GET /user/login?destination=node/767%23comment-form HTTP/1.0" 200 9984 www.porygondex.com "http://www.porygondex.com/user/login?destination=node/767%23comment-form" "Mozilla/5.0 (Windows NT 5.1) AppleWebKit/537.36 (KHTML, like Gecko) Chrome/32.0.1700.102 Safari/537.36" "-"
37.187.73.216 - - [20/Apr/2014:00:22:15 +0200] "POST /user/login?destination=node/767%23comment-form HTTP/1.0" 200 10229 www.porygondex.com "http://www.porygondex.com/user/login?destination=node/767%23comment-form" "Mozilla/5.0 (Windows NT 5.1) AppleWebKit/537.36 (KHTML, like Gecko) Chrome/32.0.1700.102 Safari/537.36" "-"
37.187.73.216 - - [20/Apr/2014:00:22:16 +0200] "GET /node/773 HTTP/1.0" 200 16466 www.porygondex.com "http://www.porygondex.com/node/773" "Mozilla/5.0 (Windows NT 5.1) AppleWebKit/537.36 (KHTML, like Gecko) Chrome/32.0.1700.102 Safari/537.36" "-"
37.187.73.216 - - [20/Apr/2014:00:22:17 +0200] "GET /node/772 HTTP/1.0" 200 16528 www.porygondex.com "http://www.porygondex.com/772" "Mozilla/5.0 (Windows NT 5.1) AppleWebKit/537.36 (KHTML, like Gecko) Chrome/32.0.1700.102 Safari/537.36" "-"
37.187.73.216 - - [20/Apr/2014:00:22:18 +0200] "GET /node/771 HTTP/1.0" 200 16287 www.porygondex.com "http://www.porygondex.com/771" "Mozilla/5.0 (Windows NT 5.1) AppleWebKit/537.36 (KHTML, like Gecko) Chrome/32.0.1700.102 Safari/537.36" "-"
37.187.73.216 - - [20/Apr/2014:00:22:19 +0200] "GET /node/770 HTTP/1.0" 200 17002 www.porygondex.com "http://www.porygondex.com/770" "Mozilla/5.0 (Windows NT 5.1) AppleWebKit/537.36 (KHTML, like Gecko) Chrome/32.0.1700.102 Safari/537.36" "-"
37.187.73.216 - - [20/Apr/2014:00:22:20 +0200] "GET /node/769 HTTP/1.0" 200 16515 www.porygondex.com "http://www.porygondex.com/769" "Mozilla/5.0 (Windows NT 5.1) AppleWebKit/537.36 (KHTML, like Gecko) Chrome/32.0.1700.102 Safari/537.36" "-"
192.157.235.172 - - [20/Apr/2014:00:24:55 +0200] "GET /node/56 HTTP/1.0" 200 16692 www.porygondex.com "http://www.porygondex.com/node/56" "Mozilla/5.0 (Windows NT 5.1) AppleWebKit/537.36 (KHTML, like Gecko) Chrome/32.0.1700.102 Safari/537.36" "-"
192.157.235.172 - - [20/Apr/2014:00:25:03 +0200] "GET /user HTTP/1.0" 200 9914 www.porygondex.com "http://www.porygondex.com/user" "Mozilla/5.0 (Windows NT 5.1) AppleWebKit/537.36 (KHTML, like Gecko) Chrome/32.0.1700.102 Safari/537.36" "-"
192.157.235.172 - - [20/Apr/2014:00:25:07 +0200] "POST /user HTTP/1.0" 200 10167 www.porygondex.com "http://www.porygondex.com/user" "Mozilla/5.0 (Windows NT 5.1) AppleWebKit/537.36 (KHTML, like Gecko) Chrome/32.0.1700.102 Safari/537.36" "-"
192.157.235.172 - - [20/Apr/2014:00:25:10 +0200] "GET /forum HTTP/1.0" 200 17656 www.porygondex.com "http://www.porygondex.com/forum" "Mozilla/5.0 (Windows NT 5.1) AppleWebKit/537.36 (KHTML, like Gecko) Chrome/32.0.1700.102 Safari/537.36" "-"
192.157.235.172 - - [20/Apr/2014:00:25:15 +0200] "GET /forum/1 HTTP/1.0" 200 15746 www.porygondex.com "http://www.porygondex.com/forum/1" "Mozilla/5.0 (Windows NT 5.1) AppleWebKit/537.36 (KHTML, like Gecko) Chrome/32.0.1700.102 Safari/537.36" "-"
192.157.235.172 - - [20/Apr/2014:00:25:24 +0200] "GET /forum/1 HTTP/1.0" 200 15746 www.porygondex.com "http://www.porygondex.com/forum/1" "Mozilla/5.0 (Windows NT 5.1) AppleWebKit/537.36 (KHTML, like Gecko) Chrome/32.0.1700.102 Safari/537.36" "-"
192.157.235.172 - - [20/Apr/2014:00:25:31 +0200] "GET /forum/4 HTTP/1.0" 200 23945 www.porygondex.com "http://www.porygondex.com/4" "Mozilla/5.0 (Windows NT 5.1) AppleWebKit/537.36 (KHTML, like Gecko) Chrome/32.0.1700.102 Safari/537.36" "-"
192.157.235.172 - - [20/Apr/2014:00:25:36 +0200] "GET /forum/4 HTTP/1.0" 200 23945 www.porygondex.com "http://www.porygondex.com/forum/4" "Mozilla/5.0 (Windows NT 5.1) AppleWebKit/537.36 (KHTML, like Gecko) Chrome/32.0.1700.102 Safari/537.36" "-"
172.246.198.179 - - [20/Apr/2014:00:26:11 +0200] "GET /node/56 HTTP/1.0" 200 16692 www.porygondex.com "http://www.porygondex.com/node/56" "Mozilla/5.0 (Windows NT 6.1; WOW64) AppleWebKit/537.36 (KHTML, like Gecko) Chrome/33.0.1750.117 Safari/537.36 OPR/20.0.1387.64" "-"
172.246.198.179 - - [20/Apr/2014:00:26:15 +0200] "GET /user HTTP/1.0" 200 9914 www.porygondex.com "http://www.porygondex.com/user" "Mozilla/5.0 (Windows NT 6.1; WOW64) AppleWebKit/537.36 (KHTML, like Gecko) Chrome/33.0.1750.117 Safari/537.36 OPR/20.0.1387.64" "-"
172.246.198.179 - - [20/Apr/2014:00:26:17 +0200] "POST /user HTTP/1.0" 200 10155 www.porygondex.com "http://www.porygondex.com/user" "Mozilla/5.0 (Windows NT 6.1; WOW64) AppleWebKit/537.36 (KHTML, like Gecko) Chrome/33.0.1750.117 Safari/537.36 OPR/20.0.1387.64" "-"
