172.246.129.115 - - [20/Apr/2014:02:18:23 +0200] "GET /forum/4 HTTP/1.0" 200 23945 www.porygondex.com "http://www.porygondex.com/forum/4" "Mozilla/5.0 (Windows NT 5.1) AppleWebKit/537.36 (KHTML, like Gecko) Chrome/33.0.1750.117 Safari/537.36" "-"
192.99.7.177 - - [20/Apr/2014:02:18:44 +0200] "GET /node/user/password?name=ramatfrzn HTTP/1.0" 200 7853 www.porygondex.com "http://www.porygondex.com/node/user/password?name=ramatfrzn" "Mozilla/5.0 (Windows NT 6.1) AppleWebKit/537.36 (KHTML, like Gecko) Chrome/32.0.1700.102 Safari/537.36" "-"
192.99.7.177 - - [20/Apr/2014:02:18:44 +0200] "GET / HTTP/1.0" 200 38129 www.porygondex.com "http://www.porygondex.com/" "Mozilla/5.0 (Windows NT 6.1) AppleWebKit/537.36 (KHTML, like Gecko) Chrome/32.0.1700.102 Safari/537.36" "-"
192.99.7.177 - - [20/Apr/2014:02:18:46 +0200] "GET /user/login?destination=node/767%23comment-form HTTP/1.0" 200 9984 www.porygondex.com "http://www.porygondex.com/user/login?destination=node/767%23comment-form" "Mozilla/5.0 (Windows NT 6.1) AppleWebKit/537.36 (KHTML, like Gecko) Chrome/32.0.1700.102 Safari/537.36" "-"
192.99.7.177 - - [20/Apr/2014:02:18:47 +0200] "POST /user/login?destination=node/767%23comment-form HTTP/1.0" 200 10227 www.porygondex.com "http://www.porygondex.com/user/login?destination=node/767%23comment-form" "Mozilla/5.0 (Windows NT 6.1) AppleWebKit/537.36 (KHTML, like Gecko) Chrome/32.0.1700.102 Safari/537.36" "-"
192.99.7.177 - - [20/Apr/2014:02:18:48 +0200] "GET /node/773 HTTP/1.0" 200 16466 www.porygondex.com "http://www.porygondex.com/node/773" "Mozilla/5.0 (Windows NT 6.1) AppleWebKit/537.36 (KHTML, like Gecko) Chrome/32.0.1700.102 Safari/537.36" "-"
192.99.7.177 - - [20/Apr/2014:02:18:51 +0200] "GET /node/772 HTTP/1.0" 200 16528 www.porygondex.com "http://www.porygondex.com/772" "Mozilla/5.0 (Windows NT 6.1) AppleWebKit/537.36 (KHTML, like Gecko) Chrome/32.0.1700.102 Safari/537.36" "-"
192.99.7.177 - - [20/Apr/2014:02:18:54 +0200] "GET /node/771 HTTP/1.0" 200 16287 www.porygondex.com "http://www.porygondex.com/771" "Mozilla/5.0 (Windows NT 6.1) AppleWebKit/537.36 (KHTML, like Gecko) Chrome/32.0.1700.102 Safari/537.36" "-"
192.99.7.177 - - [20/Apr/2014:02:18:56 +0200] "GET /node/770 HTTP/1.0" 200 17002 www.porygondex.com "http://www.porygondex.com/770" "Mozilla/5.0 (Windows NT 6.1) AppleWebKit/537.36 (KHTML, like Gecko) Chrome/32.0.1700.102 Safari/537.36" "-"
192.99.7.177 - - [20/Apr/2014:02:19:00 +0200] "GET /node/769 HTTP/1.0" 200 16515 www.porygondex.com "http://www.porygondex.com/769" "Mozilla/5.0 (Windows NT 6.1) AppleWebKit/537.36 (KHTML, like Gecko) Chrome/32.0.1700.102 Safari/537.36" "-"
192.99.7.177 - - [20/Apr/2014:02:19:01 +0200] "GET /node/768 HTTP/1.0" 200 16811 www.porygondex.com "http://www.porygondex.com/768" "Mozilla/5.0 (Windows NT 6.1) AppleWebKit/537.36 (KHTML, like Gecko) Chrome/32.0.1700.102 Safari/537.36" "-"
192.99.7.177 - - [20/Apr/2014:02:19:02 +0200] "GET /forum HTTP/1.0" 200 17656 www.porygondex.com "http://www.porygondex.com/forum" "Mozilla/5.0 (Windows NT 6.1) AppleWebKit/537.36 (KHTML, like Gecko) Chrome/32.0.1700.102 Safari/537.36" "-"
192.99.7.177 - - [20/Apr/2014:02:19:05 +0200] "GET /forum/1 HTTP/1.0" 200 15746 www.porygondex.com "http://www.porygondex.com/forum/1" "Mozilla/5.0 (Windows NT 6.1) AppleWebKit/537.36 (KHTML, like Gecko) Chrome/32.0.1700.102 Safari/537.36" "-"
192.99.7.177 - - [20/Apr/2014:02:19:06 +0200] "GET /forum/1 HTTP/1.0" 200 15746 www.porygondex.com "http://www.porygondex.com/forum/1" "Mozilla/5.0 (Windows NT 6.1) AppleWebKit/537.36 (KHTML, like Gecko) Chrome/32.0.1700.102 Safari/537.36" "-"
192.99.7.177 - - [20/Apr/2014:02:19:07 +0200] "GET /node/764 HTTP/1.0" 200 17028 www.porygondex.com "http://www.porygondex.com/node/764" "Mozilla/5.0 (Windows NT 6.1) AppleWebKit/537.36 (KHTML, like Gecko) Chrome/32.0.1700.102 Safari/537.36" "-"
180.76.6.60 - - [20/Apr/2014:02:19:18 +0200] "GET /node/150 HTTP/1.1" 200 16232 www.porygondex.com "-" "Mozilla/5.0 (compatible; Baiduspider/2.0; +http://www.baidu.com/search/spider.html)" "-"
192.157.235.172 - - [20/Apr/2014:02:20:37 +0200] "GET /node/56 HTTP/1.0" 200 16692 www.porygondex.com "http://www.porygondex.com/node/56" "Mozilla/5.0 (Windows NT 6.3; WOW64; rv:26.0) Gecko/20100101 Firefox/26.0" "-"
192.157.235.172 - - [20/Apr/2014:02:20:39 +0200] "GET /user HTTP/1.0" 200 9914 www.porygondex.com "http://www.porygondex.com/user" "Mozilla/5.0 (Windows NT 6.3; WOW64; rv:26.0) Gecko/20100101 Firefox/26.0" "-"
192.157.235.172 - - [20/Apr/2014:02:20:40 +0200] "POST /user HTTP/1.0" 200 10167 www.porygondex.com "http://www.porygondex.com/user" "Mozilla/5.0 (Windows NT 6.3; WOW64; rv:26.0) Gecko/20100101 Firefox/26.0" "-"
192.157.235.172 - - [20/Apr/2014:02:20:41 +0200] "GET /forum HTTP/1.0" 200 17656 www.porygondex.com "http://www.porygondex.com/forum" "Mozilla/5.0 (Windows NT 6.3; WOW64; rv:26.0) Gecko/20100101 Firefox/26.0" "-"
192.157.235.172 - - [20/Apr/2014:02:20:42 +0200] "GET /forum/1 HTTP/1.0" 200 15746 www.porygondex.com "http://www.porygondex.com/forum/1" "Mozilla/5.0 (Windows NT 6.3; WOW64; rv:26.0) Gecko/20100101 Firefox/26.0" "-"
192.157.235.172 - - [20/Apr/2014:02:20:44 +0200] "GET /forum/1 HTTP/1.0" 200 15746 www.porygondex.com "http://www.porygondex.com/forum/1" "Mozilla/5.0 (Windows NT 6.3; WOW64; rv:26.0) Gecko/20100101 Firefox/26.0" "-"
192.157.235.172 - - [20/Apr/2014:02:20:45 +0200] "GET /forum/4 HTTP/1.0" 200 23945 www.porygondex.com "http://www.porygondex.com/4" "Mozilla/5.0 (Windows NT 6.3; WOW64; rv:26.0) Gecko/20100101 Firefox/26.0" "-"
192.157.235.172 - - [20/Apr/2014:02:20:47 +0200] "GET /forum/4 HTTP/1.0" 200 23945 www.porygondex.com "http://www.porygondex.com/forum/4" "Mozilla/5.0 (Windows NT 6.3; WOW64; rv:26.0) Gecko/20100101 Firefox/26.0" "-"
192.157.235.172 - - [20/Apr/2014:02:22:09 +0200] "GET /node/56 HTTP/1.0" 200 16692 www.porygondex.com "http://www.porygondex.com/node/56" "Mozilla/5.0 (Windows NT 5.1) AppleWebKit/537.36 (KHTML, like Gecko) Chrome/32.0.1700.102 Safari/537.36" "-"
192.157.235.172 - - [20/Apr/2014:02:22:10 +0200] "GET /user HTTP/1.0" 200 9914 www.porygondex.com "http://www.porygondex.com/user" "Mozilla/5.0 (Windows NT 5.1) AppleWebKit/537.36 (KHTML, like Gecko) Chrome/32.0.1700.102 Safari/537.36" "-"
192.157.235.172 - - [20/Apr/2014:02:22:12 +0200] "POST /user HTTP/1.0" 200 10157 www.porygondex.com "http://www.porygondex.com/user" "Mozilla/5.0 (Windows NT 5.1) AppleWebKit/537.36 (KHTML, like Gecko) Chrome/32.0.1700.102 Safari/537.36" "-"
192.157.235.172 - - [20/Apr/2014:02:22:13 +0200] "GET /forum HTTP/1.0" 200 17656 www.porygondex.com "http://www.porygondex.com/forum" "Mozilla/5.0 (Windows NT 5.1) AppleWebKit/537.36 (KHTML, like Gecko) Chrome/32.0.1700.102 Safari/537.36" "-"
192.157.235.172 - - [20/Apr/2014:02:22:14 +0200] "GET /forum/1 HTTP/1.0" 200 15746 www.porygondex.com "http://www.porygondex.com/forum/1" "Mozilla/5.0 (Windows NT 5.1) AppleWebKit/537.36 (KHTML, like Gecko) Chrome/32.0.1700.102 Safari/537.36" "-"
192.157.235.172 - - [20/Apr/2014:02:22:16 +0200] "GET /forum/1 HTTP/1.0" 200 15746 www.porygondex.com "http://www.porygondex.com/forum/1" "Mozilla/5.0 (Windows NT 5.1) AppleWebKit/537.36 (KHTML, like Gecko) Chrome/32.0.1700.102 Safari/537.36" "-"
192.157.235.172 - - [20/Apr/2014:02:22:17 +0200] "GET /forum/4 HTTP/1.0" 200 23945 www.porygondex.com "http://www.porygondex.com/4" "Mozilla/5.0 (Windows NT 5.1) AppleWebKit/537.36 (KHTML, like Gecko) Chrome/32.0.1700.102 Safari/537.36" "-"
192.157.235.172 - - [20/Apr/2014:02:22:19 +0200] "GET /forum/4 HTTP/1.0" 200 23945 www.porygondex.com "http://www.porygondex.com/forum/4" "Mozilla/5.0 (Windows NT 5.1) AppleWebKit/537.36 (KHTML, like Gecko) Chrome/32.0.1700.102 Safari/537.36" "-"
188.165.223.222 - - [20/Apr/2014:02:22:26 +0200] "GET /node/56 HTTP/1.0" 200 16692 www.porygondex.com "http://www.porygondex.com/node/56" "Mozilla/5.0 (Windows NT 6.1; WOW64) AppleWebKit/537.36 (KHTML, like Gecko) Chrome/32.0.1700.102 Safari/537.36" "-"
188.165.223.222 - - [20/Apr/2014:02:23:17 +0200] "GET /user HTTP/1.0" 200 9914 www.porygondex.com "http://www.porygondex.com/user" "Mozilla/5.0 (Windows NT 6.1; WOW64) AppleWebKit/537.36 (KHTML, like Gecko) Chrome/32.0.1700.102 Safari/537.36" "-"
188.165.223.222 - - [20/Apr/2014:02:23:21 +0200] "POST /user HTTP/1.0" 200 10167 www.porygondex.com "http://www.porygondex.com/user" "Mozilla/5.0 (Windows NT 6.1; WOW64) AppleWebKit/537.36 (KHTML, like Gecko) Chrome/32.0.1700.102 Safari/537.36" "-"
37.187.135.29 - - [20/Apr/2014:02:23:24 +0200] "GET /node/56 HTTP/1.0" 200 16692 www.porygondex.com "http://www.porygondex.com/node/56" "Mozilla/5.0 (Windows NT 6.1; rv:26.0) Gecko/20100101 Firefox/26.0" "-"
37.187.135.29 - - [20/Apr/2014:02:23:25 +0200] "GET /user HTTP/1.0" 200 9914 www.porygondex.com "http://www.porygondex.com/user" "Mozilla/5.0 (Windows NT 6.1; rv:26.0) Gecko/20100101 Firefox/26.0" "-"
37.187.135.29 - - [20/Apr/2014:02:23:26 +0200] "POST /user HTTP/1.0" 200 10157 www.porygondex.com "http://www.porygondex.com/user" "Mozilla/5.0 (Windows NT 6.1; rv:26.0) Gecko/20100101 Firefox/26.0" "-"
37.187.135.29 - - [20/Apr/2014:02:23:26 +0200] "GET /forum HTTP/1.0" 200 17656 www.porygondex.com "http://www.porygondex.com/forum" "Mozilla/5.0 (Windows NT 6.1; rv:26.0) Gecko/20100101 Firefox/26.0" "-"
37.187.135.29 - - [20/Apr/2014:02:23:27 +0200] "GET /forum/1 HTTP/1.0" 200 15746 www.porygondex.com "http://www.porygondex.com/forum/1" "Mozilla/5.0 (Windows NT 6.1; rv:26.0) Gecko/20100101 Firefox/26.0" "-"
37.187.135.29 - - [20/Apr/2014:02:23:29 +0200] "GET /forum/1 HTTP/1.0" 200 15746 www.porygondex.com "http://www.porygondex.com/forum/1" "Mozilla/5.0 (Windows NT 6.1; rv:26.0) Gecko/20100101 Firefox/26.0" "-"
37.187.135.29 - - [20/Apr/2014:02:23:30 +0200] "GET /forum/4 HTTP/1.0" 200 23945 www.porygondex.com "http://www.porygondex.com/4" "Mozilla/5.0 (Windows NT 6.1; rv:26.0) Gecko/20100101 Firefox/26.0" "-"
37.187.135.29 - - [20/Apr/2014:02:23:31 +0200] "GET /forum/4 HTTP/1.0" 200 23945 www.porygondex.com "http://www.porygondex.com/forum/4" "Mozilla/5.0 (Windows NT 6.1; rv:26.0) Gecko/20100101 Firefox/26.0" "-"
188.165.223.222 - - [20/Apr/2014:02:23:37 +0200] "GET /forum HTTP/1.0" 200 17656 www.porygondex.com "http://www.porygondex.com/forum" "Mozilla/5.0 (Windows NT 6.1; WOW64) AppleWebKit/537.36 (KHTML, like Gecko) Chrome/32.0.1700.102 Safari/537.36" "-"
188.165.223.222 - - [20/Apr/2014:02:23:58 +0200] "GET /forum/1 HTTP/1.0" 200 15746 www.porygondex.com "http://www.porygondex.com/forum/1" "Mozilla/5.0 (Windows NT 6.1; WOW64) AppleWebKit/537.36 (KHTML, like Gecko) Chrome/32.0.1700.102 Safari/537.36" "-"
188.165.223.222 - - [20/Apr/2014:02:24:16 +0200] "GET /forum/1 HTTP/1.0" 200 15746 www.porygondex.com "http://www.porygondex.com/forum/1" "Mozilla/5.0 (Windows NT 6.1; WOW64) AppleWebKit/537.36 (KHTML, like Gecko) Chrome/32.0.1700.102 Safari/537.36" "-"
37.187.135.29 - - [20/Apr/2014:02:24:20 +0200] "GET /node/56 HTTP/1.0" 200 16692 www.porygondex.com "http://www.porygondex.com/node/56" "Mozilla/5.0 (Windows NT 6.1; WOW64) AppleWebKit/537.36 (KHTML, like Gecko) Chrome/33.0.1750.117 Safari/537.36" "-"
37.187.135.29 - - [20/Apr/2014:02:24:22 +0200] "GET /user HTTP/1.0" 200 9914 www.porygondex.com "http://www.porygondex.com/user" "Mozilla/5.0 (Windows NT 6.1; WOW64) AppleWebKit/537.36 (KHTML, like Gecko) Chrome/33.0.1750.117 Safari/537.36" "-"
37.187.135.29 - - [20/Apr/2014:02:24:23 +0200] "POST /user HTTP/1.0" 200 10159 www.porygondex.com "http://www.porygondex.com/user" "Mozilla/5.0 (Windows NT 6.1; WOW64) AppleWebKit/537.36 (KHTML, like Gecko) Chrome/33.0.1750.117 Safari/537.36" "-"
37.187.135.29 - - [20/Apr/2014:02:24:25 +0200] "GET /forum HTTP/1.0" 200 17656 www.porygondex.com "http://www.porygondex.com/forum" "Mozilla/5.0 (Windows NT 6.1; WOW64) AppleWebKit/537.36 (KHTML, like Gecko) Chrome/33.0.1750.117 Safari/537.36" "-"
37.187.135.29 - - [20/Apr/2014:02:24:25 +0200] "GET /forum/1 HTTP/1.0" 200 15746 www.porygondex.com "http://www.porygondex.com/forum/1" "Mozilla/5.0 (Windows NT 6.1; WOW64) AppleWebKit/537.36 (KHTML, like Gecko) Chrome/33.0.1750.117 Safari/537.36" "-"
37.187.135.29 - - [20/Apr/2014:02:24:27 +0200] "GET /forum/1 HTTP/1.0" 200 15746 www.porygondex.com "http://www.porygondex.com/forum/1" "Mozilla/5.0 (Windows NT 6.1; WOW64) AppleWebKit/537.36 (KHTML, like Gecko) Chrome/33.0.1750.117 Safari/537.36" "-"
37.187.135.29 - - [20/Apr/2014:02:24:28 +0200] "GET /forum/4 HTTP/1.0" 200 23945 www.porygondex.com "http://www.porygondex.com/4" "Mozilla/5.0 (Windows NT 6.1; WOW64) AppleWebKit/537.36 (KHTML, like Gecko) Chrome/33.0.1750.117 Safari/537.36" "-"
37.187.135.29 - - [20/Apr/2014:02:24:29 +0200] "GET /forum/4 HTTP/1.0" 200 23945 www.porygondex.com "http://www.porygondex.com/forum/4" "Mozilla/5.0 (Windows NT 6.1; WOW64) AppleWebKit/537.36 (KHTML, like Gecko) Chrome/33.0.1750.117 Safari/537.36" "-"
188.165.223.222 - - [20/Apr/2014:02:24:42 +0200] "GET /forum/4 HTTP/1.0" 200 23945 www.porygondex.com "http://www.porygondex.com/4" "Mozilla/5.0 (Windows NT 6.1; WOW64) AppleWebKit/537.36 (KHTML, like Gecko) Chrome/32.0.1700.102 Safari/537.36" "-"
188.17.70.248 - - [20/Apr/2014:02:24:54 +0200] "GET /node/ HTTP/1.0" 200 243 porygondex.com "http://porygondex.com/node/" "Mozilla/5.0 (Windows NT 6.1) AppleWebKit/537.36 (KHTML, like Gecko) Chrome/30.0.1599.13014 YaBrowser/13.12.1599.13014 Safari/537.36" "-"
188.17.70.248 - - [20/Apr/2014:02:24:54 +0200] "GET /index.php HTTP/1.0" 200 38138 www.porygondex.com "http://www.porygondex.com/index.php" "Mozilla/5.0 (Windows NT 6.1) AppleWebKit/537.36 (KHTML, like Gecko) Chrome/30.0.1599.13014 YaBrowser/13.12.1599.13014 Safari/537.36" "-"
188.17.70.248 - - [20/Apr/2014:02:24:56 +0200] "GET /user/login?destination=node/767%23comment-form HTTP/1.0" 200 9984 www.porygondex.com "http://www.porygondex.com/user/login?destination=node/767%23comment-form" "Mozilla/5.0 (Windows NT 6.1) AppleWebKit/537.36 (KHTML, like Gecko) Chrome/30.0.1599.13014 YaBrowser/13.12.1599.13014 Safari/537.36" "-"
188.17.70.248 - - [20/Apr/2014:02:24:56 +0200] "POST /user/login?destination=node/767%23comment-form HTTP/1.0" 200 10229 www.porygondex.com "http://www.porygondex.com/user/login?destination=node/767%23comment-form" "Mozilla/5.0 (Windows NT 6.1) AppleWebKit/537.36 (KHTML, like Gecko) Chrome/30.0.1599.13014 YaBrowser/13.12.1599.13014 Safari/537.36" "-"
188.17.70.248 - - [20/Apr/2014:02:24:57 +0200] "GET /node/773 HTTP/1.0" 200 16466 www.porygondex.com "http://www.porygondex.com/node/773" "Mozilla/5.0 (Windows NT 6.1) AppleWebKit/537.36 (KHTML, like Gecko) Chrome/30.0.1599.13014 YaBrowser/13.12.1599.13014 Safari/537.36" "-"
188.17.70.248 - - [20/Apr/2014:02:24:58 +0200] "GET /node/772 HTTP/1.0" 200 16528 www.porygondex.com "http://www.porygondex.com/772" "Mozilla/5.0 (Windows NT 6.1) AppleWebKit/537.36 (KHTML, like Gecko) Chrome/30.0.1599.13014 YaBrowser/13.12.1599.13014 Safari/537.36" "-"
188.17.70.248 - - [20/Apr/2014:02:24:59 +0200] "GET /node/771 HTTP/1.0" 200 16287 www.porygondex.com "http://www.porygondex.com/771" "Mozilla/5.0 (Windows NT 6.1) AppleWebKit/537.36 (KHTML, like Gecko) Chrome/30.0.1599.13014 YaBrowser/13.12.1599.13014 Safari/537.36" "-"
188.17.70.248 - - [20/Apr/2014:02:25:00 +0200] "GET /node/770 HTTP/1.0" 200 17002 www.porygondex.com "http://www.porygondex.com/770" "Mozilla/5.0 (Windows NT 6.1) AppleWebKit/537.36 (KHTML, like Gecko) Chrome/30.0.1599.13014 YaBrowser/13.12.1599.13014 Safari/537.36" "-"
188.17.70.248 - - [20/Apr/2014:02:25:01 +0200] "GET /node/769 HTTP/1.0" 200 16515 www.porygondex.com "http://www.porygondex.com/769" "Mozilla/5.0 (Windows NT 6.1) AppleWebKit/537.36 (KHTML, like Gecko) Chrome/30.0.1599.13014 YaBrowser/13.12.1599.13014 Safari/537.36" "-"
37.187.73.216 - - [20/Apr/2014:02:25:03 +0200] "GET / HTTP/1.0" 200 38129 www.porygondex.com "http://www.porygondex.com/" "Mozilla/5.0 (Windows NT 6.1; WOW64) AppleWebKit/537.36 (KHTML, like Gecko) Chrome/33.0.1750.117 Safari/537.36" "-"
188.17.70.248 - - [20/Apr/2014:02:25:03 +0200] "GET /node/768 HTTP/1.0" 200 16811 www.porygondex.com "http://www.porygondex.com/768" "Mozilla/5.0 (Windows NT 6.1) AppleWebKit/537.36 (KHTML, like Gecko) Chrome/30.0.1599.13014 YaBrowser/13.12.1599.13014 Safari/537.36" "-"
37.187.73.216 - - [20/Apr/2014:02:25:04 +0200] "GET /user/login?destination=node/767%23comment-form HTTP/1.0" 200 9984 www.porygondex.com "http://www.porygondex.com/user/login?destination=node/767%23comment-form" "Mozilla/5.0 (Windows NT 6.1; WOW64) AppleWebKit/537.36 (KHTML, like Gecko) Chrome/33.0.1750.117 Safari/537.36" "-"
188.17.70.248 - - [20/Apr/2014:02:25:05 +0200] "GET /forum HTTP/1.0" 200 17656 www.porygondex.com "http://www.porygondex.com/forum" "Mozilla/5.0 (Windows NT 6.1) AppleWebKit/537.36 (KHTML, like Gecko) Chrome/30.0.1599.13014 YaBrowser/13.12.1599.13014 Safari/537.36" "-"
37.187.73.216 - - [20/Apr/2014:02:25:05 +0200] "POST /user/login?destination=node/767%23comment-form HTTP/1.0" 200 10229 www.porygondex.com "http://www.porygondex.com/user/login?destination=node/767%23comment-form" "Mozilla/5.0 (Windows NT 6.1; WOW64) AppleWebKit/537.36 (KHTML, like Gecko) Chrome/33.0.1750.117 Safari/537.36" "-"
188.165.223.222 - - [20/Apr/2014:02:25:07 +0200] "GET /forum/4 HTTP/1.0" 200 23945 www.porygondex.com "http://www.porygondex.com/forum/4" "Mozilla/5.0 (Windows NT 6.1; WOW64) AppleWebKit/537.36 (KHTML, like Gecko) Chrome/32.0.1700.102 Safari/537.36" "-"
37.187.73.216 - - [20/Apr/2014:02:25:07 +0200] "GET /node/773 HTTP/1.0" 200 16466 www.porygondex.com "http://www.porygondex.com/node/773" "Mozilla/5.0 (Windows NT 6.1; WOW64) AppleWebKit/537.36 (KHTML, like Gecko) Chrome/33.0.1750.117 Safari/537.36" "-"
188.17.70.248 - - [20/Apr/2014:02:25:07 +0200] "GET /forum/1 HTTP/1.0" 200 15746 www.porygondex.com "http://www.porygondex.com/forum/1" "Mozilla/5.0 (Windows NT 6.1) AppleWebKit/537.36 (KHTML, like Gecko) Chrome/30.0.1599.13014 YaBrowser/13.12.1599.13014 Safari/537.36" "-"
37.187.73.216 - - [20/Apr/2014:02:25:08 +0200] "GET /node/772 HTTP/1.0" 200 16528 www.porygondex.com "http://www.porygondex.com/772" "Mozilla/5.0 (Windows NT 6.1; WOW64) AppleWebKit/537.36 (KHTML, like Gecko) Chrome/33.0.1750.117 Safari/537.36" "-"
188.17.70.248 - - [20/Apr/2014:02:25:09 +0200] "GET /forum/1 HTTP/1.0" 200 15746 www.porygondex.com "http://www.porygondex.com/forum/1" "Mozilla/5.0 (Windows NT 6.1) AppleWebKit/537.36 (KHTML, like Gecko) Chrome/30.0.1599.13014 YaBrowser/13.12.1599.13014 Safari/537.36" "-"
37.187.73.216 - - [20/Apr/2014:02:25:10 +0200] "GET /node/771 HTTP/1.0" 200 16287 www.porygondex.com "http://www.porygondex.com/771" "Mozilla/5.0 (Windows NT 6.1; WOW64) AppleWebKit/537.36 (KHTML, like Gecko) Chrome/33.0.1750.117 Safari/537.36" "-"
37.187.73.216 - - [20/Apr/2014:02:25:11 +0200] "GET /node/770 HTTP/1.0" 200 17002 www.porygondex.com "http://www.porygondex.com/770" "Mozilla/5.0 (Windows NT 6.1; WOW64) AppleWebKit/537.36 (KHTML, like Gecko) Chrome/33.0.1750.117 Safari/537.36" "-"
37.187.73.216 - - [20/Apr/2014:02:25:13 +0200] "GET /node/769 HTTP/1.0" 200 16515 www.porygondex.com "http://www.porygondex.com/769" "Mozilla/5.0 (Windows NT 6.1; WOW64) AppleWebKit/537.36 (KHTML, like Gecko) Chrome/33.0.1750.117 Safari/537.36" "-"
198.27.67.125 - - [20/Apr/2014:02:25:24 +0200] "GET /node/56 HTTP/1.0" 200 16692 www.porygondex.com "http://www.porygondex.com/node/56" "Mozilla/5.0 (Windows NT 6.3; WOW64) AppleWebKit/537.36 (KHTML, like Gecko) Chrome/32.0.1700.107 Safari/537.36" "-"
198.27.67.125 - - [20/Apr/2014:02:25:25 +0200] "GET /user HTTP/1.0" 200 9914 www.porygondex.com "http://www.porygondex.com/user" "Mozilla/5.0 (Windows NT 6.3; WOW64) AppleWebKit/537.36 (KHTML, like Gecko) Chrome/32.0.1700.107 Safari/537.36" "-"
198.27.67.125 - - [20/Apr/2014:02:25:26 +0200] "POST /user HTTP/1.0" 200 10161 www.porygondex.com "http://www.porygondex.com/user" "Mozilla/5.0 (Windows NT 6.3; WOW64) AppleWebKit/537.36 (KHTML, like Gecko) Chrome/32.0.1700.107 Safari/537.36" "-"
37.187.135.29 - - [20/Apr/2014:02:25:27 +0200] "GET /node/56 HTTP/1.0" 200 16692 www.porygondex.com "http://www.porygondex.com/node/56" "Mozilla/5.0 (Windows NT 6.1) AppleWebKit/537.36 (KHTML, like Gecko) Chrome/32.0.1700.102 Safari/537.36" "-"
198.27.67.125 - - [20/Apr/2014:02:25:28 +0200] "GET /forum HTTP/1.0" 200 17656 www.porygondex.com "http://www.porygondex.com/forum" "Mozilla/5.0 (Windows NT 6.3; WOW64) AppleWebKit/537.36 (KHTML, like Gecko) Chrome/32.0.1700.107 Safari/537.36" "-"
37.187.135.29 - - [20/Apr/2014:02:25:29 +0200] "GET /user HTTP/1.0" 200 9914 www.porygondex.com "http://www.porygondex.com/user" "Mozilla/5.0 (Windows NT 6.1) AppleWebKit/537.36 (KHTML, like Gecko) Chrome/32.0.1700.102 Safari/537.36" "-"
198.27.67.125 - - [20/Apr/2014:02:25:29 +0200] "GET /forum/1 HTTP/1.0" 200 15746 www.porygondex.com "http://www.porygondex.com/forum/1" "Mozilla/5.0 (Windows NT 6.3; WOW64) AppleWebKit/537.36 (KHTML, like Gecko) Chrome/32.0.1700.107 Safari/537.36" "-"
37.187.135.29 - - [20/Apr/2014:02:25:29 +0200] "POST /user HTTP/1.0" 200 10161 www.porygondex.com "http://www.porygondex.com/user" "Mozilla/5.0 (Windows NT 6.1) AppleWebKit/537.36 (KHTML, like Gecko) Chrome/32.0.1700.102 Safari/537.36" "-"
37.187.135.29 - - [20/Apr/2014:02:25:30 +0200] "GET /forum HTTP/1.0" 200 17656 www.porygondex.com "http://www.porygondex.com/forum" "Mozilla/5.0 (Windows NT 6.1) AppleWebKit/537.36 (KHTML, like Gecko) Chrome/32.0.1700.102 Safari/537.36" "-"
198.27.67.125 - - [20/Apr/2014:02:25:30 +0200] "GET /forum/1 HTTP/1.0" 200 15746 www.porygondex.com "http://www.porygondex.com/forum/1" "Mozilla/5.0 (Windows NT 6.3; WOW64) AppleWebKit/537.36 (KHTML, like Gecko) Chrome/32.0.1700.107 Safari/537.36" "-"
37.187.135.29 - - [20/Apr/2014:02:25:31 +0200] "GET /forum/1 HTTP/1.0" 200 15746 www.porygondex.com "http://www.porygondex.com/forum/1" "Mozilla/5.0 (Windows NT 6.1) AppleWebKit/537.36 (KHTML, like Gecko) Chrome/32.0.1700.102 Safari/537.36" "-"
198.27.67.125 - - [20/Apr/2014:02:25:32 +0200] "GET /forum/4 HTTP/1.0" 200 23945 www.porygondex.com "http://www.porygondex.com/4" "Mozilla/5.0 (Windows NT 6.3; WOW64) AppleWebKit/537.36 (KHTML, like Gecko) Chrome/32.0.1700.107 Safari/537.36" "-"
37.187.135.29 - - [20/Apr/2014:02:25:32 +0200] "GET /forum/1 HTTP/1.0" 200 15746 www.porygondex.com "http://www.porygondex.com/forum/1" "Mozilla/5.0 (Windows NT 6.1) AppleWebKit/537.36 (KHTML, like Gecko) Chrome/32.0.1700.102 Safari/537.36" "-"
198.27.67.125 - - [20/Apr/2014:02:25:33 +0200] "GET /forum/4 HTTP/1.0" 200 23945 www.porygondex.com "http://www.porygondex.com/forum/4" "Mozilla/5.0 (Windows NT 6.3; WOW64) AppleWebKit/537.36 (KHTML, like Gecko) Chrome/32.0.1700.107 Safari/537.36" "-"
37.187.135.29 - - [20/Apr/2014:02:25:33 +0200] "GET /forum/4 HTTP/1.0" 200 23945 www.porygondex.com "http://www.porygondex.com/4" "Mozilla/5.0 (Windows NT 6.1) AppleWebKit/537.36 (KHTML, like Gecko) Chrome/32.0.1700.102 Safari/537.36" "-"
37.187.135.29 - - [20/Apr/2014:02:25:35 +0200] "GET /forum/4 HTTP/1.0" 200 23945 www.porygondex.com "http://www.porygondex.com/forum/4" "Mozilla/5.0 (Windows NT 6.1) AppleWebKit/537.36 (KHTML, like Gecko) Chrome/32.0.1700.102 Safari/537.36" "-"
37.187.135.29 - - [20/Apr/2014:02:25:53 +0200] "GET /node/56 HTTP/1.0" 200 16692 www.porygondex.com "http://www.porygondex.com/node/56" "Opera/9.80 (Windows NT 6.1; WOW64) Presto/2.12.388 Version/12.15" "-"
37.187.135.29 - - [20/Apr/2014:02:26:26 +0200] "GET /user HTTP/1.0" 200 9914 www.porygondex.com "http://www.porygondex.com/user" "Opera/9.80 (Windows NT 6.1; WOW64) Presto/2.12.388 Version/12.15" "-"
37.187.135.29 - - [20/Apr/2014:02:26:29 +0200] "POST /user HTTP/1.0" 200 10161 www.porygondex.com "http://www.porygondex.com/user" "Opera/9.80 (Windows NT 6.1; WOW64) Presto/2.12.388 Version/12.15" "-"
37.187.135.29 - - [20/Apr/2014:02:26:35 +0200] "GET /node/56 HTTP/1.0" 200 16692 www.porygondex.com "http://www.porygondex.com/node/56" "Mozilla/5.0 (Windows NT 6.3; WOW64; rv:26.0) Gecko/20100101 Firefox/26.0" "-"
37.187.135.29 - - [20/Apr/2014:02:26:36 +0200] "GET /user HTTP/1.0" 200 9914 www.porygondex.com "http://www.porygondex.com/user" "Mozilla/5.0 (Windows NT 6.3; WOW64; rv:26.0) Gecko/20100101 Firefox/26.0" "-"
37.187.135.29 - - [20/Apr/2014:02:26:37 +0200] "POST /user HTTP/1.0" 200 10153 www.porygondex.com "http://www.porygondex.com/user" "Mozilla/5.0 (Windows NT 6.3; WOW64; rv:26.0) Gecko/20100101 Firefox/26.0" "-"
192.157.235.84 - - [20/Apr/2014:02:26:37 +0200] "GET /node/56 HTTP/1.0" 200 16692 www.porygondex.com "http://www.porygondex.com/node/56" "Opera/9.80 (Windows NT 6.1; WOW64) Presto/2.12.388 Version/12.16" "-"
37.187.135.29 - - [20/Apr/2014:02:26:38 +0200] "GET /forum HTTP/1.0" 200 17656 www.porygondex.com "http://www.porygondex.com/forum" "Mozilla/5.0 (Windows NT 6.3; WOW64; rv:26.0) Gecko/20100101 Firefox/26.0" "-"
5.10.83.94 - - [20/Apr/2014:02:26:39 +0200] "GET /user/register?destination=node/166%23comment-form HTTP/1.1" 200 12474 www.porygondex.com "-" "Mozilla/5.0 (compatible; AhrefsBot/5.0; +http://ahrefs.com/robot/)" "-"
192.157.235.84 - - [20/Apr/2014:02:26:39 +0200] "GET /user HTTP/1.0" 200 9914 www.porygondex.com "http://www.porygondex.com/user" "Opera/9.80 (Windows NT 6.1; WOW64) Presto/2.12.388 Version/12.16" "-"
37.187.135.29 - - [20/Apr/2014:02:26:39 +0200] "GET /forum/1 HTTP/1.0" 200 15746 www.porygondex.com "http://www.porygondex.com/forum/1" "Mozilla/5.0 (Windows NT 6.3; WOW64; rv:26.0) Gecko/20100101 Firefox/26.0" "-"
192.157.235.84 - - [20/Apr/2014:02:26:40 +0200] "POST /user HTTP/1.0" 200 10167 www.porygondex.com "http://www.porygondex.com/user" "Opera/9.80 (Windows NT 6.1; WOW64) Presto/2.12.388 Version/12.16" "-"
192.157.235.84 - - [20/Apr/2014:02:26:40 +0200] "GET /user/password?name=carpinteyrowes HTTP/1.0" 200 9621 www.porygondex.com "http://www.porygondex.com/user/password?name=carpinteyrowes" "Opera/9.80 (Windows NT 6.1; WOW64) Presto/2.12.388 Version/12.16" "-"
37.187.135.29 - - [20/Apr/2014:02:26:40 +0200] "GET /forum/1 HTTP/1.0" 200 15746 www.porygondex.com "http://www.porygondex.com/forum/1" "Mozilla/5.0 (Windows NT 6.3; WOW64; rv:26.0) Gecko/20100101 Firefox/26.0" "-"
37.187.135.29 - - [20/Apr/2014:02:26:41 +0200] "GET /forum/4 HTTP/1.0" 200 23945 www.porygondex.com "http://www.porygondex.com/4" "Mozilla/5.0 (Windows NT 6.3; WOW64; rv:26.0) Gecko/20100101 Firefox/26.0" "-"
192.157.235.84 - - [20/Apr/2014:02:26:41 +0200] "POST /user/password?name=carpinteyrowes HTTP/1.0" 200 - www.porygondex.com "http://www.porygondex.com/user/password?name=carpinteyrowes" "Opera/9.80 (Windows NT 6.1; WOW64) Presto/2.12.388 Version/12.16" "-"
37.187.135.29 - - [20/Apr/2014:02:26:42 +0200] "GET /forum/4 HTTP/1.0" 200 23945 www.porygondex.com "http://www.porygondex.com/forum/4" "Mozilla/5.0 (Windows NT 6.3; WOW64; rv:26.0) Gecko/20100101 Firefox/26.0" "-"
37.187.135.29 - - [20/Apr/2014:02:26:42 +0200] "GET /forum HTTP/1.0" 200 17656 www.porygondex.com "http://www.porygondex.com/forum" "Opera/9.80 (Windows NT 6.1; WOW64) Presto/2.12.388 Version/12.15" "-"
192.157.235.84 - - [20/Apr/2014:02:26:43 +0200] "GET / HTTP/1.0" 200 38298 www.porygondex.com "http://www.porygondex.com/" "Opera/9.80 (Windows NT 6.1; WOW64) Presto/2.12.388 Version/12.16" "-"
192.157.235.84 - - [20/Apr/2014:02:26:45 +0200] "GET /node/56 HTTP/1.0" 200 16692 www.porygondex.com "http://www.porygondex.com/node/56" "Opera/9.80 (Windows NT 6.1; WOW64) Presto/2.12.388 Version/12.16" "-"
192.157.235.84 - - [20/Apr/2014:02:26:47 +0200] "GET /node/773 HTTP/1.0" 200 16466 www.porygondex.com "http://www.porygondex.com/773" "Opera/9.80 (Windows NT 6.1; WOW64) Presto/2.12.388 Version/12.16" "-"
192.157.235.84 - - [20/Apr/2014:02:26:49 +0200] "GET /node/772 HTTP/1.0" 200 16528 www.porygondex.com "http://www.porygondex.com/772" "Opera/9.80 (Windows NT 6.1; WOW64) Presto/2.12.388 Version/12.16" "-"
192.157.235.84 - - [20/Apr/2014:02:26:50 +0200] "GET /node/771 HTTP/1.0" 200 16287 www.porygondex.com "http://www.porygondex.com/771" "Opera/9.80 (Windows NT 6.1; WOW64) Presto/2.12.388 Version/12.16" "-"
192.157.235.84 - - [20/Apr/2014:02:26:52 +0200] "GET /node/770 HTTP/1.0" 200 17002 www.porygondex.com "http://www.porygondex.com/770" "Opera/9.80 (Windows NT 6.1; WOW64) Presto/2.12.388 Version/12.16" "-"
37.187.135.29 - - [20/Apr/2014:02:26:56 +0200] "GET /forum/1 HTTP/1.0" 200 15746 www.porygondex.com "http://www.porygondex.com/forum/1" "Opera/9.80 (Windows NT 6.1; WOW64) Presto/2.12.388 Version/12.15" "-"
192.157.235.84 - - [20/Apr/2014:02:27:13 +0200] "GET /node/769 HTTP/1.0" 200 16515 www.porygondex.com "http://www.porygondex.com/769" "Opera/9.80 (Windows NT 6.1; WOW64) Presto/2.12.388 Version/12.16" "-"
192.157.235.84 - - [20/Apr/2014:02:27:14 +0200] "GET /node/768 HTTP/1.0" 200 16811 www.porygondex.com "http://www.porygondex.com/768" "Opera/9.80 (Windows NT 6.1; WOW64) Presto/2.12.388 Version/12.16" "-"
192.99.7.177 - - [20/Apr/2014:02:27:14 +0200] "GET /node/user/password?name=ramatfrzn HTTP/1.0" 200 7853 www.porygondex.com "http://www.porygondex.com/node/user/password?name=ramatfrzn" "Mozilla/5.0 (Windows NT 6.1) AppleWebKit/537.36 (KHTML, like Gecko) Chrome/33.0.1750.146 Safari/537.36" "-"
192.157.235.84 - - [20/Apr/2014:02:27:15 +0200] "GET /node/767 HTTP/1.0" 200 16337 www.porygondex.com "http://www.porygondex.com/767" "Opera/9.80 (Windows NT 6.1; WOW64) Presto/2.12.388 Version/12.16" "-"
192.99.7.177 - - [20/Apr/2014:02:27:16 +0200] "GET / HTTP/1.0" 200 38129 www.porygondex.com "http://www.porygondex.com/" "Mozilla/5.0 (Windows NT 6.1) AppleWebKit/537.36 (KHTML, like Gecko) Chrome/33.0.1750.146 Safari/537.36" "-"
192.157.235.84 - - [20/Apr/2014:02:27:17 +0200] "GET /node/766 HTTP/1.0" 200 17013 www.porygondex.com "http://www.porygondex.com/766" "Opera/9.80 (Windows NT 6.1; WOW64) Presto/2.12.388 Version/12.16" "-"
192.157.235.84 - - [20/Apr/2014:02:27:19 +0200] "GET /node/765 HTTP/1.0" 200 16558 www.porygondex.com "http://www.porygondex.com/765" "Opera/9.80 (Windows NT 6.1; WOW64) Presto/2.12.388 Version/12.16" "-"
192.157.235.84 - - [20/Apr/2014:02:27:20 +0200] "GET /node/764 HTTP/1.0" 200 17028 www.porygondex.com "http://www.porygondex.com/764" "Opera/9.80 (Windows NT 6.1; WOW64) Presto/2.12.388 Version/12.16" "-"
192.157.235.84 - - [20/Apr/2014:02:27:23 +0200] "GET /forum HTTP/1.0" 200 17656 www.porygondex.com "http://www.porygondex.com/forum" "Opera/9.80 (Windows NT 6.1; WOW64) Presto/2.12.388 Version/12.16" "-"
192.157.235.84 - - [20/Apr/2014:02:27:25 +0200] "GET /forum/1 HTTP/1.0" 200 15746 www.porygondex.com "http://www.porygondex.com/forum/1" "Opera/9.80 (Windows NT 6.1; WOW64) Presto/2.12.388 Version/12.16" "-"
192.157.235.84 - - [20/Apr/2014:02:27:28 +0200] "GET /forum/1 HTTP/1.0" 200 15746 www.porygondex.com "http://www.porygondex.com/forum/1" "Opera/9.80 (Windows NT 6.1; WOW64) Presto/2.12.388 Version/12.16" "-"
37.187.135.29 - - [20/Apr/2014:02:27:29 +0200] "GET /forum/1 HTTP/1.0" 200 15746 www.porygondex.com "http://www.porygondex.com/forum/1" "Opera/9.80 (Windows NT 6.1; WOW64) Presto/2.12.388 Version/12.15" "-"
192.157.235.165 - - [20/Apr/2014:02:27:33 +0200] "GET /node/56 HTTP/1.0" 200 16692 www.porygondex.com "http://www.porygondex.com/node/56" "Mozilla/5.0 (Windows NT 5.1) AppleWebKit/537.36 (KHTML, like Gecko) Chrome/33.0.1750.117 Safari/537.36" "-"
192.157.235.165 - - [20/Apr/2014:02:27:35 +0200] "GET /user HTTP/1.0" 200 9914 www.porygondex.com "http://www.porygondex.com/user" "Mozilla/5.0 (Windows NT 5.1) AppleWebKit/537.36 (KHTML, like Gecko) Chrome/33.0.1750.117 Safari/537.36" "-"
192.157.235.165 - - [20/Apr/2014:02:27:36 +0200] "POST /user HTTP/1.0" 200 10169 www.porygondex.com "http://www.porygondex.com/user" "Mozilla/5.0 (Windows NT 5.1) AppleWebKit/537.36 (KHTML, like Gecko) Chrome/33.0.1750.117 Safari/537.36" "-"
192.157.235.165 - - [20/Apr/2014:02:27:38 +0200] "GET /node/56 HTTP/1.0" 200 16692 www.porygondex.com "http://www.porygondex.com/node/56" "Mozilla/5.0 (Windows NT 6.1; WOW64; rv:27.0) Gecko/20100101 Firefox/27.0" "-"
192.157.235.165 - - [20/Apr/2014:02:27:38 +0200] "GET /forum HTTP/1.0" 200 17656 www.porygondex.com "http://www.porygondex.com/forum" "Mozilla/5.0 (Windows NT 5.1) AppleWebKit/537.36 (KHTML, like Gecko) Chrome/33.0.1750.117 Safari/537.36" "-"
192.157.235.165 - - [20/Apr/2014:02:27:40 +0200] "GET /user HTTP/1.0" 200 9914 www.porygondex.com "http://www.porygondex.com/user" "Mozilla/5.0 (Windows NT 6.1; WOW64; rv:27.0) Gecko/20100101 Firefox/27.0" "-"
192.157.235.165 - - [20/Apr/2014:02:27:41 +0200] "POST /user HTTP/1.0" 200 10169 www.porygondex.com "http://www.porygondex.com/user" "Mozilla/5.0 (Windows NT 6.1; WOW64; rv:27.0) Gecko/20100101 Firefox/27.0" "-"
192.157.235.165 - - [20/Apr/2014:02:27:41 +0200] "GET /forum/1 HTTP/1.0" 200 15746 www.porygondex.com "http://www.porygondex.com/forum/1" "Mozilla/5.0 (Windows NT 5.1) AppleWebKit/537.36 (KHTML, like Gecko) Chrome/33.0.1750.117 Safari/537.36" "-"
192.157.235.165 - - [20/Apr/2014:02:27:42 +0200] "GET /forum HTTP/1.0" 200 17656 www.porygondex.com "http://www.porygondex.com/forum" "Mozilla/5.0 (Windows NT 6.1; WOW64; rv:27.0) Gecko/20100101 Firefox/27.0" "-"
192.157.235.165 - - [20/Apr/2014:02:27:43 +0200] "GET /forum/1 HTTP/1.0" 200 15746 www.porygondex.com "http://www.porygondex.com/forum/1" "Mozilla/5.0 (Windows NT 5.1) AppleWebKit/537.36 (KHTML, like Gecko) Chrome/33.0.1750.117 Safari/537.36" "-"
37.187.135.29 - - [20/Apr/2014:02:27:44 +0200] "GET /forum/4 HTTP/1.0" 200 23945 www.porygondex.com "http://www.porygondex.com/4" "Opera/9.80 (Windows NT 6.1; WOW64) Presto/2.12.388 Version/12.15" "-"
192.157.235.165 - - [20/Apr/2014:02:27:44 +0200] "GET /forum/1 HTTP/1.0" 200 15746 www.porygondex.com "http://www.porygondex.com/forum/1" "Mozilla/5.0 (Windows NT 6.1; WOW64; rv:27.0) Gecko/20100101 Firefox/27.0" "-"
192.157.235.165 - - [20/Apr/2014:02:27:45 +0200] "GET /forum/4 HTTP/1.0" 200 23945 www.porygondex.com "http://www.porygondex.com/4" "Mozilla/5.0 (Windows NT 5.1) AppleWebKit/537.36 (KHTML, like Gecko) Chrome/33.0.1750.117 Safari/537.36" "-"
192.157.235.165 - - [20/Apr/2014:02:27:46 +0200] "GET /forum/1 HTTP/1.0" 200 15746 www.porygondex.com "http://www.porygondex.com/forum/1" "Mozilla/5.0 (Windows NT 6.1; WOW64; rv:27.0) Gecko/20100101 Firefox/27.0" "-"
192.157.235.165 - - [20/Apr/2014:02:27:47 +0200] "GET /forum/4 HTTP/1.0" 200 23945 www.porygondex.com "http://www.porygondex.com/forum/4" "Mozilla/5.0 (Windows NT 5.1) AppleWebKit/537.36 (KHTML, like Gecko) Chrome/33.0.1750.117 Safari/537.36" "-"
192.157.235.165 - - [20/Apr/2014:02:27:48 +0200] "GET /forum/4 HTTP/1.0" 200 23945 www.porygondex.com "http://www.porygondex.com/4" "Mozilla/5.0 (Windows NT 6.1; WOW64; rv:27.0) Gecko/20100101 Firefox/27.0" "-"
192.157.235.165 - - [20/Apr/2014:02:27:49 +0200] "GET /node/701 HTTP/1.0" 200 19000 www.porygondex.com "http://www.porygondex.com/node/701" "Mozilla/5.0 (Windows NT 5.1) AppleWebKit/537.36 (KHTML, like Gecko) Chrome/33.0.1750.117 Safari/537.36" "-"
188.165.223.222 - - [20/Apr/2014:02:27:49 +0200] "GET /node/56 HTTP/1.0" 200 16692 www.porygondex.com "http://www.porygondex.com/node/56" "Mozilla/5.0 (Windows NT 6.1) AppleWebKit/537.36 (KHTML, like Gecko) Chrome/30.0.1599.13014 YaBrowser/13.12.1599.13014 Safari/537.36" "-"
192.157.235.165 - - [20/Apr/2014:02:27:50 +0200] "GET /forum/4 HTTP/1.0" 200 23945 www.porygondex.com "http://www.porygondex.com/forum/4" "Mozilla/5.0 (Windows NT 6.1; WOW64; rv:27.0) Gecko/20100101 Firefox/27.0" "-"
192.157.235.165 - - [20/Apr/2014:02:27:51 +0200] "GET /node/701 HTTP/1.0" 200 19000 www.porygondex.com "http://www.porygondex.com/node/701" "Mozilla/5.0 (Windows NT 6.1; WOW64; rv:27.0) Gecko/20100101 Firefox/27.0" "-"
37.187.135.29 - - [20/Apr/2014:02:28:02 +0200] "GET /forum/4 HTTP/1.0" 200 23945 www.porygondex.com "http://www.porygondex.com/forum/4" "Opera/9.80 (Windows NT 6.1; WOW64) Presto/2.12.388 Version/12.15" "-"
192.99.7.177 - - [20/Apr/2014:02:28:06 +0200] "GET /user/login?destination=node/767%23comment-form HTTP/1.0" 200 9984 www.porygondex.com "http://www.porygondex.com/user/login?destination=node/767%23comment-form" "Mozilla/5.0 (Windows NT 6.1) AppleWebKit/537.36 (KHTML, like Gecko) Chrome/33.0.1750.146 Safari/537.36" "-"
192.99.7.177 - - [20/Apr/2014:02:28:10 +0200] "POST /user/login?destination=node/767%23comment-form HTTP/1.0" 200 10229 www.porygondex.com "http://www.porygondex.com/user/login?destination=node/767%23comment-form" "Mozilla/5.0 (Windows NT 6.1) AppleWebKit/537.36 (KHTML, like Gecko) Chrome/33.0.1750.146 Safari/537.36" "-"
188.165.223.222 - - [20/Apr/2014:02:28:27 +0200] "GET /user HTTP/1.0" 200 9914 www.porygondex.com "http://www.porygondex.com/user" "Mozilla/5.0 (Windows NT 6.1) AppleWebKit/537.36 (KHTML, like Gecko) Chrome/30.0.1599.13014 YaBrowser/13.12.1599.13014 Safari/537.36" "-"
188.165.223.222 - - [20/Apr/2014:02:28:32 +0200] "POST /user HTTP/1.0" 200 10167 www.porygondex.com "http://www.porygondex.com/user" "Mozilla/5.0 (Windows NT 6.1) AppleWebKit/537.36 (KHTML, like Gecko) Chrome/30.0.1599.13014 YaBrowser/13.12.1599.13014 Safari/537.36" "-"
192.99.7.177 - - [20/Apr/2014:02:28:39 +0200] "GET /node/773 HTTP/1.0" 200 16466 www.porygondex.com "http://www.porygondex.com/node/773" "Mozilla/5.0 (Windows NT 6.1) AppleWebKit/537.36 (KHTML, like Gecko) Chrome/33.0.1750.146 Safari/537.36" "-"
188.165.223.222 - - [20/Apr/2014:02:28:50 +0200] "GET /forum HTTP/1.0" 200 17656 www.porygondex.com "http://www.porygondex.com/forum" "Mozilla/5.0 (Windows NT 6.1) AppleWebKit/537.36 (KHTML, like Gecko) Chrome/30.0.1599.13014 YaBrowser/13.12.1599.13014 Safari/537.36" "-"
192.99.7.177 - - [20/Apr/2014:02:28:52 +0200] "GET /node/772 HTTP/1.0" 200 16528 www.porygondex.com "http://www.porygondex.com/772" "Mozilla/5.0 (Windows NT 6.1) AppleWebKit/537.36 (KHTML, like Gecko) Chrome/33.0.1750.146 Safari/537.36" "-"
192.99.7.177 - - [20/Apr/2014:02:28:54 +0200] "GET /node/771 HTTP/1.0" 200 16287 www.porygondex.com "http://www.porygondex.com/771" "Mozilla/5.0 (Windows NT 6.1) AppleWebKit/537.36 (KHTML, like Gecko) Chrome/33.0.1750.146 Safari/537.36" "-"
192.99.7.177 - - [20/Apr/2014:02:28:58 +0200] "GET /node/770 HTTP/1.0" 200 17002 www.porygondex.com "http://www.porygondex.com/770" "Mozilla/5.0 (Windows NT 6.1) AppleWebKit/537.36 (KHTML, like Gecko) Chrome/33.0.1750.146 Safari/537.36" "-"
192.99.7.177 - - [20/Apr/2014:02:29:01 +0200] "GET /node/769 HTTP/1.0" 200 16515 www.porygondex.com "http://www.porygondex.com/769" "Mozilla/5.0 (Windows NT 6.1) AppleWebKit/537.36 (KHTML, like Gecko) Chrome/33.0.1750.146 Safari/537.36" "-"
188.165.223.222 - - [20/Apr/2014:02:29:11 +0200] "GET /forum/1 HTTP/1.0" 200 15746 www.porygondex.com "http://www.porygondex.com/forum/1" "Mozilla/5.0 (Windows NT 6.1) AppleWebKit/537.36 (KHTML, like Gecko) Chrome/30.0.1599.13014 YaBrowser/13.12.1599.13014 Safari/537.36" "-"
192.99.7.177 - - [20/Apr/2014:02:29:11 +0200] "GET /node/768 HTTP/1.0" 200 16811 www.porygondex.com "http://www.porygondex.com/768" "Mozilla/5.0 (Windows NT 6.1) AppleWebKit/537.36 (KHTML, like Gecko) Chrome/33.0.1750.146 Safari/537.36" "-"
192.99.7.177 - - [20/Apr/2014:02:29:21 +0200] "GET /forum HTTP/1.0" 200 17656 www.porygondex.com "http://www.porygondex.com/forum" "Mozilla/5.0 (Windows NT 6.1) AppleWebKit/537.36 (KHTML, like Gecko) Chrome/33.0.1750.146 Safari/537.36" "-"
37.187.135.29 - - [20/Apr/2014:02:29:29 +0200] "GET /node/56 HTTP/1.0" 200 16692 www.porygondex.com "http://www.porygondex.com/node/56" "Mozilla/5.0 (Windows NT 6.1; WOW64) AppleWebKit/537.36 (KHTML, like Gecko) Chrome/31.0.1650.63 Safari/537.36 OPR/18.0.1284.68" "-"
66.249.73.218 - - [20/Apr/2014:02:29:30 +0200] "GET /node/660 HTTP/1.1" 200 16718 www.porygondex.com "-" "Mozilla/5.0 (compatible; Googlebot/2.1; +http://www.google.com/bot.html)" "-"
37.187.135.29 - - [20/Apr/2014:02:29:30 +0200] "GET /user HTTP/1.0" 200 9914 www.porygondex.com "http://www.porygondex.com/user" "Mozilla/5.0 (Windows NT 6.1; WOW64) AppleWebKit/537.36 (KHTML, like Gecko) Chrome/31.0.1650.63 Safari/537.36 OPR/18.0.1284.68" "-"
37.187.135.29 - - [20/Apr/2014:02:29:30 +0200] "POST /user HTTP/1.0" 200 10167 www.porygondex.com "http://www.porygondex.com/user" "Mozilla/5.0 (Windows NT 6.1; WOW64) AppleWebKit/537.36 (KHTML, like Gecko) Chrome/31.0.1650.63 Safari/537.36 OPR/18.0.1284.68" "-"
188.165.223.222 - - [20/Apr/2014:02:29:31 +0200] "GET /forum/1 HTTP/1.0" 200 15746 www.porygondex.com "http://www.porygondex.com/forum/1" "Mozilla/5.0 (Windows NT 6.1) AppleWebKit/537.36 (KHTML, like Gecko) Chrome/30.0.1599.13014 YaBrowser/13.12.1599.13014 Safari/537.36" "-"
37.187.135.29 - - [20/Apr/2014:02:29:31 +0200] "GET /forum HTTP/1.0" 200 17656 www.porygondex.com "http://www.porygondex.com/forum" "Mozilla/5.0 (Windows NT 6.1; WOW64) AppleWebKit/537.36 (KHTML, like Gecko) Chrome/31.0.1650.63 Safari/537.36 OPR/18.0.1284.68" "-"
37.187.135.29 - - [20/Apr/2014:02:29:32 +0200] "GET /forum/1 HTTP/1.0" 200 15746 www.porygondex.com "http://www.porygondex.com/forum/1" "Mozilla/5.0 (Windows NT 6.1; WOW64) AppleWebKit/537.36 (KHTML, like Gecko) Chrome/31.0.1650.63 Safari/537.36 OPR/18.0.1284.68" "-"
37.187.135.29 - - [20/Apr/2014:02:29:33 +0200] "GET /forum/1 HTTP/1.0" 200 15746 www.porygondex.com "http://www.porygondex.com/forum/1" "Mozilla/5.0 (Windows NT 6.1; WOW64) AppleWebKit/537.36 (KHTML, like Gecko) Chrome/31.0.1650.63 Safari/537.36 OPR/18.0.1284.68" "-"
192.99.7.177 - - [20/Apr/2014:02:29:34 +0200] "GET /forum/1 HTTP/1.0" 200 15746 www.porygondex.com "http://www.porygondex.com/forum/1" "Mozilla/5.0 (Windows NT 6.1) AppleWebKit/537.36 (KHTML, like Gecko) Chrome/33.0.1750.146 Safari/537.36" "-"
37.187.135.29 - - [20/Apr/2014:02:29:34 +0200] "GET /forum/4 HTTP/1.0" 200 23945 www.porygondex.com "http://www.porygondex.com/4" "Mozilla/5.0 (Windows NT 6.1; WOW64) AppleWebKit/537.36 (KHTML, like Gecko) Chrome/31.0.1650.63 Safari/537.36 OPR/18.0.1284.68" "-"
37.187.135.29 - - [20/Apr/2014:02:29:35 +0200] "GET /forum/4 HTTP/1.0" 200 23945 www.porygondex.com "http://www.porygondex.com/forum/4" "Mozilla/5.0 (Windows NT 6.1; WOW64) AppleWebKit/537.36 (KHTML, like Gecko) Chrome/31.0.1650.63 Safari/537.36 OPR/18.0.1284.68" "-"
192.99.7.177 - - [20/Apr/2014:02:29:50 +0200] "GET /forum/1 HTTP/1.0" 200 15746 www.porygondex.com "http://www.porygondex.com/forum/1" "Mozilla/5.0 (Windows NT 6.1) AppleWebKit/537.36 (KHTML, like Gecko) Chrome/33.0.1750.146 Safari/537.36" "-"
188.165.223.222 - - [20/Apr/2014:02:29:54 +0200] "GET /forum/4 HTTP/1.0" 200 23945 www.porygondex.com "http://www.porygondex.com/4" "Mozilla/5.0 (Windows NT 6.1) AppleWebKit/537.36 (KHTML, like Gecko) Chrome/30.0.1599.13014 YaBrowser/13.12.1599.13014 Safari/537.36" "-"
172.246.129.115 - - [20/Apr/2014:02:29:56 +0200] "GET /node/56 HTTP/1.0" 200 16692 www.porygondex.com "http://www.porygondex.com/node/56" "Mozilla/5.0 (Windows NT 6.2; WOW64) AppleWebKit/537.36 (KHTML, like Gecko) Chrome/32.0.1700.76 Safari/537.36" "-"
192.99.7.177 - - [20/Apr/2014:02:30:03 +0200] "GET /node/764 HTTP/1.0" 200 17028 www.porygondex.com "http://www.porygondex.com/node/764" "Mozilla/5.0 (Windows NT 6.1) AppleWebKit/537.36 (KHTML, like Gecko) Chrome/33.0.1750.146 Safari/537.36" "-"
172.246.129.115 - - [20/Apr/2014:02:30:19 +0200] "GET /user HTTP/1.0" 200 9914 www.porygondex.com "http://www.porygondex.com/user" "Mozilla/5.0 (Windows NT 6.2; WOW64) AppleWebKit/537.36 (KHTML, like Gecko) Chrome/32.0.1700.76 Safari/537.36" "-"
172.246.129.115 - - [20/Apr/2014:02:30:21 +0200] "POST /user HTTP/1.0" 200 10157 www.porygondex.com "http://www.porygondex.com/user" "Mozilla/5.0 (Windows NT 6.2; WOW64) AppleWebKit/537.36 (KHTML, like Gecko) Chrome/32.0.1700.76 Safari/537.36" "-"
188.165.223.222 - - [20/Apr/2014:02:30:21 +0200] "GET /forum/4 HTTP/1.0" 200 23945 www.porygondex.com "http://www.porygondex.com/forum/4" "Mozilla/5.0 (Windows NT 6.1) AppleWebKit/537.36 (KHTML, like Gecko) Chrome/30.0.1599.13014 YaBrowser/13.12.1599.13014 Safari/537.36" "-"
172.246.129.115 - - [20/Apr/2014:02:30:30 +0200] "GET /forum HTTP/1.0" 200 17656 www.porygondex.com "http://www.porygondex.com/forum" "Mozilla/5.0 (Windows NT 6.2; WOW64) AppleWebKit/537.36 (KHTML, like Gecko) Chrome/32.0.1700.76 Safari/537.36" "-"
180.76.6.149 - - [20/Apr/2014:02:30:38 +0200] "GET /?q=node/33 HTTP/1.1" 200 16921 www.porygondex.com "-" "Mozilla/5.0 (compatible; Baiduspider/2.0; +http://www.baidu.com/search/spider.html)" "-"
172.246.129.115 - - [20/Apr/2014:02:30:40 +0200] "GET /forum/1 HTTP/1.0" 200 15746 www.porygondex.com "http://www.porygondex.com/forum/1" "Mozilla/5.0 (Windows NT 6.2; WOW64) AppleWebKit/537.36 (KHTML, like Gecko) Chrome/32.0.1700.76 Safari/537.36" "-"
46.246.17.161 - - [20/Apr/2014:02:30:50 +0200] "GET /node/ HTTP/1.0" 200 243 porygondex.com "http://porygondex.com/node/" "Opera/9.80 (Windows NT 6.1; Win64; x64) Presto/2.12.388 Version/12.16" "-"
46.246.17.161 - - [20/Apr/2014:02:30:50 +0200] "GET /index.php HTTP/1.0" 200 38138 www.porygondex.com "http://www.porygondex.com/index.php" "Opera/9.80 (Windows NT 6.1; Win64; x64) Presto/2.12.388 Version/12.16" "-"
46.246.17.161 - - [20/Apr/2014:02:30:52 +0200] "GET /user/login?destination=node/767%23comment-form HTTP/1.0" 200 9984 www.porygondex.com "http://www.porygondex.com/user/login?destination=node/767%23comment-form" "Opera/9.80 (Windows NT 6.1; Win64; x64) Presto/2.12.388 Version/12.16" "-"
172.246.129.115 - - [20/Apr/2014:02:30:52 +0200] "GET /forum/1 HTTP/1.0" 200 15746 www.porygondex.com "http://www.porygondex.com/forum/1" "Mozilla/5.0 (Windows NT 6.2; WOW64) AppleWebKit/537.36 (KHTML, like Gecko) Chrome/32.0.1700.76 Safari/537.36" "-"
46.246.17.161 - - [20/Apr/2014:02:30:54 +0200] "POST /user/login?destination=node/767%23comment-form HTTP/1.0" 200 10227 www.porygondex.com "http://www.porygondex.com/user/login?destination=node/767%23comment-form" "Opera/9.80 (Windows NT 6.1; Win64; x64) Presto/2.12.388 Version/12.16" "-"
46.246.17.161 - - [20/Apr/2014:02:30:55 +0200] "GET /user/password?name=Stanleykl HTTP/1.0" 200 9611 www.porygondex.com "http://www.porygondex.com/password?name=Stanleykl" "Opera/9.80 (Windows NT 6.1; Win64; x64) Presto/2.12.388 Version/12.16" "-"
46.246.17.161 - - [20/Apr/2014:02:30:56 +0200] "POST /user/password?name=Stanleykl HTTP/1.0" 200 - www.porygondex.com "http://www.porygondex.com/user/password?name=Stanleykl" "Opera/9.80 (Windows NT 6.1; Win64; x64) Presto/2.12.388 Version/12.16" "-"
172.246.129.115 - - [20/Apr/2014:02:31:05 +0200] "GET /forum/4 HTTP/1.0" 200 23945 www.porygondex.com "http://www.porygondex.com/4" "Mozilla/5.0 (Windows NT 6.2; WOW64) AppleWebKit/537.36 (KHTML, like Gecko) Chrome/32.0.1700.76 Safari/537.36" "-"
46.246.17.161 - - [20/Apr/2014:02:31:07 +0200] "GET / HTTP/1.0" 200 38298 www.porygondex.com "http://www.porygondex.com/" "Opera/9.80 (Windows NT 6.1; Win64; x64) Presto/2.12.388 Version/12.16" "-"
46.246.17.161 - - [20/Apr/2014:02:31:09 +0200] "GET /node/ HTTP/1.0" 200 243 porygondex.com "http://porygondex.com/node/" "Opera/9.80 (Windows NT 6.1; Win64; x64) Presto/2.12.388 Version/12.16" "-"
46.246.17.161 - - [20/Apr/2014:02:31:09 +0200] "GET /node/773 HTTP/1.0" 200 16466 www.porygondex.com "http://www.porygondex.com/773" "Opera/9.80 (Windows NT 6.1; Win64; x64) Presto/2.12.388 Version/12.16" "-"
46.246.17.161 - - [20/Apr/2014:02:31:10 +0200] "GET /node/772 HTTP/1.0" 200 16528 www.porygondex.com "http://www.porygondex.com/772" "Opera/9.80 (Windows NT 6.1; Win64; x64) Presto/2.12.388 Version/12.16" "-"
46.246.17.161 - - [20/Apr/2014:02:31:10 +0200] "GET /node/771 HTTP/1.0" 200 16287 www.porygondex.com "http://www.porygondex.com/771" "Opera/9.80 (Windows NT 6.1; Win64; x64) Presto/2.12.388 Version/12.16" "-"
46.246.17.161 - - [20/Apr/2014:02:31:11 +0200] "GET /node/770 HTTP/1.0" 200 17002 www.porygondex.com "http://www.porygondex.com/770" "Opera/9.80 (Windows NT 6.1; Win64; x64) Presto/2.12.388 Version/12.16" "-"
46.246.17.161 - - [20/Apr/2014:02:31:13 +0200] "GET /node/769 HTTP/1.0" 200 16515 www.porygondex.com "http://www.porygondex.com/769" "Opera/9.80 (Windows NT 6.1; Win64; x64) Presto/2.12.388 Version/12.16" "-"
46.246.17.161 - - [20/Apr/2014:02:31:14 +0200] "GET /node/768 HTTP/1.0" 200 16811 www.porygondex.com "http://www.porygondex.com/768" "Opera/9.80 (Windows NT 6.1; Win64; x64) Presto/2.12.388 Version/12.16" "-"
46.246.17.161 - - [20/Apr/2014:02:31:15 +0200] "GET /forum HTTP/1.0" 200 17656 www.porygondex.com "http://www.porygondex.com/forum" "Opera/9.80 (Windows NT 6.1; Win64; x64) Presto/2.12.388 Version/12.16" "-"
46.246.17.161 - - [20/Apr/2014:02:31:16 +0200] "GET /forum/1 HTTP/1.0" 200 15746 www.porygondex.com "http://www.porygondex.com/forum/1" "Opera/9.80 (Windows NT 6.1; Win64; x64) Presto/2.12.388 Version/12.16" "-"
46.246.17.161 - - [20/Apr/2014:02:31:17 +0200] "GET /forum/1 HTTP/1.0" 200 15746 www.porygondex.com "http://www.porygondex.com/forum/1" "Opera/9.80 (Windows NT 6.1; Win64; x64) Presto/2.12.388 Version/12.16" "-"
46.246.17.161 - - [20/Apr/2014:02:31:17 +0200] "GET /node/764 HTTP/1.0" 200 17028 www.porygondex.com "http://www.porygondex.com/node/764" "Opera/9.80 (Windows NT 6.1; Win64; x64) Presto/2.12.388 Version/12.16" "-"
46.246.17.161 - - [20/Apr/2014:02:31:19 +0200] "GET /node/index.php HTTP/1.0" 200 7814 www.porygondex.com "http://www.porygondex.com/index.php" "Opera/9.80 (Windows NT 6.1; Win64; x64) Presto/2.12.388 Version/12.16" "-"
172.246.129.115 - - [20/Apr/2014:02:31:20 +0200] "GET /forum/4 HTTP/1.0" 200 23945 www.porygondex.com "http://www.porygondex.com/forum/4" "Mozilla/5.0 (Windows NT 6.2; WOW64) AppleWebKit/537.36 (KHTML, like Gecko) Chrome/32.0.1700.76 Safari/537.36" "-"
46.246.17.161 - - [20/Apr/2014:02:31:20 +0200] "GET /index.php HTTP/1.0" 200 38138 www.porygondex.com "http://www.porygondex.com/index.php" "Opera/9.80 (Windows NT 6.1; Win64; x64) Presto/2.12.388 Version/12.16" "-"
46.246.17.161 - - [20/Apr/2014:02:31:21 +0200] "GET /node/766 HTTP/1.0" 200 17013 www.porygondex.com "http://www.porygondex.com/node/766" "Opera/9.80 (Windows NT 6.1; Win64; x64) Presto/2.12.388 Version/12.16" "-"
